[2022-06-03T13:05:52.077-0300][gc] Using G1
[2022-06-03T13:05:52.081-0300][gc,init] Version: 17.0.3+7-Ubuntu-0ubuntu0.22.04.1 (release)
[2022-06-03T13:05:52.081-0300][gc,init] CPUs: 8 total, 8 available
[2022-06-03T13:05:52.081-0300][gc,init] Memory: 11106M
[2022-06-03T13:05:52.081-0300][gc,init] Large Page Support: Disabled
[2022-06-03T13:05:52.081-0300][gc,init] NUMA Support: Disabled
[2022-06-03T13:05:52.081-0300][gc,init] Compressed Oops: Enabled (32-bit)
[2022-06-03T13:05:52.081-0300][gc,init] Heap Region Size: 1M
[2022-06-03T13:05:52.081-0300][gc,init] Heap Min Capacity: 1G
[2022-06-03T13:05:52.081-0300][gc,init] Heap Initial Capacity: 1G
[2022-06-03T13:05:52.081-0300][gc,init] Heap Max Capacity: 1G
[2022-06-03T13:05:52.081-0300][gc,init] Pre-touch: Disabled
[2022-06-03T13:05:52.081-0300][gc,init] Parallel Workers: 8
[2022-06-03T13:05:52.081-0300][gc,init] Concurrent Workers: 2
[2022-06-03T13:05:52.081-0300][gc,init] Concurrent Refinement Workers: 8
[2022-06-03T13:05:52.081-0300][gc,init] Periodic GC: Disabled
[2022-06-03T13:05:52.081-0300][gc,metaspace] CDS archive(s) mapped at: [0x0000000800000000-0x0000000800be0000-0x0000000800be0000), size 12451840, SharedBaseAddress: 0x0000000800000000, ArchiveRelocationMode: 0.
[2022-06-03T13:05:52.081-0300][gc,metaspace] Compressed class space mapped at: 0x0000000800c00000-0x0000000840c00000, reserved size: 1073741824
[2022-06-03T13:05:52.081-0300][gc,metaspace] Narrow klass base: 0x0000000800000000, Narrow klass shift: 0, Narrow klass range: 0x100000000
[2022-06-03T13:05:52.857-0300][gc,start    ] GC(0) Pause Young (Normal) (G1 Evacuation Pause)
[2022-06-03T13:05:52.857-0300][gc,task     ] GC(0) Using 8 workers of 8 for evacuation
[2022-06-03T13:05:52.861-0300][gc,phases   ] GC(0)   Pre Evacuate Collection Set: 0,1ms
[2022-06-03T13:05:52.861-0300][gc,phases   ] GC(0)   Merge Heap Roots: 0,0ms
[2022-06-03T13:05:52.861-0300][gc,phases   ] GC(0)   Evacuate Collection Set: 2,9ms
[2022-06-03T13:05:52.861-0300][gc,phases   ] GC(0)   Post Evacuate Collection Set: 0,4ms
[2022-06-03T13:05:52.861-0300][gc,phases   ] GC(0)   Other: 0,7ms
[2022-06-03T13:05:52.861-0300][gc,heap     ] GC(0) Eden regions: 51->0(44)
[2022-06-03T13:05:52.861-0300][gc,heap     ] GC(0) Survivor regions: 0->7(7)
[2022-06-03T13:05:52.861-0300][gc,heap     ] GC(0) Old regions: 0->1
[2022-06-03T13:05:52.861-0300][gc,heap     ] GC(0) Archive regions: 2->2
[2022-06-03T13:05:52.861-0300][gc,heap     ] GC(0) Humongous regions: 0->0
[2022-06-03T13:05:52.861-0300][gc,metaspace] GC(0) Metaspace: 19688K(19904K)->19688K(19904K) NonClass: 17067K(17216K)->17067K(17216K) Class: 2620K(2688K)->2620K(2688K)
[2022-06-03T13:05:52.861-0300][gc          ] GC(0) Pause Young (Normal) (G1 Evacuation Pause) 51M->8M(1024M) 4,187ms
[2022-06-03T13:05:52.861-0300][gc,cpu      ] GC(0) User=0,01s Sys=0,01s Real=0,00s
[2022-06-03T13:05:52.957-0300][gc,start    ] GC(1) Pause Young (Concurrent Start) (Metadata GC Threshold)
[2022-06-03T13:05:52.957-0300][gc,task     ] GC(1) Using 8 workers of 8 for evacuation
[2022-06-03T13:05:52.963-0300][gc,phases   ] GC(1)   Pre Evacuate Collection Set: 0,1ms
[2022-06-03T13:05:52.963-0300][gc,phases   ] GC(1)   Merge Heap Roots: 0,1ms
[2022-06-03T13:05:52.963-0300][gc,phases   ] GC(1)   Evacuate Collection Set: 4,6ms
[2022-06-03T13:05:52.963-0300][gc,phases   ] GC(1)   Post Evacuate Collection Set: 0,6ms
[2022-06-03T13:05:52.963-0300][gc,phases   ] GC(1)   Other: 0,2ms
[2022-06-03T13:05:52.963-0300][gc,heap     ] GC(1) Eden regions: 7->0(50)
[2022-06-03T13:05:52.963-0300][gc,heap     ] GC(1) Survivor regions: 7->1(7)
[2022-06-03T13:05:52.963-0300][gc,heap     ] GC(1) Old regions: 1->8
[2022-06-03T13:05:52.963-0300][gc,heap     ] GC(1) Archive regions: 2->2
[2022-06-03T13:05:52.963-0300][gc,heap     ] GC(1) Humongous regions: 0->0
[2022-06-03T13:05:52.963-0300][gc,metaspace] GC(1) Metaspace: 21298K(21504K)->21298K(21504K) NonClass: 18461K(18560K)->18461K(18560K) Class: 2836K(2944K)->2836K(2944K)
[2022-06-03T13:05:52.963-0300][gc          ] GC(1) Pause Young (Concurrent Start) (Metadata GC Threshold) 14M->9M(1024M) 5,761ms
[2022-06-03T13:05:52.963-0300][gc,cpu      ] GC(1) User=0,02s Sys=0,01s Real=0,00s
[2022-06-03T13:05:52.963-0300][gc          ] GC(2) Concurrent Mark Cycle
[2022-06-03T13:05:52.963-0300][gc,marking  ] GC(2) Concurrent Clear Claimed Marks
[2022-06-03T13:05:52.963-0300][gc,marking  ] GC(2) Concurrent Clear Claimed Marks 0,026ms
[2022-06-03T13:05:52.963-0300][gc,marking  ] GC(2) Concurrent Scan Root Regions
[2022-06-03T13:05:52.966-0300][gc,marking  ] GC(2) Concurrent Scan Root Regions 2,733ms
[2022-06-03T13:05:52.966-0300][gc,marking  ] GC(2) Concurrent Mark
[2022-06-03T13:05:52.966-0300][gc,marking  ] GC(2) Concurrent Mark From Roots
[2022-06-03T13:05:52.966-0300][gc,task     ] GC(2) Using 2 workers of 2 for marking
[2022-06-03T13:05:52.967-0300][gc,marking  ] GC(2) Concurrent Mark From Roots 1,272ms
[2022-06-03T13:05:52.967-0300][gc,marking  ] GC(2) Concurrent Preclean
[2022-06-03T13:05:52.967-0300][gc,marking  ] GC(2) Concurrent Preclean 0,024ms
[2022-06-03T13:05:52.967-0300][gc,start    ] GC(2) Pause Remark
[2022-06-03T13:05:52.969-0300][gc          ] GC(2) Pause Remark 9M->9M(1024M) 1,216ms
[2022-06-03T13:05:52.969-0300][gc,cpu      ] GC(2) User=0,00s Sys=0,00s Real=0,00s
[2022-06-03T13:05:52.969-0300][gc,marking  ] GC(2) Concurrent Mark 2,647ms
[2022-06-03T13:05:52.969-0300][gc,marking  ] GC(2) Concurrent Rebuild Remembered Sets
[2022-06-03T13:05:52.970-0300][gc,marking  ] GC(2) Concurrent Rebuild Remembered Sets 1,423ms
[2022-06-03T13:05:52.970-0300][gc,start    ] GC(2) Pause Cleanup
[2022-06-03T13:05:52.970-0300][gc          ] GC(2) Pause Cleanup 9M->9M(1024M) 0,112ms
[2022-06-03T13:05:52.970-0300][gc,cpu      ] GC(2) User=0,00s Sys=0,00s Real=0,00s
[2022-06-03T13:05:52.970-0300][gc,marking  ] GC(2) Concurrent Cleanup for Next Mark
[2022-06-03T13:05:52.974-0300][gc,marking  ] GC(2) Concurrent Cleanup for Next Mark 3,700ms
[2022-06-03T13:05:52.974-0300][gc          ] GC(2) Concurrent Mark Cycle 11,005ms
[2022-06-03T13:05:53.622-0300][gc,start    ] GC(3) Pause Young (Normal) (G1 Evacuation Pause)
[2022-06-03T13:05:53.622-0300][gc,task     ] GC(3) Using 8 workers of 8 for evacuation
[2022-06-03T13:05:53.625-0300][gc,phases   ] GC(3)   Pre Evacuate Collection Set: 0,1ms
[2022-06-03T13:05:53.625-0300][gc,phases   ] GC(3)   Merge Heap Roots: 0,1ms
[2022-06-03T13:05:53.625-0300][gc,phases   ] GC(3)   Evacuate Collection Set: 2,4ms
[2022-06-03T13:05:53.625-0300][gc,phases   ] GC(3)   Post Evacuate Collection Set: 0,3ms
[2022-06-03T13:05:53.625-0300][gc,phases   ] GC(3)   Other: 0,1ms
[2022-06-03T13:05:53.625-0300][gc,heap     ] GC(3) Eden regions: 50->0(46)
[2022-06-03T13:05:53.625-0300][gc,heap     ] GC(3) Survivor regions: 1->5(7)
[2022-06-03T13:05:53.625-0300][gc,heap     ] GC(3) Old regions: 8->8
[2022-06-03T13:05:53.625-0300][gc,heap     ] GC(3) Archive regions: 2->2
[2022-06-03T13:05:53.625-0300][gc,heap     ] GC(3) Humongous regions: 129->129
[2022-06-03T13:05:53.625-0300][gc,metaspace] GC(3) Metaspace: 31081K(31424K)->31081K(31424K) NonClass: 27201K(27392K)->27201K(27392K) Class: 3879K(4032K)->3879K(4032K)
[2022-06-03T13:05:53.625-0300][gc          ] GC(3) Pause Young (Normal) (G1 Evacuation Pause) 188M->142M(1024M) 3,017ms
[2022-06-03T13:05:53.625-0300][gc,cpu      ] GC(3) User=0,01s Sys=0,00s Real=0,01s
[2022-06-03T13:05:54.160-0300][gc,heap,exit] Heap
[2022-06-03T13:05:54.160-0300][gc,heap,exit]  garbage-first heap   total 1048576K, used 157170K [0x00000000c0000000, 0x0000000100000000)
[2022-06-03T13:05:54.160-0300][gc,heap,exit]   region size 1024K, 17 young (17408K), 5 survivors (5120K)
[2022-06-03T13:05:54.160-0300][gc,heap,exit]  Metaspace       used 32322K, committed 32640K, reserved 1081344K
[2022-06-03T13:05:54.160-0300][gc,heap,exit]   class space    used 4088K, committed 4224K, reserved 1048576K
