[2022-06-03T13:06:10.923-0300][gc] Using G1
[2022-06-03T13:06:10.927-0300][gc,init] Version: 17.0.3+7-Ubuntu-0ubuntu0.22.04.1 (release)
[2022-06-03T13:06:10.927-0300][gc,init] CPUs: 8 total, 8 available
[2022-06-03T13:06:10.927-0300][gc,init] Memory: 11106M
[2022-06-03T13:06:10.927-0300][gc,init] Large Page Support: Disabled
[2022-06-03T13:06:10.927-0300][gc,init] NUMA Support: Disabled
[2022-06-03T13:06:10.927-0300][gc,init] Compressed Oops: Enabled (32-bit)
[2022-06-03T13:06:10.927-0300][gc,init] Heap Region Size: 1M
[2022-06-03T13:06:10.927-0300][gc,init] Heap Min Capacity: 1G
[2022-06-03T13:06:10.927-0300][gc,init] Heap Initial Capacity: 1G
[2022-06-03T13:06:10.927-0300][gc,init] Heap Max Capacity: 1G
[2022-06-03T13:06:10.927-0300][gc,init] Pre-touch: Disabled
[2022-06-03T13:06:10.927-0300][gc,init] Parallel Workers: 8
[2022-06-03T13:06:10.927-0300][gc,init] Concurrent Workers: 2
[2022-06-03T13:06:10.927-0300][gc,init] Concurrent Refinement Workers: 8
[2022-06-03T13:06:10.927-0300][gc,init] Periodic GC: Disabled
[2022-06-03T13:06:10.927-0300][gc,metaspace] CDS archive(s) mapped at: [0x0000000800000000-0x0000000800be0000-0x0000000800be0000), size 12451840, SharedBaseAddress: 0x0000000800000000, ArchiveRelocationMode: 0.
[2022-06-03T13:06:10.927-0300][gc,metaspace] Compressed class space mapped at: 0x0000000800c00000-0x0000000840c00000, reserved size: 1073741824
[2022-06-03T13:06:10.927-0300][gc,metaspace] Narrow klass base: 0x0000000800000000, Narrow klass shift: 0, Narrow klass range: 0x100000000
[2022-06-03T13:06:11.719-0300][gc,start    ] GC(0) Pause Young (Normal) (G1 Evacuation Pause)
[2022-06-03T13:06:11.719-0300][gc,task     ] GC(0) Using 8 workers of 8 for evacuation
[2022-06-03T13:06:11.723-0300][gc,phases   ] GC(0)   Pre Evacuate Collection Set: 0,1ms
[2022-06-03T13:06:11.723-0300][gc,phases   ] GC(0)   Merge Heap Roots: 0,1ms
[2022-06-03T13:06:11.723-0300][gc,phases   ] GC(0)   Evacuate Collection Set: 3,2ms
[2022-06-03T13:06:11.723-0300][gc,phases   ] GC(0)   Post Evacuate Collection Set: 0,4ms
[2022-06-03T13:06:11.723-0300][gc,phases   ] GC(0)   Other: 0,7ms
[2022-06-03T13:06:11.723-0300][gc,heap     ] GC(0) Eden regions: 51->0(44)
[2022-06-03T13:06:11.723-0300][gc,heap     ] GC(0) Survivor regions: 0->7(7)
[2022-06-03T13:06:11.723-0300][gc,heap     ] GC(0) Old regions: 0->1
[2022-06-03T13:06:11.723-0300][gc,heap     ] GC(0) Archive regions: 2->2
[2022-06-03T13:06:11.723-0300][gc,heap     ] GC(0) Humongous regions: 0->0
[2022-06-03T13:06:11.723-0300][gc,metaspace] GC(0) Metaspace: 19689K(19840K)->19689K(19840K) NonClass: 17068K(17152K)->17068K(17152K) Class: 2620K(2688K)->2620K(2688K)
[2022-06-03T13:06:11.723-0300][gc          ] GC(0) Pause Young (Normal) (G1 Evacuation Pause) 51M->8M(1024M) 4,444ms
[2022-06-03T13:06:11.723-0300][gc,cpu      ] GC(0) User=0,00s Sys=0,03s Real=0,00s
[2022-06-03T13:06:11.832-0300][gc,start    ] GC(1) Pause Young (Concurrent Start) (Metadata GC Threshold)
[2022-06-03T13:06:11.832-0300][gc,task     ] GC(1) Using 8 workers of 8 for evacuation
[2022-06-03T13:06:11.840-0300][gc,phases   ] GC(1)   Pre Evacuate Collection Set: 0,1ms
[2022-06-03T13:06:11.840-0300][gc,phases   ] GC(1)   Merge Heap Roots: 0,0ms
[2022-06-03T13:06:11.840-0300][gc,phases   ] GC(1)   Evacuate Collection Set: 6,5ms
[2022-06-03T13:06:11.840-0300][gc,phases   ] GC(1)   Post Evacuate Collection Set: 0,5ms
[2022-06-03T13:06:11.840-0300][gc,phases   ] GC(1)   Other: 0,2ms
[2022-06-03T13:06:11.840-0300][gc,heap     ] GC(1) Eden regions: 7->0(50)
[2022-06-03T13:06:11.840-0300][gc,heap     ] GC(1) Survivor regions: 7->1(7)
[2022-06-03T13:06:11.840-0300][gc,heap     ] GC(1) Old regions: 1->8
[2022-06-03T13:06:11.840-0300][gc,heap     ] GC(1) Archive regions: 2->2
[2022-06-03T13:06:11.840-0300][gc,heap     ] GC(1) Humongous regions: 0->0
[2022-06-03T13:06:11.840-0300][gc,metaspace] GC(1) Metaspace: 21311K(21504K)->21311K(21504K) NonClass: 18475K(18560K)->18475K(18560K) Class: 2836K(2944K)->2836K(2944K)
[2022-06-03T13:06:11.840-0300][gc          ] GC(1) Pause Young (Concurrent Start) (Metadata GC Threshold) 14M->8M(1024M) 7,398ms
[2022-06-03T13:06:11.840-0300][gc,cpu      ] GC(1) User=0,02s Sys=0,00s Real=0,01s
[2022-06-03T13:06:11.840-0300][gc          ] GC(2) Concurrent Mark Cycle
[2022-06-03T13:06:11.840-0300][gc,marking  ] GC(2) Concurrent Clear Claimed Marks
[2022-06-03T13:06:11.840-0300][gc,marking  ] GC(2) Concurrent Clear Claimed Marks 0,023ms
[2022-06-03T13:06:11.840-0300][gc,marking  ] GC(2) Concurrent Scan Root Regions
[2022-06-03T13:06:11.843-0300][gc,marking  ] GC(2) Concurrent Scan Root Regions 2,975ms
[2022-06-03T13:06:11.843-0300][gc,marking  ] GC(2) Concurrent Mark
[2022-06-03T13:06:11.843-0300][gc,marking  ] GC(2) Concurrent Mark From Roots
[2022-06-03T13:06:11.843-0300][gc,task     ] GC(2) Using 2 workers of 2 for marking
[2022-06-03T13:06:11.844-0300][gc,marking  ] GC(2) Concurrent Mark From Roots 1,479ms
[2022-06-03T13:06:11.845-0300][gc,marking  ] GC(2) Concurrent Preclean
[2022-06-03T13:06:11.845-0300][gc,marking  ] GC(2) Concurrent Preclean 0,025ms
[2022-06-03T13:06:11.845-0300][gc,start    ] GC(2) Pause Remark
[2022-06-03T13:06:11.847-0300][gc          ] GC(2) Pause Remark 9M->9M(1024M) 2,006ms
[2022-06-03T13:06:11.847-0300][gc,cpu      ] GC(2) User=0,00s Sys=0,00s Real=0,00s
[2022-06-03T13:06:11.847-0300][gc,marking  ] GC(2) Concurrent Mark 3,677ms
[2022-06-03T13:06:11.847-0300][gc,marking  ] GC(2) Concurrent Rebuild Remembered Sets
[2022-06-03T13:06:11.848-0300][gc,marking  ] GC(2) Concurrent Rebuild Remembered Sets 1,606ms
[2022-06-03T13:06:11.850-0300][gc,start    ] GC(2) Pause Cleanup
[2022-06-03T13:06:11.850-0300][gc          ] GC(2) Pause Cleanup 9M->9M(1024M) 0,127ms
[2022-06-03T13:06:11.850-0300][gc,cpu      ] GC(2) User=0,00s Sys=0,00s Real=0,00s
[2022-06-03T13:06:11.850-0300][gc,marking  ] GC(2) Concurrent Cleanup for Next Mark
[2022-06-03T13:06:11.853-0300][gc,marking  ] GC(2) Concurrent Cleanup for Next Mark 3,178ms
[2022-06-03T13:06:11.853-0300][gc          ] GC(2) Concurrent Mark Cycle 13,477ms
[2022-06-03T13:06:12.484-0300][gc,start    ] GC(3) Pause Young (Normal) (G1 Evacuation Pause)
[2022-06-03T13:06:12.484-0300][gc,task     ] GC(3) Using 8 workers of 8 for evacuation
[2022-06-03T13:06:12.487-0300][gc,phases   ] GC(3)   Pre Evacuate Collection Set: 0,1ms
[2022-06-03T13:06:12.487-0300][gc,phases   ] GC(3)   Merge Heap Roots: 0,1ms
[2022-06-03T13:06:12.487-0300][gc,phases   ] GC(3)   Evacuate Collection Set: 2,3ms
[2022-06-03T13:06:12.487-0300][gc,phases   ] GC(3)   Post Evacuate Collection Set: 0,4ms
[2022-06-03T13:06:12.487-0300][gc,phases   ] GC(3)   Other: 0,1ms
[2022-06-03T13:06:12.487-0300][gc,heap     ] GC(3) Eden regions: 50->0(46)
[2022-06-03T13:06:12.487-0300][gc,heap     ] GC(3) Survivor regions: 1->5(7)
[2022-06-03T13:06:12.487-0300][gc,heap     ] GC(3) Old regions: 8->8
[2022-06-03T13:06:12.487-0300][gc,heap     ] GC(3) Archive regions: 2->2
[2022-06-03T13:06:12.487-0300][gc,heap     ] GC(3) Humongous regions: 129->129
[2022-06-03T13:06:12.487-0300][gc,metaspace] GC(3) Metaspace: 31129K(31424K)->31129K(31424K) NonClass: 27246K(27392K)->27246K(27392K) Class: 3882K(4032K)->3882K(4032K)
[2022-06-03T13:06:12.487-0300][gc          ] GC(3) Pause Young (Normal) (G1 Evacuation Pause) 187M->141M(1024M) 2,986ms
[2022-06-03T13:06:12.487-0300][gc,cpu      ] GC(3) User=0,02s Sys=0,00s Real=0,00s
[2022-06-03T13:06:12.686-0300][gc,start    ] GC(4) Pause Young (Concurrent Start) (Metadata GC Threshold)
[2022-06-03T13:06:12.686-0300][gc,task     ] GC(4) Using 8 workers of 8 for evacuation
[2022-06-03T13:06:12.691-0300][gc,phases   ] GC(4)   Pre Evacuate Collection Set: 0,1ms
[2022-06-03T13:06:12.691-0300][gc,phases   ] GC(4)   Merge Heap Roots: 0,1ms
[2022-06-03T13:06:12.691-0300][gc,phases   ] GC(4)   Evacuate Collection Set: 3,9ms
[2022-06-03T13:06:12.691-0300][gc,phases   ] GC(4)   Post Evacuate Collection Set: 0,4ms
[2022-06-03T13:06:12.691-0300][gc,phases   ] GC(4)   Other: 0,1ms
[2022-06-03T13:06:12.691-0300][gc,heap     ] GC(4) Eden regions: 20->0(49)
[2022-06-03T13:06:12.691-0300][gc,heap     ] GC(4) Survivor regions: 5->2(7)
[2022-06-03T13:06:12.691-0300][gc,heap     ] GC(4) Old regions: 8->12
[2022-06-03T13:06:12.691-0300][gc,heap     ] GC(4) Archive regions: 2->2
[2022-06-03T13:06:12.691-0300][gc,heap     ] GC(4) Humongous regions: 129->129
[2022-06-03T13:06:12.691-0300][gc,metaspace] GC(4) Metaspace: 35950K(36160K)->35950K(36160K) NonClass: 31562K(31680K)->31562K(31680K) Class: 4388K(4480K)->4388K(4480K)
[2022-06-03T13:06:12.691-0300][gc          ] GC(4) Pause Young (Concurrent Start) (Metadata GC Threshold) 161M->143M(1024M) 4,696ms
[2022-06-03T13:06:12.691-0300][gc,cpu      ] GC(4) User=0,03s Sys=0,00s Real=0,00s
[2022-06-03T13:06:12.691-0300][gc          ] GC(5) Concurrent Mark Cycle
[2022-06-03T13:06:12.691-0300][gc,marking  ] GC(5) Concurrent Clear Claimed Marks
[2022-06-03T13:06:12.691-0300][gc,marking  ] GC(5) Concurrent Clear Claimed Marks 0,024ms
[2022-06-03T13:06:12.691-0300][gc,marking  ] GC(5) Concurrent Scan Root Regions
[2022-06-03T13:06:12.693-0300][gc,marking  ] GC(5) Concurrent Scan Root Regions 2,288ms
[2022-06-03T13:06:12.693-0300][gc,marking  ] GC(5) Concurrent Mark
[2022-06-03T13:06:12.693-0300][gc,marking  ] GC(5) Concurrent Mark From Roots
[2022-06-03T13:06:12.693-0300][gc,task     ] GC(5) Using 2 workers of 2 for marking
[2022-06-03T13:06:12.698-0300][gc,marking  ] GC(5) Concurrent Mark From Roots 4,559ms
[2022-06-03T13:06:12.698-0300][gc,marking  ] GC(5) Concurrent Preclean
[2022-06-03T13:06:12.698-0300][gc,marking  ] GC(5) Concurrent Preclean 0,097ms
[2022-06-03T13:06:12.698-0300][gc,start    ] GC(5) Pause Remark
[2022-06-03T13:06:12.700-0300][gc          ] GC(5) Pause Remark 144M->144M(1024M) 1,854ms
[2022-06-03T13:06:12.700-0300][gc,cpu      ] GC(5) User=0,00s Sys=0,01s Real=0,00s
[2022-06-03T13:06:12.701-0300][gc,marking  ] GC(5) Concurrent Mark 7,438ms
[2022-06-03T13:06:12.701-0300][gc,marking  ] GC(5) Concurrent Rebuild Remembered Sets
[2022-06-03T13:06:12.706-0300][gc,marking  ] GC(5) Concurrent Rebuild Remembered Sets 5,580ms
[2022-06-03T13:06:12.707-0300][gc,start    ] GC(5) Pause Cleanup
[2022-06-03T13:06:12.707-0300][gc          ] GC(5) Pause Cleanup 145M->145M(1024M) 0,142ms
[2022-06-03T13:06:12.707-0300][gc,cpu      ] GC(5) User=0,01s Sys=0,00s Real=0,00s
[2022-06-03T13:06:12.707-0300][gc,marking  ] GC(5) Concurrent Cleanup for Next Mark
[2022-06-03T13:06:12.712-0300][gc,marking  ] GC(5) Concurrent Cleanup for Next Mark 5,248ms
[2022-06-03T13:06:12.712-0300][gc          ] GC(5) Concurrent Mark Cycle 21,092ms
[2022-06-03T13:06:19.884-0300][gc,start    ] GC(6) Pause Young (Normal) (G1 Evacuation Pause)
[2022-06-03T13:06:19.884-0300][gc,task     ] GC(6) Using 8 workers of 8 for evacuation
[2022-06-03T13:06:19.889-0300][gc,phases   ] GC(6)   Pre Evacuate Collection Set: 0,3ms
[2022-06-03T13:06:19.889-0300][gc,phases   ] GC(6)   Merge Heap Roots: 0,1ms
[2022-06-03T13:06:19.889-0300][gc,phases   ] GC(6)   Evacuate Collection Set: 4,1ms
[2022-06-03T13:06:19.889-0300][gc,phases   ] GC(6)   Post Evacuate Collection Set: 0,6ms
[2022-06-03T13:06:19.889-0300][gc,phases   ] GC(6)   Other: 0,2ms
[2022-06-03T13:06:19.889-0300][gc,heap     ] GC(6) Eden regions: 49->0(47)
[2022-06-03T13:06:19.889-0300][gc,heap     ] GC(6) Survivor regions: 2->4(7)
[2022-06-03T13:06:19.889-0300][gc,heap     ] GC(6) Old regions: 12->12
[2022-06-03T13:06:19.889-0300][gc,heap     ] GC(6) Archive regions: 2->2
[2022-06-03T13:06:19.889-0300][gc,heap     ] GC(6) Humongous regions: 147->129
[2022-06-03T13:06:19.889-0300][gc,metaspace] GC(6) Metaspace: 40018K(40512K)->40018K(40512K) NonClass: 34916K(35200K)->34916K(35200K) Class: 5102K(5312K)->5102K(5312K)
[2022-06-03T13:06:19.889-0300][gc          ] GC(6) Pause Young (Normal) (G1 Evacuation Pause) 210M->145M(1024M) 5,401ms
[2022-06-03T13:06:19.889-0300][gc,cpu      ] GC(6) User=0,03s Sys=0,00s Real=0,01s
[2022-06-03T13:10:57.553-0300][gc,start    ] GC(7) Pause Young (Normal) (G1 Evacuation Pause)
[2022-06-03T13:10:57.553-0300][gc,task     ] GC(7) Using 8 workers of 8 for evacuation
[2022-06-03T13:10:57.573-0300][gc,phases   ] GC(7)   Pre Evacuate Collection Set: 0,2ms
[2022-06-03T13:10:57.573-0300][gc,phases   ] GC(7)   Merge Heap Roots: 0,1ms
[2022-06-03T13:10:57.573-0300][gc,phases   ] GC(7)   Evacuate Collection Set: 18,1ms
[2022-06-03T13:10:57.573-0300][gc,phases   ] GC(7)   Post Evacuate Collection Set: 0,9ms
[2022-06-03T13:10:57.573-0300][gc,phases   ] GC(7)   Other: 0,2ms
[2022-06-03T13:10:57.573-0300][gc,heap     ] GC(7) Eden regions: 47->0(44)
[2022-06-03T13:10:57.573-0300][gc,heap     ] GC(7) Survivor regions: 4->7(7)
[2022-06-03T13:10:57.573-0300][gc,heap     ] GC(7) Old regions: 12->12
[2022-06-03T13:10:57.573-0300][gc,heap     ] GC(7) Archive regions: 2->2
[2022-06-03T13:10:57.573-0300][gc,heap     ] GC(7) Humongous regions: 129->129
[2022-06-03T13:10:57.573-0300][gc,metaspace] GC(7) Metaspace: 42429K(43008K)->42429K(43008K) NonClass: 37036K(37376K)->37036K(37376K) Class: 5392K(5632K)->5392K(5632K)
[2022-06-03T13:10:57.573-0300][gc          ] GC(7) Pause Young (Normal) (G1 Evacuation Pause) 192M->148M(1024M) 19,529ms
[2022-06-03T13:10:57.573-0300][gc,cpu      ] GC(7) User=0,05s Sys=0,01s Real=0,02s
[2022-06-03T13:11:00.308-0300][gc,start    ] GC(8) Pause Young (Normal) (G1 Evacuation Pause)
[2022-06-03T13:11:00.309-0300][gc,task     ] GC(8) Using 8 workers of 8 for evacuation
[2022-06-03T13:11:00.325-0300][gc,phases   ] GC(8)   Pre Evacuate Collection Set: 0,3ms
[2022-06-03T13:11:00.325-0300][gc,phases   ] GC(8)   Merge Heap Roots: 0,1ms
[2022-06-03T13:11:00.326-0300][gc,phases   ] GC(8)   Evacuate Collection Set: 14,8ms
[2022-06-03T13:11:00.326-0300][gc,phases   ] GC(8)   Post Evacuate Collection Set: 1,0ms
[2022-06-03T13:11:00.326-0300][gc,phases   ] GC(8)   Other: 0,9ms
[2022-06-03T13:11:00.326-0300][gc,heap     ] GC(8) Eden regions: 44->0(48)
[2022-06-03T13:11:00.326-0300][gc,heap     ] GC(8) Survivor regions: 7->3(7)
[2022-06-03T13:11:00.326-0300][gc,heap     ] GC(8) Old regions: 12->19
[2022-06-03T13:11:00.326-0300][gc,heap     ] GC(8) Archive regions: 2->2
[2022-06-03T13:11:00.326-0300][gc,heap     ] GC(8) Humongous regions: 129->129
[2022-06-03T13:11:00.326-0300][gc,metaspace] GC(8) Metaspace: 43475K(44032K)->43475K(44032K) NonClass: 38030K(38336K)->38030K(38336K) Class: 5444K(5696K)->5444K(5696K)
[2022-06-03T13:11:00.326-0300][gc          ] GC(8) Pause Young (Normal) (G1 Evacuation Pause) 192M->151M(1024M) 17,137ms
[2022-06-03T13:11:00.326-0300][gc,cpu      ] GC(8) User=0,04s Sys=0,01s Real=0,02s
[2022-06-03T13:11:15.171-0300][gc,start    ] GC(9) Pause Young (Normal) (G1 Evacuation Pause)
[2022-06-03T13:11:15.171-0300][gc,task     ] GC(9) Using 8 workers of 8 for evacuation
[2022-06-03T13:11:15.176-0300][gc,phases   ] GC(9)   Pre Evacuate Collection Set: 0,1ms
[2022-06-03T13:11:15.176-0300][gc,phases   ] GC(9)   Merge Heap Roots: 0,1ms
[2022-06-03T13:11:15.176-0300][gc,phases   ] GC(9)   Evacuate Collection Set: 3,8ms
[2022-06-03T13:11:15.176-0300][gc,phases   ] GC(9)   Post Evacuate Collection Set: 0,3ms
[2022-06-03T13:11:15.176-0300][gc,phases   ] GC(9)   Other: 0,1ms
[2022-06-03T13:11:15.176-0300][gc,heap     ] GC(9) Eden regions: 48->0(44)
[2022-06-03T13:11:15.176-0300][gc,heap     ] GC(9) Survivor regions: 3->7(7)
[2022-06-03T13:11:15.176-0300][gc,heap     ] GC(9) Old regions: 19->19
[2022-06-03T13:11:15.176-0300][gc,heap     ] GC(9) Archive regions: 2->2
[2022-06-03T13:11:15.176-0300][gc,heap     ] GC(9) Humongous regions: 129->129
[2022-06-03T13:11:15.176-0300][gc,metaspace] GC(9) Metaspace: 43860K(44416K)->43860K(44416K) NonClass: 38406K(38720K)->38406K(38720K) Class: 5453K(5696K)->5453K(5696K)
[2022-06-03T13:11:15.176-0300][gc          ] GC(9) Pause Young (Normal) (G1 Evacuation Pause) 199M->155M(1024M) 4,486ms
[2022-06-03T13:11:15.176-0300][gc,cpu      ] GC(9) User=0,03s Sys=0,00s Real=0,00s
[2022-06-03T13:11:28.775-0300][gc,start    ] GC(10) Pause Young (Normal) (G1 Evacuation Pause)
[2022-06-03T13:11:28.775-0300][gc,task     ] GC(10) Using 8 workers of 8 for evacuation
[2022-06-03T13:11:28.784-0300][gc,phases   ] GC(10)   Pre Evacuate Collection Set: 0,2ms
[2022-06-03T13:11:28.784-0300][gc,phases   ] GC(10)   Merge Heap Roots: 0,1ms
[2022-06-03T13:11:28.784-0300][gc,phases   ] GC(10)   Evacuate Collection Set: 7,5ms
[2022-06-03T13:11:28.784-0300][gc,phases   ] GC(10)   Post Evacuate Collection Set: 0,7ms
[2022-06-03T13:11:28.784-0300][gc,phases   ] GC(10)   Other: 0,3ms
[2022-06-03T13:11:28.784-0300][gc,heap     ] GC(10) Eden regions: 44->0(69)
[2022-06-03T13:11:28.784-0300][gc,heap     ] GC(10) Survivor regions: 7->4(7)
[2022-06-03T13:11:28.784-0300][gc,heap     ] GC(10) Old regions: 19->25
[2022-06-03T13:11:28.784-0300][gc,heap     ] GC(10) Archive regions: 2->2
[2022-06-03T13:11:28.784-0300][gc,heap     ] GC(10) Humongous regions: 129->129
[2022-06-03T13:11:28.784-0300][gc,metaspace] GC(10) Metaspace: 44012K(44544K)->44012K(44544K) NonClass: 38558K(38848K)->38558K(38848K) Class: 5454K(5696K)->5454K(5696K)
[2022-06-03T13:11:28.784-0300][gc          ] GC(10) Pause Young (Normal) (G1 Evacuation Pause) 199M->158M(1024M) 8,932ms
[2022-06-03T13:11:28.784-0300][gc,cpu      ] GC(10) User=0,05s Sys=0,00s Real=0,01s
[2022-06-03T13:14:22.351-0300][gc,start    ] GC(11) Pause Young (Normal) (G1 Evacuation Pause)
[2022-06-03T13:14:22.351-0300][gc,task     ] GC(11) Using 8 workers of 8 for evacuation
[2022-06-03T13:14:22.358-0300][gc,phases   ] GC(11)   Pre Evacuate Collection Set: 0,1ms
[2022-06-03T13:14:22.358-0300][gc,phases   ] GC(11)   Merge Heap Roots: 0,1ms
[2022-06-03T13:14:22.358-0300][gc,phases   ] GC(11)   Evacuate Collection Set: 5,6ms
[2022-06-03T13:14:22.358-0300][gc,phases   ] GC(11)   Post Evacuate Collection Set: 0,5ms
[2022-06-03T13:14:22.358-0300][gc,phases   ] GC(11)   Other: 0,1ms
[2022-06-03T13:14:22.358-0300][gc,heap     ] GC(11) Eden regions: 63->0(78)
[2022-06-03T13:14:22.358-0300][gc,heap     ] GC(11) Survivor regions: 4->6(9)
[2022-06-03T13:14:22.358-0300][gc,heap     ] GC(11) Old regions: 25->25
[2022-06-03T13:14:22.358-0300][gc,heap     ] GC(11) Archive regions: 2->2
[2022-06-03T13:14:22.358-0300][gc,heap     ] GC(11) Humongous regions: 129->129
[2022-06-03T13:14:22.358-0300][gc,metaspace] GC(11) Metaspace: 44715K(45312K)->44715K(45312K) NonClass: 39098K(39424K)->39098K(39424K) Class: 5617K(5888K)->5617K(5888K)
[2022-06-03T13:14:22.358-0300][gc          ] GC(11) Pause Young (Normal) (G1 Evacuation Pause) 221M->159M(1024M) 6,477ms
[2022-06-03T13:14:22.358-0300][gc,cpu      ] GC(11) User=0,03s Sys=0,01s Real=0,01s
[2022-06-03T13:15:03.416-0300][gc,start    ] GC(12) Pause Young (Normal) (G1 Evacuation Pause)
[2022-06-03T13:15:03.416-0300][gc,task     ] GC(12) Using 8 workers of 8 for evacuation
[2022-06-03T13:15:03.422-0300][gc,phases   ] GC(12)   Pre Evacuate Collection Set: 0,3ms
[2022-06-03T13:15:03.422-0300][gc,phases   ] GC(12)   Merge Heap Roots: 0,1ms
[2022-06-03T13:15:03.422-0300][gc,phases   ] GC(12)   Evacuate Collection Set: 5,5ms
[2022-06-03T13:15:03.422-0300][gc,phases   ] GC(12)   Post Evacuate Collection Set: 0,4ms
[2022-06-03T13:15:03.422-0300][gc,phases   ] GC(12)   Other: 0,1ms
[2022-06-03T13:15:03.422-0300][gc,heap     ] GC(12) Eden regions: 73->0(112)
[2022-06-03T13:15:03.422-0300][gc,heap     ] GC(12) Survivor regions: 6->8(10)
[2022-06-03T13:15:03.422-0300][gc,heap     ] GC(12) Old regions: 25->25
[2022-06-03T13:15:03.422-0300][gc,heap     ] GC(12) Archive regions: 2->2
[2022-06-03T13:15:03.422-0300][gc,heap     ] GC(12) Humongous regions: 129->129
[2022-06-03T13:15:03.422-0300][gc,metaspace] GC(12) Metaspace: 45249K(45824K)->45249K(45824K) NonClass: 39631K(39936K)->39631K(39936K) Class: 5617K(5888K)->5617K(5888K)
[2022-06-03T13:15:03.422-0300][gc          ] GC(12) Pause Young (Normal) (G1 Evacuation Pause) 232M->161M(1024M) 6,398ms
[2022-06-03T13:15:03.422-0300][gc,cpu      ] GC(12) User=0,03s Sys=0,01s Real=0,01s
[2022-06-03T13:20:12.691-0300][gc,start    ] GC(13) Pause Young (Normal) (G1 Evacuation Pause)
[2022-06-03T13:20:12.691-0300][gc,task     ] GC(13) Using 8 workers of 8 for evacuation
[2022-06-03T13:20:12.699-0300][gc,phases   ] GC(13)   Pre Evacuate Collection Set: 0,4ms
[2022-06-03T13:20:12.699-0300][gc,phases   ] GC(13)   Merge Heap Roots: 0,9ms
[2022-06-03T13:20:12.699-0300][gc,phases   ] GC(13)   Evacuate Collection Set: 6,1ms
[2022-06-03T13:20:12.699-0300][gc,phases   ] GC(13)   Post Evacuate Collection Set: 0,6ms
[2022-06-03T13:20:12.699-0300][gc,phases   ] GC(13)   Other: 0,2ms
[2022-06-03T13:20:12.699-0300][gc,heap     ] GC(13) Eden regions: 104->0(98)
[2022-06-03T13:20:12.699-0300][gc,heap     ] GC(13) Survivor regions: 8->11(14)
[2022-06-03T13:20:12.699-0300][gc,heap     ] GC(13) Old regions: 25->25
[2022-06-03T13:20:12.699-0300][gc,heap     ] GC(13) Archive regions: 2->2
[2022-06-03T13:20:12.699-0300][gc,heap     ] GC(13) Humongous regions: 129->129
[2022-06-03T13:20:12.699-0300][gc,metaspace] GC(13) Metaspace: 45666K(46208K)->45666K(46208K) NonClass: 40007K(40320K)->40007K(40320K) Class: 5659K(5888K)->5659K(5888K)
[2022-06-03T13:20:12.699-0300][gc          ] GC(13) Pause Young (Normal) (G1 Evacuation Pause) 265M->164M(1024M) 8,253ms
[2022-06-03T13:20:12.699-0300][gc,cpu      ] GC(13) User=0,05s Sys=0,00s Real=0,01s
[2022-06-03T14:10:08.656-0300][gc,start    ] GC(14) Pause Young (Normal) (G1 Evacuation Pause)
[2022-06-03T14:10:08.656-0300][gc,task     ] GC(14) Using 8 workers of 8 for evacuation
[2022-06-03T14:10:08.671-0300][gc,phases   ] GC(14)   Pre Evacuate Collection Set: 0,2ms
[2022-06-03T14:10:08.671-0300][gc,phases   ] GC(14)   Merge Heap Roots: 0,1ms
[2022-06-03T14:10:08.671-0300][gc,phases   ] GC(14)   Evacuate Collection Set: 13,3ms
[2022-06-03T14:10:08.671-0300][gc,phases   ] GC(14)   Post Evacuate Collection Set: 0,6ms
[2022-06-03T14:10:08.671-0300][gc,phases   ] GC(14)   Other: 0,1ms
[2022-06-03T14:10:08.671-0300][gc,heap     ] GC(14) Eden regions: 93->0(99)
[2022-06-03T14:10:08.671-0300][gc,heap     ] GC(14) Survivor regions: 11->12(13)
[2022-06-03T14:10:08.671-0300][gc,heap     ] GC(14) Old regions: 25->29
[2022-06-03T14:10:08.671-0300][gc,heap     ] GC(14) Archive regions: 2->2
[2022-06-03T14:10:08.671-0300][gc,heap     ] GC(14) Humongous regions: 129->129
[2022-06-03T14:10:08.671-0300][gc,metaspace] GC(14) Metaspace: 45897K(46464K)->45897K(46464K) NonClass: 40228K(40576K)->40228K(40576K) Class: 5668K(5888K)->5668K(5888K)
[2022-06-03T14:10:08.671-0300][gc          ] GC(14) Pause Young (Normal) (G1 Evacuation Pause) 257M->169M(1024M) 14,238ms
[2022-06-03T14:10:08.671-0300][gc,cpu      ] GC(14) User=0,04s Sys=0,00s Real=0,01s
[2022-06-03T14:12:58.512-0300][gc,start    ] GC(15) Pause Young (Normal) (G1 Evacuation Pause)
[2022-06-03T14:12:58.512-0300][gc,task     ] GC(15) Using 8 workers of 8 for evacuation
[2022-06-03T14:12:58.523-0300][gc,phases   ] GC(15)   Pre Evacuate Collection Set: 0,3ms
[2022-06-03T14:12:58.523-0300][gc,phases   ] GC(15)   Merge Heap Roots: 0,2ms
[2022-06-03T14:12:58.523-0300][gc,phases   ] GC(15)   Evacuate Collection Set: 9,5ms
[2022-06-03T14:12:58.523-0300][gc,phases   ] GC(15)   Post Evacuate Collection Set: 0,8ms
[2022-06-03T14:12:58.523-0300][gc,phases   ] GC(15)   Other: 0,2ms
[2022-06-03T14:12:58.523-0300][gc,heap     ] GC(15) Eden regions: 88->0(170)
[2022-06-03T14:12:58.523-0300][gc,heap     ] GC(15) Survivor regions: 12->8(13)
[2022-06-03T14:12:58.523-0300][gc,heap     ] GC(15) Old regions: 29->34
[2022-06-03T14:12:58.523-0300][gc,heap     ] GC(15) Archive regions: 2->2
[2022-06-03T14:12:58.523-0300][gc,heap     ] GC(15) Humongous regions: 129->129
[2022-06-03T14:12:58.523-0300][gc,metaspace] GC(15) Metaspace: 46085K(46592K)->46085K(46592K) NonClass: 40416K(40704K)->40416K(40704K) Class: 5668K(5888K)->5668K(5888K)
[2022-06-03T14:12:58.523-0300][gc          ] GC(15) Pause Young (Normal) (G1 Evacuation Pause) 257M->171M(1024M) 11,017ms
[2022-06-03T14:12:58.523-0300][gc,cpu      ] GC(15) User=0,07s Sys=0,00s Real=0,01s
[2022-06-03T14:34:32.066-0300][gc,heap,exit] Heap
[2022-06-03T14:34:32.066-0300][gc,heap,exit]  garbage-first heap   total 1048576K, used 261415K [0x00000000c0000000, 0x0000000100000000)
[2022-06-03T14:34:32.066-0300][gc,heap,exit]   region size 1024K, 92 young (94208K), 8 survivors (8192K)
[2022-06-03T14:34:32.066-0300][gc,heap,exit]  Metaspace       used 46806K, committed 47488K, reserved 1097728K
[2022-06-03T14:34:32.066-0300][gc,heap,exit]   class space    used 5813K, committed 6144K, reserved 1048576K
