[2022-06-03T12:18:58.586-0300][gc] Using G1
[2022-06-03T12:18:58.590-0300][gc,init] Version: 17.0.3+7-Ubuntu-0ubuntu0.22.04.1 (release)
[2022-06-03T12:18:58.590-0300][gc,init] CPUs: 8 total, 8 available
[2022-06-03T12:18:58.590-0300][gc,init] Memory: 11106M
[2022-06-03T12:18:58.590-0300][gc,init] Large Page Support: Disabled
[2022-06-03T12:18:58.590-0300][gc,init] NUMA Support: Disabled
[2022-06-03T12:18:58.590-0300][gc,init] Compressed Oops: Enabled (32-bit)
[2022-06-03T12:18:58.590-0300][gc,init] Heap Region Size: 1M
[2022-06-03T12:18:58.590-0300][gc,init] Heap Min Capacity: 1G
[2022-06-03T12:18:58.590-0300][gc,init] Heap Initial Capacity: 1G
[2022-06-03T12:18:58.590-0300][gc,init] Heap Max Capacity: 1G
[2022-06-03T12:18:58.590-0300][gc,init] Pre-touch: Disabled
[2022-06-03T12:18:58.590-0300][gc,init] Parallel Workers: 8
[2022-06-03T12:18:58.590-0300][gc,init] Concurrent Workers: 2
[2022-06-03T12:18:58.590-0300][gc,init] Concurrent Refinement Workers: 8
[2022-06-03T12:18:58.590-0300][gc,init] Periodic GC: Disabled
[2022-06-03T12:18:58.590-0300][gc,metaspace] CDS archive(s) mapped at: [0x0000000800000000-0x0000000800be0000-0x0000000800be0000), size 12451840, SharedBaseAddress: 0x0000000800000000, ArchiveRelocationMode: 0.
[2022-06-03T12:18:58.590-0300][gc,metaspace] Compressed class space mapped at: 0x0000000800c00000-0x0000000840c00000, reserved size: 1073741824
[2022-06-03T12:18:58.590-0300][gc,metaspace] Narrow klass base: 0x0000000800000000, Narrow klass shift: 0, Narrow klass range: 0x100000000
[2022-06-03T12:18:59.444-0300][gc,start    ] GC(0) Pause Young (Normal) (G1 Evacuation Pause)
[2022-06-03T12:18:59.445-0300][gc,task     ] GC(0) Using 8 workers of 8 for evacuation
[2022-06-03T12:18:59.451-0300][gc,phases   ] GC(0)   Pre Evacuate Collection Set: 0,1ms
[2022-06-03T12:18:59.451-0300][gc,phases   ] GC(0)   Merge Heap Roots: 0,1ms
[2022-06-03T12:18:59.451-0300][gc,phases   ] GC(0)   Evacuate Collection Set: 5,1ms
[2022-06-03T12:18:59.451-0300][gc,phases   ] GC(0)   Post Evacuate Collection Set: 0,4ms
[2022-06-03T12:18:59.451-0300][gc,phases   ] GC(0)   Other: 0,7ms
[2022-06-03T12:18:59.451-0300][gc,heap     ] GC(0) Eden regions: 51->0(44)
[2022-06-03T12:18:59.451-0300][gc,heap     ] GC(0) Survivor regions: 0->7(7)
[2022-06-03T12:18:59.451-0300][gc,heap     ] GC(0) Old regions: 0->1
[2022-06-03T12:18:59.451-0300][gc,heap     ] GC(0) Archive regions: 2->2
[2022-06-03T12:18:59.451-0300][gc,heap     ] GC(0) Humongous regions: 0->0
[2022-06-03T12:18:59.451-0300][gc,metaspace] GC(0) Metaspace: 19694K(19840K)->19694K(19840K) NonClass: 17074K(17152K)->17074K(17152K) Class: 2620K(2688K)->2620K(2688K)
[2022-06-03T12:18:59.451-0300][gc          ] GC(0) Pause Young (Normal) (G1 Evacuation Pause) 51M->8M(1024M) 6,442ms
[2022-06-03T12:18:59.451-0300][gc,cpu      ] GC(0) User=0,02s Sys=0,01s Real=0,00s
[2022-06-03T12:18:59.549-0300][gc,start    ] GC(1) Pause Young (Concurrent Start) (Metadata GC Threshold)
[2022-06-03T12:18:59.549-0300][gc,task     ] GC(1) Using 8 workers of 8 for evacuation
[2022-06-03T12:18:59.555-0300][gc,phases   ] GC(1)   Pre Evacuate Collection Set: 0,1ms
[2022-06-03T12:18:59.555-0300][gc,phases   ] GC(1)   Merge Heap Roots: 0,1ms
[2022-06-03T12:18:59.555-0300][gc,phases   ] GC(1)   Evacuate Collection Set: 5,4ms
[2022-06-03T12:18:59.555-0300][gc,phases   ] GC(1)   Post Evacuate Collection Set: 0,3ms
[2022-06-03T12:18:59.555-0300][gc,phases   ] GC(1)   Other: 0,1ms
[2022-06-03T12:18:59.555-0300][gc,heap     ] GC(1) Eden regions: 7->0(50)
[2022-06-03T12:18:59.555-0300][gc,heap     ] GC(1) Survivor regions: 7->1(7)
[2022-06-03T12:18:59.555-0300][gc,heap     ] GC(1) Old regions: 1->8
[2022-06-03T12:18:59.555-0300][gc,heap     ] GC(1) Archive regions: 2->2
[2022-06-03T12:18:59.555-0300][gc,heap     ] GC(1) Humongous regions: 0->0
[2022-06-03T12:18:59.555-0300][gc,metaspace] GC(1) Metaspace: 21294K(21504K)->21294K(21504K) NonClass: 18453K(18560K)->18453K(18560K) Class: 2841K(2944K)->2841K(2944K)
[2022-06-03T12:18:59.555-0300][gc          ] GC(1) Pause Young (Concurrent Start) (Metadata GC Threshold) 14M->8M(1024M) 6,063ms
[2022-06-03T12:18:59.555-0300][gc,cpu      ] GC(1) User=0,03s Sys=0,01s Real=0,00s
[2022-06-03T12:18:59.555-0300][gc          ] GC(2) Concurrent Mark Cycle
[2022-06-03T12:18:59.556-0300][gc,marking  ] GC(2) Concurrent Clear Claimed Marks
[2022-06-03T12:18:59.556-0300][gc,marking  ] GC(2) Concurrent Clear Claimed Marks 0,021ms
[2022-06-03T12:18:59.556-0300][gc,marking  ] GC(2) Concurrent Scan Root Regions
[2022-06-03T12:18:59.559-0300][gc,marking  ] GC(2) Concurrent Scan Root Regions 3,870ms
[2022-06-03T12:18:59.559-0300][gc,marking  ] GC(2) Concurrent Mark
[2022-06-03T12:18:59.559-0300][gc,marking  ] GC(2) Concurrent Mark From Roots
[2022-06-03T12:18:59.559-0300][gc,task     ] GC(2) Using 2 workers of 2 for marking
[2022-06-03T12:18:59.561-0300][gc,marking  ] GC(2) Concurrent Mark From Roots 1,248ms
[2022-06-03T12:18:59.561-0300][gc,marking  ] GC(2) Concurrent Preclean
[2022-06-03T12:18:59.561-0300][gc,marking  ] GC(2) Concurrent Preclean 0,025ms
[2022-06-03T12:18:59.562-0300][gc,start    ] GC(2) Pause Remark
[2022-06-03T12:18:59.564-0300][gc          ] GC(2) Pause Remark 9M->9M(1024M) 1,947ms
[2022-06-03T12:18:59.564-0300][gc,cpu      ] GC(2) User=0,01s Sys=0,00s Real=0,00s
[2022-06-03T12:18:59.564-0300][gc,marking  ] GC(2) Concurrent Mark 4,238ms
[2022-06-03T12:18:59.564-0300][gc,marking  ] GC(2) Concurrent Rebuild Remembered Sets
[2022-06-03T12:18:59.566-0300][gc,marking  ] GC(2) Concurrent Rebuild Remembered Sets 2,032ms
[2022-06-03T12:18:59.566-0300][gc,start    ] GC(2) Pause Cleanup
[2022-06-03T12:18:59.566-0300][gc          ] GC(2) Pause Cleanup 9M->9M(1024M) 0,101ms
[2022-06-03T12:18:59.566-0300][gc,cpu      ] GC(2) User=0,00s Sys=0,00s Real=0,00s
[2022-06-03T12:18:59.566-0300][gc,marking  ] GC(2) Concurrent Cleanup for Next Mark
[2022-06-03T12:18:59.576-0300][gc,marking  ] GC(2) Concurrent Cleanup for Next Mark 9,894ms
[2022-06-03T12:18:59.576-0300][gc          ] GC(2) Concurrent Mark Cycle 20,546ms
[2022-06-03T12:19:00.535-0300][gc,start    ] GC(3) Pause Young (Normal) (G1 Evacuation Pause)
[2022-06-03T12:19:00.536-0300][gc,task     ] GC(3) Using 8 workers of 8 for evacuation
[2022-06-03T12:19:00.541-0300][gc,phases   ] GC(3)   Pre Evacuate Collection Set: 0,1ms
[2022-06-03T12:19:00.541-0300][gc,phases   ] GC(3)   Merge Heap Roots: 0,1ms
[2022-06-03T12:19:00.541-0300][gc,phases   ] GC(3)   Evacuate Collection Set: 4,8ms
[2022-06-03T12:19:00.541-0300][gc,phases   ] GC(3)   Post Evacuate Collection Set: 0,5ms
[2022-06-03T12:19:00.541-0300][gc,phases   ] GC(3)   Other: 0,1ms
[2022-06-03T12:19:00.541-0300][gc,heap     ] GC(3) Eden regions: 50->0(46)
[2022-06-03T12:19:00.541-0300][gc,heap     ] GC(3) Survivor regions: 1->5(7)
[2022-06-03T12:19:00.541-0300][gc,heap     ] GC(3) Old regions: 8->8
[2022-06-03T12:19:00.541-0300][gc,heap     ] GC(3) Archive regions: 2->2
[2022-06-03T12:19:00.541-0300][gc,heap     ] GC(3) Humongous regions: 129->129
[2022-06-03T12:19:00.541-0300][gc,metaspace] GC(3) Metaspace: 30492K(30784K)->30492K(30784K) NonClass: 26697K(26880K)->26697K(26880K) Class: 3795K(3904K)->3795K(3904K)
[2022-06-03T12:19:00.541-0300][gc          ] GC(3) Pause Young (Normal) (G1 Evacuation Pause) 187M->141M(1024M) 5,657ms
[2022-06-03T12:19:00.541-0300][gc,cpu      ] GC(3) User=0,02s Sys=0,01s Real=0,01s
[2022-06-03T12:19:01.076-0300][gc,heap,exit] Heap
[2022-06-03T12:19:01.076-0300][gc,heap,exit]  garbage-first heap   total 1048576K, used 159076K [0x00000000c0000000, 0x0000000100000000)
[2022-06-03T12:19:01.076-0300][gc,heap,exit]   region size 1024K, 19 young (19456K), 5 survivors (5120K)
[2022-06-03T12:19:01.076-0300][gc,heap,exit]  Metaspace       used 32358K, committed 32640K, reserved 1081344K
[2022-06-03T12:19:01.076-0300][gc,heap,exit]   class space    used 4089K, committed 4224K, reserved 1048576K
