[2022-06-03T22:52:49.430-0300][gc] Using G1
[2022-06-03T22:52:49.434-0300][gc,init] Version: 17.0.3+7-Ubuntu-0ubuntu0.22.04.1 (release)
[2022-06-03T22:52:49.434-0300][gc,init] CPUs: 8 total, 8 available
[2022-06-03T22:52:49.434-0300][gc,init] Memory: 11106M
[2022-06-03T22:52:49.434-0300][gc,init] Large Page Support: Disabled
[2022-06-03T22:52:49.434-0300][gc,init] NUMA Support: Disabled
[2022-06-03T22:52:49.434-0300][gc,init] Compressed Oops: Enabled (32-bit)
[2022-06-03T22:52:49.434-0300][gc,init] Heap Region Size: 1M
[2022-06-03T22:52:49.434-0300][gc,init] Heap Min Capacity: 1G
[2022-06-03T22:52:49.434-0300][gc,init] Heap Initial Capacity: 1G
[2022-06-03T22:52:49.434-0300][gc,init] Heap Max Capacity: 1G
[2022-06-03T22:52:49.434-0300][gc,init] Pre-touch: Disabled
[2022-06-03T22:52:49.434-0300][gc,init] Parallel Workers: 8
[2022-06-03T22:52:49.434-0300][gc,init] Concurrent Workers: 2
[2022-06-03T22:52:49.434-0300][gc,init] Concurrent Refinement Workers: 8
[2022-06-03T22:52:49.434-0300][gc,init] Periodic GC: Disabled
[2022-06-03T22:52:49.434-0300][gc,metaspace] CDS archive(s) mapped at: [0x0000000800000000-0x0000000800be0000-0x0000000800be0000), size 12451840, SharedBaseAddress: 0x0000000800000000, ArchiveRelocationMode: 0.
[2022-06-03T22:52:49.434-0300][gc,metaspace] Compressed class space mapped at: 0x0000000800c00000-0x0000000840c00000, reserved size: 1073741824
[2022-06-03T22:52:49.434-0300][gc,metaspace] Narrow klass base: 0x0000000800000000, Narrow klass shift: 0, Narrow klass range: 0x100000000
[2022-06-03T22:52:51.108-0300][gc,start    ] GC(0) Pause Young (Normal) (G1 Evacuation Pause)
[2022-06-03T22:52:51.109-0300][gc,task     ] GC(0) Using 8 workers of 8 for evacuation
[2022-06-03T22:52:51.112-0300][gc,phases   ] GC(0)   Pre Evacuate Collection Set: 0,1ms
[2022-06-03T22:52:51.112-0300][gc,phases   ] GC(0)   Merge Heap Roots: 0,1ms
[2022-06-03T22:52:51.112-0300][gc,phases   ] GC(0)   Evacuate Collection Set: 2,7ms
[2022-06-03T22:52:51.112-0300][gc,phases   ] GC(0)   Post Evacuate Collection Set: 0,4ms
[2022-06-03T22:52:51.112-0300][gc,phases   ] GC(0)   Other: 0,6ms
[2022-06-03T22:52:51.112-0300][gc,heap     ] GC(0) Eden regions: 51->0(44)
[2022-06-03T22:52:51.112-0300][gc,heap     ] GC(0) Survivor regions: 0->7(7)
[2022-06-03T22:52:51.112-0300][gc,heap     ] GC(0) Old regions: 0->1
[2022-06-03T22:52:51.112-0300][gc,heap     ] GC(0) Archive regions: 2->2
[2022-06-03T22:52:51.112-0300][gc,heap     ] GC(0) Humongous regions: 0->0
[2022-06-03T22:52:51.112-0300][gc,metaspace] GC(0) Metaspace: 19384K(19584K)->19384K(19584K) NonClass: 16821K(16960K)->16821K(16960K) Class: 2563K(2624K)->2563K(2624K)
[2022-06-03T22:52:51.112-0300][gc          ] GC(0) Pause Young (Normal) (G1 Evacuation Pause) 51M->8M(1024M) 3,969ms
[2022-06-03T22:52:51.112-0300][gc,cpu      ] GC(0) User=0,02s Sys=0,01s Real=0,01s
[2022-06-03T22:52:51.390-0300][gc,start    ] GC(1) Pause Young (Concurrent Start) (Metadata GC Threshold)
[2022-06-03T22:52:51.390-0300][gc,task     ] GC(1) Using 8 workers of 8 for evacuation
[2022-06-03T22:52:51.394-0300][gc,phases   ] GC(1)   Pre Evacuate Collection Set: 0,1ms
[2022-06-03T22:52:51.394-0300][gc,phases   ] GC(1)   Merge Heap Roots: 0,0ms
[2022-06-03T22:52:51.394-0300][gc,phases   ] GC(1)   Evacuate Collection Set: 3,2ms
[2022-06-03T22:52:51.394-0300][gc,phases   ] GC(1)   Post Evacuate Collection Set: 0,3ms
[2022-06-03T22:52:51.394-0300][gc,phases   ] GC(1)   Other: 0,2ms
[2022-06-03T22:52:51.394-0300][gc,heap     ] GC(1) Eden regions: 8->0(50)
[2022-06-03T22:52:51.394-0300][gc,heap     ] GC(1) Survivor regions: 7->1(7)
[2022-06-03T22:52:51.394-0300][gc,heap     ] GC(1) Old regions: 1->7
[2022-06-03T22:52:51.394-0300][gc,heap     ] GC(1) Archive regions: 2->2
[2022-06-03T22:52:51.394-0300][gc,heap     ] GC(1) Humongous regions: 0->0
[2022-06-03T22:52:51.394-0300][gc,metaspace] GC(1) Metaspace: 21305K(21504K)->21305K(21504K) NonClass: 18469K(18560K)->18469K(18560K) Class: 2835K(2944K)->2835K(2944K)
[2022-06-03T22:52:51.394-0300][gc          ] GC(1) Pause Young (Concurrent Start) (Metadata GC Threshold) 15M->8M(1024M) 3,849ms
[2022-06-03T22:52:51.394-0300][gc,cpu      ] GC(1) User=0,02s Sys=0,00s Real=0,01s
[2022-06-03T22:52:51.394-0300][gc          ] GC(2) Concurrent Mark Cycle
[2022-06-03T22:52:51.394-0300][gc,marking  ] GC(2) Concurrent Clear Claimed Marks
[2022-06-03T22:52:51.394-0300][gc,marking  ] GC(2) Concurrent Clear Claimed Marks 0,008ms
[2022-06-03T22:52:51.394-0300][gc,marking  ] GC(2) Concurrent Scan Root Regions
[2022-06-03T22:52:51.396-0300][gc,marking  ] GC(2) Concurrent Scan Root Regions 1,781ms
[2022-06-03T22:52:51.396-0300][gc,marking  ] GC(2) Concurrent Mark
[2022-06-03T22:52:51.396-0300][gc,marking  ] GC(2) Concurrent Mark From Roots
[2022-06-03T22:52:51.396-0300][gc,task     ] GC(2) Using 2 workers of 2 for marking
[2022-06-03T22:52:51.397-0300][gc,marking  ] GC(2) Concurrent Mark From Roots 0,754ms
[2022-06-03T22:52:51.397-0300][gc,marking  ] GC(2) Concurrent Preclean
[2022-06-03T22:52:51.397-0300][gc,marking  ] GC(2) Concurrent Preclean 0,032ms
[2022-06-03T22:52:51.397-0300][gc,start    ] GC(2) Pause Remark
[2022-06-03T22:52:51.398-0300][gc          ] GC(2) Pause Remark 9M->9M(1024M) 0,973ms
[2022-06-03T22:52:51.398-0300][gc,cpu      ] GC(2) User=0,00s Sys=0,00s Real=0,00s
[2022-06-03T22:52:51.398-0300][gc,marking  ] GC(2) Concurrent Mark 1,950ms
[2022-06-03T22:52:51.398-0300][gc,marking  ] GC(2) Concurrent Rebuild Remembered Sets
[2022-06-03T22:52:51.398-0300][gc,marking  ] GC(2) Concurrent Rebuild Remembered Sets 0,005ms
[2022-06-03T22:52:51.399-0300][gc,start    ] GC(2) Pause Cleanup
[2022-06-03T22:52:51.399-0300][gc          ] GC(2) Pause Cleanup 9M->9M(1024M) 0,011ms
[2022-06-03T22:52:51.399-0300][gc,cpu      ] GC(2) User=0,00s Sys=0,00s Real=0,00s
[2022-06-03T22:52:51.399-0300][gc,marking  ] GC(2) Concurrent Cleanup for Next Mark
[2022-06-03T22:52:51.402-0300][gc,marking  ] GC(2) Concurrent Cleanup for Next Mark 3,193ms
[2022-06-03T22:52:51.402-0300][gc          ] GC(2) Concurrent Mark Cycle 8,092ms
[2022-06-03T22:52:52.564-0300][gc,start    ] GC(3) Pause Young (Normal) (G1 Evacuation Pause)
[2022-06-03T22:52:52.564-0300][gc,task     ] GC(3) Using 8 workers of 8 for evacuation
[2022-06-03T22:52:52.577-0300][gc,phases   ] GC(3)   Pre Evacuate Collection Set: 0,1ms
[2022-06-03T22:52:52.578-0300][gc,phases   ] GC(3)   Merge Heap Roots: 0,0ms
[2022-06-03T22:52:52.578-0300][gc,phases   ] GC(3)   Evacuate Collection Set: 9,6ms
[2022-06-03T22:52:52.578-0300][gc,phases   ] GC(3)   Post Evacuate Collection Set: 3,1ms
[2022-06-03T22:52:52.578-0300][gc,phases   ] GC(3)   Other: 0,2ms
[2022-06-03T22:52:52.578-0300][gc,heap     ] GC(3) Eden regions: 50->0(46)
[2022-06-03T22:52:52.578-0300][gc,heap     ] GC(3) Survivor regions: 1->5(7)
[2022-06-03T22:52:52.578-0300][gc,heap     ] GC(3) Old regions: 7->7
[2022-06-03T22:52:52.578-0300][gc,heap     ] GC(3) Archive regions: 2->2
[2022-06-03T22:52:52.578-0300][gc,heap     ] GC(3) Humongous regions: 129->129
[2022-06-03T22:52:52.578-0300][gc,metaspace] GC(3) Metaspace: 29718K(29952K)->29718K(29952K) NonClass: 26038K(26176K)->26038K(26176K) Class: 3679K(3776K)->3679K(3776K)
[2022-06-03T22:52:52.578-0300][gc          ] GC(3) Pause Young (Normal) (G1 Evacuation Pause) 187M->141M(1024M) 13,476ms
[2022-06-03T22:52:52.578-0300][gc,cpu      ] GC(3) User=0,03s Sys=0,00s Real=0,01s
[2022-06-03T22:52:53.001-0300][gc,start    ] GC(4) Pause Young (Concurrent Start) (Metadata GC Threshold)
[2022-06-03T22:52:53.001-0300][gc,task     ] GC(4) Using 8 workers of 8 for evacuation
[2022-06-03T22:52:53.005-0300][gc,phases   ] GC(4)   Pre Evacuate Collection Set: 0,2ms
[2022-06-03T22:52:53.005-0300][gc,phases   ] GC(4)   Merge Heap Roots: 0,1ms
[2022-06-03T22:52:53.005-0300][gc,phases   ] GC(4)   Evacuate Collection Set: 3,5ms
[2022-06-03T22:52:53.005-0300][gc,phases   ] GC(4)   Post Evacuate Collection Set: 0,3ms
[2022-06-03T22:52:53.005-0300][gc,phases   ] GC(4)   Other: 0,2ms
[2022-06-03T22:52:53.005-0300][gc,heap     ] GC(4) Eden regions: 29->0(47)
[2022-06-03T22:52:53.005-0300][gc,heap     ] GC(4) Survivor regions: 5->4(7)
[2022-06-03T22:52:53.005-0300][gc,heap     ] GC(4) Old regions: 7->12
[2022-06-03T22:52:53.005-0300][gc,heap     ] GC(4) Archive regions: 2->2
[2022-06-03T22:52:53.005-0300][gc,heap     ] GC(4) Humongous regions: 129->129
[2022-06-03T22:52:53.005-0300][gc,metaspace] GC(4) Metaspace: 35815K(36096K)->35815K(36096K) NonClass: 31502K(31680K)->31502K(31680K) Class: 4312K(4416K)->4312K(4416K)
[2022-06-03T22:52:53.005-0300][gc          ] GC(4) Pause Young (Concurrent Start) (Metadata GC Threshold) 169M->144M(1024M) 4,266ms
[2022-06-03T22:52:53.005-0300][gc,cpu      ] GC(4) User=0,01s Sys=0,00s Real=0,00s
[2022-06-03T22:52:53.005-0300][gc          ] GC(5) Concurrent Mark Cycle
[2022-06-03T22:52:53.005-0300][gc,marking  ] GC(5) Concurrent Clear Claimed Marks
[2022-06-03T22:52:53.005-0300][gc,marking  ] GC(5) Concurrent Clear Claimed Marks 0,013ms
[2022-06-03T22:52:53.005-0300][gc,marking  ] GC(5) Concurrent Scan Root Regions
[2022-06-03T22:52:53.008-0300][gc,marking  ] GC(5) Concurrent Scan Root Regions 2,682ms
[2022-06-03T22:52:53.008-0300][gc,marking  ] GC(5) Concurrent Mark
[2022-06-03T22:52:53.008-0300][gc,marking  ] GC(5) Concurrent Mark From Roots
[2022-06-03T22:52:53.008-0300][gc,task     ] GC(5) Using 2 workers of 2 for marking
[2022-06-03T22:52:53.012-0300][gc,marking  ] GC(5) Concurrent Mark From Roots 4,638ms
[2022-06-03T22:52:53.012-0300][gc,marking  ] GC(5) Concurrent Preclean
[2022-06-03T22:52:53.013-0300][gc,marking  ] GC(5) Concurrent Preclean 0,083ms
[2022-06-03T22:52:53.015-0300][gc,start    ] GC(5) Pause Remark
[2022-06-03T22:52:53.017-0300][gc          ] GC(5) Pause Remark 146M->146M(1024M) 1,582ms
[2022-06-03T22:52:53.017-0300][gc,cpu      ] GC(5) User=0,01s Sys=0,01s Real=0,00s
[2022-06-03T22:52:53.018-0300][gc,marking  ] GC(5) Concurrent Mark 9,807ms
[2022-06-03T22:52:53.018-0300][gc,marking  ] GC(5) Concurrent Rebuild Remembered Sets
[2022-06-03T22:52:53.024-0300][gc,marking  ] GC(5) Concurrent Rebuild Remembered Sets 6,287ms
[2022-06-03T22:52:53.029-0300][gc,start    ] GC(5) Pause Cleanup
[2022-06-03T22:52:53.029-0300][gc          ] GC(5) Pause Cleanup 147M->147M(1024M) 0,159ms
[2022-06-03T22:52:53.029-0300][gc,cpu      ] GC(5) User=0,00s Sys=0,00s Real=0,00s
[2022-06-03T22:52:53.029-0300][gc,marking  ] GC(5) Concurrent Cleanup for Next Mark
[2022-06-03T22:52:53.036-0300][gc,marking  ] GC(5) Concurrent Cleanup for Next Mark 6,940ms
[2022-06-03T22:52:53.036-0300][gc          ] GC(5) Concurrent Mark Cycle 30,969ms
[2022-06-03T22:52:53.753-0300][gc,start    ] GC(6) Pause Young (Normal) (G1 Evacuation Pause)
[2022-06-03T22:52:53.753-0300][gc,task     ] GC(6) Using 8 workers of 8 for evacuation
[2022-06-03T22:52:53.757-0300][gc,phases   ] GC(6)   Pre Evacuate Collection Set: 0,1ms
[2022-06-03T22:52:53.757-0300][gc,phases   ] GC(6)   Merge Heap Roots: 0,1ms
[2022-06-03T22:52:53.757-0300][gc,phases   ] GC(6)   Evacuate Collection Set: 3,5ms
[2022-06-03T22:52:53.757-0300][gc,phases   ] GC(6)   Post Evacuate Collection Set: 0,5ms
[2022-06-03T22:52:53.757-0300][gc,phases   ] GC(6)   Other: 0,1ms
[2022-06-03T22:52:53.757-0300][gc,heap     ] GC(6) Eden regions: 47->0(46)
[2022-06-03T22:52:53.757-0300][gc,heap     ] GC(6) Survivor regions: 4->5(7)
[2022-06-03T22:52:53.757-0300][gc,heap     ] GC(6) Old regions: 12->12
[2022-06-03T22:52:53.757-0300][gc,heap     ] GC(6) Archive regions: 2->2
[2022-06-03T22:52:53.757-0300][gc,heap     ] GC(6) Humongous regions: 147->135
[2022-06-03T22:52:53.757-0300][gc,metaspace] GC(6) Metaspace: 38606K(39040K)->38606K(39040K) NonClass: 33813K(34048K)->33813K(34048K) Class: 4793K(4992K)->4793K(4992K)
[2022-06-03T22:52:53.757-0300][gc          ] GC(6) Pause Young (Normal) (G1 Evacuation Pause) 209M->151M(1024M) 4,369ms
[2022-06-03T22:52:53.758-0300][gc,cpu      ] GC(6) User=0,02s Sys=0,00s Real=0,00s
[2022-06-03T22:53:23.677-0300][gc,start    ] GC(7) Pause Young (Normal) (G1 Evacuation Pause)
[2022-06-03T22:53:23.677-0300][gc,task     ] GC(7) Using 8 workers of 8 for evacuation
[2022-06-03T22:53:23.691-0300][gc,phases   ] GC(7)   Pre Evacuate Collection Set: 0,2ms
[2022-06-03T22:53:23.691-0300][gc,phases   ] GC(7)   Merge Heap Roots: 0,1ms
[2022-06-03T22:53:23.691-0300][gc,phases   ] GC(7)   Evacuate Collection Set: 11,3ms
[2022-06-03T22:53:23.691-0300][gc,phases   ] GC(7)   Post Evacuate Collection Set: 2,0ms
[2022-06-03T22:53:23.691-0300][gc,phases   ] GC(7)   Other: 0,2ms
[2022-06-03T22:53:23.691-0300][gc,heap     ] GC(7) Eden regions: 46->0(47)
[2022-06-03T22:53:23.691-0300][gc,heap     ] GC(7) Survivor regions: 5->4(7)
[2022-06-03T22:53:23.691-0300][gc,heap     ] GC(7) Old regions: 12->15
[2022-06-03T22:53:23.691-0300][gc,heap     ] GC(7) Archive regions: 2->2
[2022-06-03T22:53:23.691-0300][gc,heap     ] GC(7) Humongous regions: 135->129
[2022-06-03T22:53:23.691-0300][gc,metaspace] GC(7) Metaspace: 42672K(43264K)->42672K(43264K) NonClass: 37157K(37504K)->37157K(37504K) Class: 5515K(5760K)->5515K(5760K)
[2022-06-03T22:53:23.691-0300][gc          ] GC(7) Pause Young (Normal) (G1 Evacuation Pause) 197M->147M(1024M) 13,959ms
[2022-06-03T22:53:23.691-0300][gc,cpu      ] GC(7) User=0,04s Sys=0,01s Real=0,01s
[2022-06-03T22:54:28.496-0300][gc,start    ] GC(8) Pause Young (Normal) (G1 Evacuation Pause)
[2022-06-03T22:54:28.496-0300][gc,task     ] GC(8) Using 8 workers of 8 for evacuation
[2022-06-03T22:54:28.500-0300][gc,phases   ] GC(8)   Pre Evacuate Collection Set: 0,2ms
[2022-06-03T22:54:28.500-0300][gc,phases   ] GC(8)   Merge Heap Roots: 0,1ms
[2022-06-03T22:54:28.500-0300][gc,phases   ] GC(8)   Evacuate Collection Set: 3,4ms
[2022-06-03T22:54:28.500-0300][gc,phases   ] GC(8)   Post Evacuate Collection Set: 0,5ms
[2022-06-03T22:54:28.500-0300][gc,phases   ] GC(8)   Other: 0,1ms
[2022-06-03T22:54:28.500-0300][gc,heap     ] GC(8) Eden regions: 47->0(44)
[2022-06-03T22:54:28.500-0300][gc,heap     ] GC(8) Survivor regions: 4->7(7)
[2022-06-03T22:54:28.500-0300][gc,heap     ] GC(8) Old regions: 15->15
[2022-06-03T22:54:28.500-0300][gc,heap     ] GC(8) Archive regions: 2->2
[2022-06-03T22:54:28.500-0300][gc,heap     ] GC(8) Humongous regions: 129->129
[2022-06-03T22:54:28.500-0300][gc,metaspace] GC(8) Metaspace: 44196K(44800K)->44196K(44800K) NonClass: 38592K(38976K)->38592K(38976K) Class: 5604K(5824K)->5604K(5824K)
[2022-06-03T22:54:28.500-0300][gc          ] GC(8) Pause Young (Normal) (G1 Evacuation Pause) 194M->150M(1024M) 4,308ms
[2022-06-03T22:54:28.500-0300][gc,cpu      ] GC(8) User=0,02s Sys=0,01s Real=0,01s
[2022-06-03T22:55:49.241-0300][gc,start    ] GC(9) Pause Young (Normal) (G1 Evacuation Pause)
[2022-06-03T22:55:49.241-0300][gc,task     ] GC(9) Using 8 workers of 8 for evacuation
[2022-06-03T22:55:49.247-0300][gc,phases   ] GC(9)   Pre Evacuate Collection Set: 0,1ms
[2022-06-03T22:55:49.247-0300][gc,phases   ] GC(9)   Merge Heap Roots: 0,1ms
[2022-06-03T22:55:49.247-0300][gc,phases   ] GC(9)   Evacuate Collection Set: 5,5ms
[2022-06-03T22:55:49.247-0300][gc,phases   ] GC(9)   Post Evacuate Collection Set: 0,5ms
[2022-06-03T22:55:49.247-0300][gc,phases   ] GC(9)   Other: 0,1ms
[2022-06-03T22:55:49.247-0300][gc,heap     ] GC(9) Eden regions: 44->0(67)
[2022-06-03T22:55:49.248-0300][gc,heap     ] GC(9) Survivor regions: 7->4(7)
[2022-06-03T22:55:49.248-0300][gc,heap     ] GC(9) Old regions: 15->17
[2022-06-03T22:55:49.248-0300][gc,heap     ] GC(9) Archive regions: 2->2
[2022-06-03T22:55:49.248-0300][gc,heap     ] GC(9) Humongous regions: 129->129
[2022-06-03T22:55:49.248-0300][gc,metaspace] GC(9) Metaspace: 44687K(45248K)->44687K(45248K) NonClass: 39083K(39424K)->39083K(39424K) Class: 5604K(5824K)->5604K(5824K)
[2022-06-03T22:55:49.248-0300][gc          ] GC(9) Pause Young (Normal) (G1 Evacuation Pause) 194M->150M(1024M) 6,479ms
[2022-06-03T22:55:49.248-0300][gc,cpu      ] GC(9) User=0,02s Sys=0,00s Real=0,00s
[2022-06-03T22:56:39.591-0300][gc,start    ] GC(10) Pause Young (Normal) (G1 Evacuation Pause)
[2022-06-03T22:56:39.591-0300][gc,task     ] GC(10) Using 8 workers of 8 for evacuation
[2022-06-03T22:56:39.595-0300][gc,phases   ] GC(10)   Pre Evacuate Collection Set: 0,1ms
[2022-06-03T22:56:39.595-0300][gc,phases   ] GC(10)   Merge Heap Roots: 0,1ms
[2022-06-03T22:56:39.595-0300][gc,phases   ] GC(10)   Evacuate Collection Set: 3,5ms
[2022-06-03T22:56:39.595-0300][gc,phases   ] GC(10)   Post Evacuate Collection Set: 0,4ms
[2022-06-03T22:56:39.595-0300][gc,phases   ] GC(10)   Other: 0,1ms
[2022-06-03T22:56:39.595-0300][gc,heap     ] GC(10) Eden regions: 67->0(94)
[2022-06-03T22:56:39.595-0300][gc,heap     ] GC(10) Survivor regions: 4->6(9)
[2022-06-03T22:56:39.596-0300][gc,heap     ] GC(10) Old regions: 17->17
[2022-06-03T22:56:39.596-0300][gc,heap     ] GC(10) Archive regions: 2->2
[2022-06-03T22:56:39.596-0300][gc,heap     ] GC(10) Humongous regions: 129->129
[2022-06-03T22:56:39.596-0300][gc,metaspace] GC(10) Metaspace: 45172K(45760K)->45172K(45760K) NonClass: 39566K(39936K)->39566K(39936K) Class: 5605K(5824K)->5605K(5824K)
[2022-06-03T22:56:39.596-0300][gc          ] GC(10) Pause Young (Normal) (G1 Evacuation Pause) 217M->152M(1024M) 4,234ms
[2022-06-03T22:56:39.596-0300][gc,cpu      ] GC(10) User=0,02s Sys=0,01s Real=0,00s
[2022-06-03T23:50:54.826-0300][gc,start    ] GC(11) Pause Young (Normal) (G1 Evacuation Pause)
[2022-06-03T23:50:54.826-0300][gc,task     ] GC(11) Using 8 workers of 8 for evacuation
[2022-06-03T23:50:54.829-0300][gc,phases   ] GC(11)   Pre Evacuate Collection Set: 0,2ms
[2022-06-03T23:50:54.829-0300][gc,phases   ] GC(11)   Merge Heap Roots: 0,1ms
[2022-06-03T23:50:54.829-0300][gc,phases   ] GC(11)   Evacuate Collection Set: 2,6ms
[2022-06-03T23:50:54.829-0300][gc,phases   ] GC(11)   Post Evacuate Collection Set: 0,4ms
[2022-06-03T23:50:54.829-0300][gc,phases   ] GC(11)   Other: 0,2ms
[2022-06-03T23:50:54.829-0300][gc,heap     ] GC(11) Eden regions: 94->0(143)
[2022-06-03T23:50:54.829-0300][gc,heap     ] GC(11) Survivor regions: 6->6(13)
[2022-06-03T23:50:54.829-0300][gc,heap     ] GC(11) Old regions: 17->17
[2022-06-03T23:50:54.829-0300][gc,heap     ] GC(11) Archive regions: 2->2
[2022-06-03T23:50:54.829-0300][gc,heap     ] GC(11) Humongous regions: 129->129
[2022-06-03T23:50:54.829-0300][gc,metaspace] GC(11) Metaspace: 45384K(45952K)->45384K(45952K) NonClass: 39770K(40064K)->39770K(40064K) Class: 5614K(5888K)->5614K(5888K)
[2022-06-03T23:50:54.829-0300][gc          ] GC(11) Pause Young (Normal) (G1 Evacuation Pause) 246M->152M(1024M) 3,419ms
[2022-06-03T23:50:54.829-0300][gc,cpu      ] GC(11) User=0,02s Sys=0,00s Real=0,00s
