[2022-06-03T12:19:14.537-0300][gc] Using G1
[2022-06-03T12:19:14.541-0300][gc,init] Version: 17.0.3+7-Ubuntu-0ubuntu0.22.04.1 (release)
[2022-06-03T12:19:14.541-0300][gc,init] CPUs: 8 total, 8 available
[2022-06-03T12:19:14.541-0300][gc,init] Memory: 11106M
[2022-06-03T12:19:14.541-0300][gc,init] Large Page Support: Disabled
[2022-06-03T12:19:14.541-0300][gc,init] NUMA Support: Disabled
[2022-06-03T12:19:14.541-0300][gc,init] Compressed Oops: Enabled (32-bit)
[2022-06-03T12:19:14.541-0300][gc,init] Heap Region Size: 1M
[2022-06-03T12:19:14.541-0300][gc,init] Heap Min Capacity: 1G
[2022-06-03T12:19:14.541-0300][gc,init] Heap Initial Capacity: 1G
[2022-06-03T12:19:14.541-0300][gc,init] Heap Max Capacity: 1G
[2022-06-03T12:19:14.541-0300][gc,init] Pre-touch: Disabled
[2022-06-03T12:19:14.541-0300][gc,init] Parallel Workers: 8
[2022-06-03T12:19:14.541-0300][gc,init] Concurrent Workers: 2
[2022-06-03T12:19:14.541-0300][gc,init] Concurrent Refinement Workers: 8
[2022-06-03T12:19:14.541-0300][gc,init] Periodic GC: Disabled
[2022-06-03T12:19:14.541-0300][gc,metaspace] CDS archive(s) mapped at: [0x0000000800000000-0x0000000800be0000-0x0000000800be0000), size 12451840, SharedBaseAddress: 0x0000000800000000, ArchiveRelocationMode: 0.
[2022-06-03T12:19:14.541-0300][gc,metaspace] Compressed class space mapped at: 0x0000000800c00000-0x0000000840c00000, reserved size: 1073741824
[2022-06-03T12:19:14.541-0300][gc,metaspace] Narrow klass base: 0x0000000800000000, Narrow klass shift: 0, Narrow klass range: 0x100000000
[2022-06-03T12:19:15.299-0300][gc,start    ] GC(0) Pause Young (Normal) (G1 Evacuation Pause)
[2022-06-03T12:19:15.300-0300][gc,task     ] GC(0) Using 8 workers of 8 for evacuation
[2022-06-03T12:19:15.304-0300][gc,phases   ] GC(0)   Pre Evacuate Collection Set: 0,1ms
[2022-06-03T12:19:15.304-0300][gc,phases   ] GC(0)   Merge Heap Roots: 0,0ms
[2022-06-03T12:19:15.304-0300][gc,phases   ] GC(0)   Evacuate Collection Set: 3,4ms
[2022-06-03T12:19:15.304-0300][gc,phases   ] GC(0)   Post Evacuate Collection Set: 0,4ms
[2022-06-03T12:19:15.304-0300][gc,phases   ] GC(0)   Other: 0,7ms
[2022-06-03T12:19:15.304-0300][gc,heap     ] GC(0) Eden regions: 51->0(44)
[2022-06-03T12:19:15.304-0300][gc,heap     ] GC(0) Survivor regions: 0->7(7)
[2022-06-03T12:19:15.304-0300][gc,heap     ] GC(0) Old regions: 0->1
[2022-06-03T12:19:15.304-0300][gc,heap     ] GC(0) Archive regions: 2->2
[2022-06-03T12:19:15.304-0300][gc,heap     ] GC(0) Humongous regions: 0->0
[2022-06-03T12:19:15.304-0300][gc,metaspace] GC(0) Metaspace: 19689K(19840K)->19689K(19840K) NonClass: 17069K(17152K)->17069K(17152K) Class: 2620K(2688K)->2620K(2688K)
[2022-06-03T12:19:15.304-0300][gc          ] GC(0) Pause Young (Normal) (G1 Evacuation Pause) 51M->8M(1024M) 4,689ms
[2022-06-03T12:19:15.304-0300][gc,cpu      ] GC(0) User=0,02s Sys=0,01s Real=0,00s
[2022-06-03T12:19:15.391-0300][gc,start    ] GC(1) Pause Young (Concurrent Start) (Metadata GC Threshold)
[2022-06-03T12:19:15.391-0300][gc,task     ] GC(1) Using 8 workers of 8 for evacuation
[2022-06-03T12:19:15.396-0300][gc,phases   ] GC(1)   Pre Evacuate Collection Set: 0,1ms
[2022-06-03T12:19:15.396-0300][gc,phases   ] GC(1)   Merge Heap Roots: 0,1ms
[2022-06-03T12:19:15.396-0300][gc,phases   ] GC(1)   Evacuate Collection Set: 3,8ms
[2022-06-03T12:19:15.396-0300][gc,phases   ] GC(1)   Post Evacuate Collection Set: 0,6ms
[2022-06-03T12:19:15.396-0300][gc,phases   ] GC(1)   Other: 0,2ms
[2022-06-03T12:19:15.396-0300][gc,heap     ] GC(1) Eden regions: 7->0(50)
[2022-06-03T12:19:15.396-0300][gc,heap     ] GC(1) Survivor regions: 7->1(7)
[2022-06-03T12:19:15.396-0300][gc,heap     ] GC(1) Old regions: 1->8
[2022-06-03T12:19:15.396-0300][gc,heap     ] GC(1) Archive regions: 2->2
[2022-06-03T12:19:15.396-0300][gc,heap     ] GC(1) Humongous regions: 0->0
[2022-06-03T12:19:15.396-0300][gc,metaspace] GC(1) Metaspace: 21310K(21504K)->21310K(21504K) NonClass: 18474K(18560K)->18474K(18560K) Class: 2836K(2944K)->2836K(2944K)
[2022-06-03T12:19:15.396-0300][gc          ] GC(1) Pause Young (Concurrent Start) (Metadata GC Threshold) 14M->8M(1024M) 4,818ms
[2022-06-03T12:19:15.396-0300][gc,cpu      ] GC(1) User=0,03s Sys=0,00s Real=0,00s
[2022-06-03T12:19:15.396-0300][gc          ] GC(2) Concurrent Mark Cycle
[2022-06-03T12:19:15.396-0300][gc,marking  ] GC(2) Concurrent Clear Claimed Marks
[2022-06-03T12:19:15.396-0300][gc,marking  ] GC(2) Concurrent Clear Claimed Marks 0,018ms
[2022-06-03T12:19:15.396-0300][gc,marking  ] GC(2) Concurrent Scan Root Regions
[2022-06-03T12:19:15.399-0300][gc,marking  ] GC(2) Concurrent Scan Root Regions 3,151ms
[2022-06-03T12:19:15.399-0300][gc,marking  ] GC(2) Concurrent Mark
[2022-06-03T12:19:15.399-0300][gc,marking  ] GC(2) Concurrent Mark From Roots
[2022-06-03T12:19:15.399-0300][gc,task     ] GC(2) Using 2 workers of 2 for marking
[2022-06-03T12:19:15.400-0300][gc,marking  ] GC(2) Concurrent Mark From Roots 0,971ms
[2022-06-03T12:19:15.400-0300][gc,marking  ] GC(2) Concurrent Preclean
[2022-06-03T12:19:15.400-0300][gc,marking  ] GC(2) Concurrent Preclean 0,023ms
[2022-06-03T12:19:15.400-0300][gc,start    ] GC(2) Pause Remark
[2022-06-03T12:19:15.401-0300][gc          ] GC(2) Pause Remark 9M->9M(1024M) 1,121ms
[2022-06-03T12:19:15.401-0300][gc,cpu      ] GC(2) User=0,00s Sys=0,00s Real=0,00s
[2022-06-03T12:19:15.401-0300][gc,marking  ] GC(2) Concurrent Mark 2,311ms
[2022-06-03T12:19:15.401-0300][gc,marking  ] GC(2) Concurrent Rebuild Remembered Sets
[2022-06-03T12:19:15.403-0300][gc,marking  ] GC(2) Concurrent Rebuild Remembered Sets 1,359ms
[2022-06-03T12:19:15.403-0300][gc,start    ] GC(2) Pause Cleanup
[2022-06-03T12:19:15.403-0300][gc          ] GC(2) Pause Cleanup 9M->9M(1024M) 0,117ms
[2022-06-03T12:19:15.403-0300][gc,cpu      ] GC(2) User=0,01s Sys=0,00s Real=0,00s
[2022-06-03T12:19:15.403-0300][gc,marking  ] GC(2) Concurrent Cleanup for Next Mark
[2022-06-03T12:19:15.406-0300][gc,marking  ] GC(2) Concurrent Cleanup for Next Mark 2,886ms
[2022-06-03T12:19:15.406-0300][gc          ] GC(2) Concurrent Mark Cycle 10,065ms
[2022-06-03T12:19:15.954-0300][gc,start    ] GC(3) Pause Young (Normal) (G1 Evacuation Pause)
[2022-06-03T12:19:15.954-0300][gc,task     ] GC(3) Using 8 workers of 8 for evacuation
[2022-06-03T12:19:15.957-0300][gc,phases   ] GC(3)   Pre Evacuate Collection Set: 0,1ms
[2022-06-03T12:19:15.957-0300][gc,phases   ] GC(3)   Merge Heap Roots: 0,1ms
[2022-06-03T12:19:15.957-0300][gc,phases   ] GC(3)   Evacuate Collection Set: 2,6ms
[2022-06-03T12:19:15.957-0300][gc,phases   ] GC(3)   Post Evacuate Collection Set: 0,4ms
[2022-06-03T12:19:15.957-0300][gc,phases   ] GC(3)   Other: 0,1ms
[2022-06-03T12:19:15.957-0300][gc,heap     ] GC(3) Eden regions: 50->0(46)
[2022-06-03T12:19:15.957-0300][gc,heap     ] GC(3) Survivor regions: 1->5(7)
[2022-06-03T12:19:15.957-0300][gc,heap     ] GC(3) Old regions: 8->8
[2022-06-03T12:19:15.957-0300][gc,heap     ] GC(3) Archive regions: 2->2
[2022-06-03T12:19:15.957-0300][gc,heap     ] GC(3) Humongous regions: 129->129
[2022-06-03T12:19:15.957-0300][gc,metaspace] GC(3) Metaspace: 30716K(30976K)->30716K(30976K) NonClass: 26891K(27008K)->26891K(27008K) Class: 3824K(3968K)->3824K(3968K)
[2022-06-03T12:19:15.957-0300][gc          ] GC(3) Pause Young (Normal) (G1 Evacuation Pause) 187M->141M(1024M) 3,209ms
[2022-06-03T12:19:15.957-0300][gc,cpu      ] GC(3) User=0,02s Sys=0,00s Real=0,01s
[2022-06-03T12:19:16.129-0300][gc,start    ] GC(4) Pause Young (Concurrent Start) (Metadata GC Threshold)
[2022-06-03T12:19:16.129-0300][gc,task     ] GC(4) Using 8 workers of 8 for evacuation
[2022-06-03T12:19:16.132-0300][gc,phases   ] GC(4)   Pre Evacuate Collection Set: 0,1ms
[2022-06-03T12:19:16.132-0300][gc,phases   ] GC(4)   Merge Heap Roots: 0,1ms
[2022-06-03T12:19:16.132-0300][gc,phases   ] GC(4)   Evacuate Collection Set: 2,8ms
[2022-06-03T12:19:16.132-0300][gc,phases   ] GC(4)   Post Evacuate Collection Set: 0,5ms
[2022-06-03T12:19:16.132-0300][gc,phases   ] GC(4)   Other: 0,1ms
[2022-06-03T12:19:16.132-0300][gc,heap     ] GC(4) Eden regions: 22->0(49)
[2022-06-03T12:19:16.132-0300][gc,heap     ] GC(4) Survivor regions: 5->2(7)
[2022-06-03T12:19:16.132-0300][gc,heap     ] GC(4) Old regions: 8->12
[2022-06-03T12:19:16.132-0300][gc,heap     ] GC(4) Archive regions: 2->2
[2022-06-03T12:19:16.132-0300][gc,heap     ] GC(4) Humongous regions: 129->129
[2022-06-03T12:19:16.132-0300][gc,metaspace] GC(4) Metaspace: 35942K(36160K)->35942K(36160K) NonClass: 31566K(31680K)->31566K(31680K) Class: 4376K(4480K)->4376K(4480K)
[2022-06-03T12:19:16.132-0300][gc          ] GC(4) Pause Young (Concurrent Start) (Metadata GC Threshold) 163M->143M(1024M) 3,640ms
[2022-06-03T12:19:16.132-0300][gc,cpu      ] GC(4) User=0,02s Sys=0,00s Real=0,00s
[2022-06-03T12:19:16.133-0300][gc          ] GC(5) Concurrent Mark Cycle
[2022-06-03T12:19:16.133-0300][gc,marking  ] GC(5) Concurrent Clear Claimed Marks
[2022-06-03T12:19:16.133-0300][gc,marking  ] GC(5) Concurrent Clear Claimed Marks 0,016ms
[2022-06-03T12:19:16.133-0300][gc,marking  ] GC(5) Concurrent Scan Root Regions
[2022-06-03T12:19:16.136-0300][gc,marking  ] GC(5) Concurrent Scan Root Regions 2,803ms
[2022-06-03T12:19:16.136-0300][gc,marking  ] GC(5) Concurrent Mark
[2022-06-03T12:19:16.136-0300][gc,marking  ] GC(5) Concurrent Mark From Roots
[2022-06-03T12:19:16.136-0300][gc,task     ] GC(5) Using 2 workers of 2 for marking
[2022-06-03T12:19:16.142-0300][gc,marking  ] GC(5) Concurrent Mark From Roots 5,693ms
[2022-06-03T12:19:16.142-0300][gc,marking  ] GC(5) Concurrent Preclean
[2022-06-03T12:19:16.142-0300][gc,marking  ] GC(5) Concurrent Preclean 0,094ms
[2022-06-03T12:19:16.144-0300][gc,start    ] GC(5) Pause Remark
[2022-06-03T12:19:16.145-0300][gc          ] GC(5) Pause Remark 145M->145M(1024M) 1,258ms
[2022-06-03T12:19:16.145-0300][gc,cpu      ] GC(5) User=0,01s Sys=0,00s Real=0,01s
[2022-06-03T12:19:16.145-0300][gc,marking  ] GC(5) Concurrent Mark 8,956ms
[2022-06-03T12:19:16.145-0300][gc,marking  ] GC(5) Concurrent Rebuild Remembered Sets
[2022-06-03T12:19:16.148-0300][gc,marking  ] GC(5) Concurrent Rebuild Remembered Sets 2,992ms
[2022-06-03T12:19:16.148-0300][gc,start    ] GC(5) Pause Cleanup
[2022-06-03T12:19:16.148-0300][gc          ] GC(5) Pause Cleanup 145M->145M(1024M) 0,100ms
[2022-06-03T12:19:16.148-0300][gc,cpu      ] GC(5) User=0,01s Sys=0,00s Real=0,00s
[2022-06-03T12:19:16.148-0300][gc,marking  ] GC(5) Concurrent Cleanup for Next Mark
[2022-06-03T12:19:16.152-0300][gc,marking  ] GC(5) Concurrent Cleanup for Next Mark 3,336ms
[2022-06-03T12:19:16.152-0300][gc          ] GC(5) Concurrent Mark Cycle 18,497ms
[2022-06-03T12:19:24.124-0300][gc,start    ] GC(6) Pause Young (Normal) (G1 Evacuation Pause)
[2022-06-03T12:19:24.124-0300][gc,task     ] GC(6) Using 8 workers of 8 for evacuation
[2022-06-03T12:19:24.127-0300][gc,phases   ] GC(6)   Pre Evacuate Collection Set: 0,1ms
[2022-06-03T12:19:24.127-0300][gc,phases   ] GC(6)   Merge Heap Roots: 0,1ms
[2022-06-03T12:19:24.127-0300][gc,phases   ] GC(6)   Evacuate Collection Set: 2,1ms
[2022-06-03T12:19:24.127-0300][gc,phases   ] GC(6)   Post Evacuate Collection Set: 0,4ms
[2022-06-03T12:19:24.127-0300][gc,phases   ] GC(6)   Other: 0,1ms
[2022-06-03T12:19:24.127-0300][gc,heap     ] GC(6) Eden regions: 49->0(47)
[2022-06-03T12:19:24.127-0300][gc,heap     ] GC(6) Survivor regions: 2->4(7)
[2022-06-03T12:19:24.127-0300][gc,heap     ] GC(6) Old regions: 12->12
[2022-06-03T12:19:24.127-0300][gc,heap     ] GC(6) Archive regions: 2->2
[2022-06-03T12:19:24.127-0300][gc,heap     ] GC(6) Humongous regions: 147->129
[2022-06-03T12:19:24.127-0300][gc,metaspace] GC(6) Metaspace: 40106K(40704K)->40106K(40704K) NonClass: 34989K(35328K)->34989K(35328K) Class: 5117K(5376K)->5117K(5376K)
[2022-06-03T12:19:24.127-0300][gc          ] GC(6) Pause Young (Normal) (G1 Evacuation Pause) 210M->145M(1024M) 2,828ms
[2022-06-03T12:19:24.127-0300][gc,cpu      ] GC(6) User=0,01s Sys=0,01s Real=0,00s
[2022-06-03T12:24:09.952-0300][gc,start    ] GC(7) Pause Young (Normal) (G1 Evacuation Pause)
[2022-06-03T12:24:09.952-0300][gc,task     ] GC(7) Using 8 workers of 8 for evacuation
[2022-06-03T12:24:09.958-0300][gc,phases   ] GC(7)   Pre Evacuate Collection Set: 0,2ms
[2022-06-03T12:24:09.958-0300][gc,phases   ] GC(7)   Merge Heap Roots: 0,1ms
[2022-06-03T12:24:09.958-0300][gc,phases   ] GC(7)   Evacuate Collection Set: 4,2ms
[2022-06-03T12:24:09.958-0300][gc,phases   ] GC(7)   Post Evacuate Collection Set: 0,8ms
[2022-06-03T12:24:09.958-0300][gc,phases   ] GC(7)   Other: 0,1ms
[2022-06-03T12:24:09.958-0300][gc,heap     ] GC(7) Eden regions: 47->0(46)
[2022-06-03T12:24:09.958-0300][gc,heap     ] GC(7) Survivor regions: 4->5(7)
[2022-06-03T12:24:09.958-0300][gc,heap     ] GC(7) Old regions: 12->12
[2022-06-03T12:24:09.958-0300][gc,heap     ] GC(7) Archive regions: 2->2
[2022-06-03T12:24:09.958-0300][gc,heap     ] GC(7) Humongous regions: 129->129
[2022-06-03T12:24:09.958-0300][gc,metaspace] GC(7) Metaspace: 43394K(44032K)->43394K(44032K) NonClass: 37791K(38144K)->37791K(38144K) Class: 5603K(5888K)->5603K(5888K)
[2022-06-03T12:24:09.958-0300][gc          ] GC(7) Pause Young (Normal) (G1 Evacuation Pause) 192M->146M(1024M) 5,396ms
[2022-06-03T12:24:09.958-0300][gc,cpu      ] GC(7) User=0,02s Sys=0,00s Real=0,01s
[2022-06-03T12:37:01.096-0300][gc,start    ] GC(8) Pause Young (Normal) (G1 Evacuation Pause)
[2022-06-03T12:37:01.096-0300][gc,task     ] GC(8) Using 8 workers of 8 for evacuation
[2022-06-03T12:37:01.099-0300][gc,phases   ] GC(8)   Pre Evacuate Collection Set: 0,1ms
[2022-06-03T12:37:01.099-0300][gc,phases   ] GC(8)   Merge Heap Roots: 0,1ms
[2022-06-03T12:37:01.099-0300][gc,phases   ] GC(8)   Evacuate Collection Set: 2,6ms
[2022-06-03T12:37:01.099-0300][gc,phases   ] GC(8)   Post Evacuate Collection Set: 0,4ms
[2022-06-03T12:37:01.099-0300][gc,phases   ] GC(8)   Other: 0,1ms
[2022-06-03T12:37:01.099-0300][gc,heap     ] GC(8) Eden regions: 46->0(46)
[2022-06-03T12:37:01.099-0300][gc,heap     ] GC(8) Survivor regions: 5->5(7)
[2022-06-03T12:37:01.099-0300][gc,heap     ] GC(8) Old regions: 12->14
[2022-06-03T12:37:01.099-0300][gc,heap     ] GC(8) Archive regions: 2->2
[2022-06-03T12:37:01.099-0300][gc,heap     ] GC(8) Humongous regions: 129->129
[2022-06-03T12:37:01.099-0300][gc,metaspace] GC(8) Metaspace: 44148K(44800K)->44148K(44800K) NonClass: 38526K(38912K)->38526K(38912K) Class: 5621K(5888K)->5621K(5888K)
[2022-06-03T12:37:01.099-0300][gc          ] GC(8) Pause Young (Normal) (G1 Evacuation Pause) 192M->148M(1024M) 3,454ms
[2022-06-03T12:37:01.099-0300][gc,cpu      ] GC(8) User=0,02s Sys=0,00s Real=0,01s
[2022-06-03T12:42:26.713-0300][gc,start    ] GC(9) Pause Young (Normal) (G1 Evacuation Pause)
[2022-06-03T12:42:26.713-0300][gc,task     ] GC(9) Using 8 workers of 8 for evacuation
[2022-06-03T12:42:26.718-0300][gc,phases   ] GC(9)   Pre Evacuate Collection Set: 0,2ms
[2022-06-03T12:42:26.718-0300][gc,phases   ] GC(9)   Merge Heap Roots: 0,1ms
[2022-06-03T12:42:26.718-0300][gc,phases   ] GC(9)   Evacuate Collection Set: 3,9ms
[2022-06-03T12:42:26.718-0300][gc,phases   ] GC(9)   Post Evacuate Collection Set: 0,9ms
[2022-06-03T12:42:26.718-0300][gc,phases   ] GC(9)   Other: 0,2ms
[2022-06-03T12:42:26.718-0300][gc,heap     ] GC(9) Eden regions: 46->0(71)
[2022-06-03T12:42:26.718-0300][gc,heap     ] GC(9) Survivor regions: 5->4(7)
[2022-06-03T12:42:26.718-0300][gc,heap     ] GC(9) Old regions: 14->16
[2022-06-03T12:42:26.718-0300][gc,heap     ] GC(9) Archive regions: 2->2
[2022-06-03T12:42:26.718-0300][gc,heap     ] GC(9) Humongous regions: 129->129
[2022-06-03T12:42:26.718-0300][gc,metaspace] GC(9) Metaspace: 44755K(45376K)->44755K(45376K) NonClass: 39130K(39488K)->39130K(39488K) Class: 5624K(5888K)->5624K(5888K)
[2022-06-03T12:42:26.718-0300][gc          ] GC(9) Pause Young (Normal) (G1 Evacuation Pause) 194M->149M(1024M) 5,251ms
[2022-06-03T12:42:26.718-0300][gc,cpu      ] GC(9) User=0,03s Sys=0,00s Real=0,01s
[2022-06-03T12:53:43.197-0300][gc,heap,exit] Heap
[2022-06-03T12:53:43.197-0300][gc,heap,exit]  garbage-first heap   total 1048576K, used 180413K [0x00000000c0000000, 0x0000000100000000)
[2022-06-03T12:53:43.197-0300][gc,heap,exit]   region size 1024K, 32 young (32768K), 4 survivors (4096K)
[2022-06-03T12:53:43.197-0300][gc,heap,exit]  Metaspace       used 45349K, committed 46016K, reserved 1089536K
[2022-06-03T12:53:43.197-0300][gc,heap,exit]   class space    used 5777K, committed 6080K, reserved 1048576K
