[2022-06-03T13:05:48.188-0300][gc] Using G1
[2022-06-03T13:05:48.192-0300][gc,init] Version: 17.0.3+7-Ubuntu-0ubuntu0.22.04.1 (release)
[2022-06-03T13:05:48.192-0300][gc,init] CPUs: 8 total, 8 available
[2022-06-03T13:05:48.192-0300][gc,init] Memory: 11106M
[2022-06-03T13:05:48.192-0300][gc,init] Large Page Support: Disabled
[2022-06-03T13:05:48.192-0300][gc,init] NUMA Support: Disabled
[2022-06-03T13:05:48.192-0300][gc,init] Compressed Oops: Enabled (32-bit)
[2022-06-03T13:05:48.192-0300][gc,init] Heap Region Size: 1M
[2022-06-03T13:05:48.192-0300][gc,init] Heap Min Capacity: 1G
[2022-06-03T13:05:48.192-0300][gc,init] Heap Initial Capacity: 1G
[2022-06-03T13:05:48.192-0300][gc,init] Heap Max Capacity: 1G
[2022-06-03T13:05:48.192-0300][gc,init] Pre-touch: Disabled
[2022-06-03T13:05:48.192-0300][gc,init] Parallel Workers: 8
[2022-06-03T13:05:48.192-0300][gc,init] Concurrent Workers: 2
[2022-06-03T13:05:48.192-0300][gc,init] Concurrent Refinement Workers: 8
[2022-06-03T13:05:48.192-0300][gc,init] Periodic GC: Disabled
[2022-06-03T13:05:48.192-0300][gc,metaspace] CDS archive(s) mapped at: [0x0000000800000000-0x0000000800be0000-0x0000000800be0000), size 12451840, SharedBaseAddress: 0x0000000800000000, ArchiveRelocationMode: 0.
[2022-06-03T13:05:48.192-0300][gc,metaspace] Compressed class space mapped at: 0x0000000800c00000-0x0000000840c00000, reserved size: 1073741824
[2022-06-03T13:05:48.192-0300][gc,metaspace] Narrow klass base: 0x0000000800000000, Narrow klass shift: 0, Narrow klass range: 0x100000000
[2022-06-03T13:05:48.962-0300][gc,start    ] GC(0) Pause Young (Normal) (G1 Evacuation Pause)
[2022-06-03T13:05:48.963-0300][gc,task     ] GC(0) Using 8 workers of 8 for evacuation
[2022-06-03T13:05:48.966-0300][gc,phases   ] GC(0)   Pre Evacuate Collection Set: 0,1ms
[2022-06-03T13:05:48.966-0300][gc,phases   ] GC(0)   Merge Heap Roots: 0,1ms
[2022-06-03T13:05:48.966-0300][gc,phases   ] GC(0)   Evacuate Collection Set: 2,8ms
[2022-06-03T13:05:48.966-0300][gc,phases   ] GC(0)   Post Evacuate Collection Set: 0,5ms
[2022-06-03T13:05:48.966-0300][gc,phases   ] GC(0)   Other: 0,7ms
[2022-06-03T13:05:48.966-0300][gc,heap     ] GC(0) Eden regions: 51->0(44)
[2022-06-03T13:05:48.966-0300][gc,heap     ] GC(0) Survivor regions: 0->7(7)
[2022-06-03T13:05:48.966-0300][gc,heap     ] GC(0) Old regions: 0->1
[2022-06-03T13:05:48.966-0300][gc,heap     ] GC(0) Archive regions: 2->2
[2022-06-03T13:05:48.966-0300][gc,heap     ] GC(0) Humongous regions: 0->0
[2022-06-03T13:05:48.966-0300][gc,metaspace] GC(0) Metaspace: 19655K(19840K)->19655K(19840K) NonClass: 17037K(17152K)->17037K(17152K) Class: 2617K(2688K)->2617K(2688K)
[2022-06-03T13:05:48.966-0300][gc          ] GC(0) Pause Young (Normal) (G1 Evacuation Pause) 51M->8M(1024M) 4,186ms
[2022-06-03T13:05:48.966-0300][gc,cpu      ] GC(0) User=0,02s Sys=0,01s Real=0,01s
[2022-06-03T13:05:49.079-0300][gc,start    ] GC(1) Pause Young (Concurrent Start) (Metadata GC Threshold)
[2022-06-03T13:05:49.079-0300][gc,task     ] GC(1) Using 8 workers of 8 for evacuation
[2022-06-03T13:05:49.082-0300][gc,phases   ] GC(1)   Pre Evacuate Collection Set: 0,1ms
[2022-06-03T13:05:49.082-0300][gc,phases   ] GC(1)   Merge Heap Roots: 0,1ms
[2022-06-03T13:05:49.082-0300][gc,phases   ] GC(1)   Evacuate Collection Set: 3,2ms
[2022-06-03T13:05:49.082-0300][gc,phases   ] GC(1)   Post Evacuate Collection Set: 0,3ms
[2022-06-03T13:05:49.082-0300][gc,phases   ] GC(1)   Other: 0,1ms
[2022-06-03T13:05:49.082-0300][gc,heap     ] GC(1) Eden regions: 8->0(50)
[2022-06-03T13:05:49.082-0300][gc,heap     ] GC(1) Survivor regions: 7->1(7)
[2022-06-03T13:05:49.082-0300][gc,heap     ] GC(1) Old regions: 1->7
[2022-06-03T13:05:49.082-0300][gc,heap     ] GC(1) Archive regions: 2->2
[2022-06-03T13:05:49.082-0300][gc,heap     ] GC(1) Humongous regions: 0->0
[2022-06-03T13:05:49.082-0300][gc,metaspace] GC(1) Metaspace: 21299K(21504K)->21299K(21504K) NonClass: 18463K(18560K)->18463K(18560K) Class: 2836K(2944K)->2836K(2944K)
[2022-06-03T13:05:49.082-0300][gc          ] GC(1) Pause Young (Concurrent Start) (Metadata GC Threshold) 15M->8M(1024M) 3,851ms
[2022-06-03T13:05:49.082-0300][gc,cpu      ] GC(1) User=0,02s Sys=0,00s Real=0,00s
[2022-06-03T13:05:49.082-0300][gc          ] GC(2) Concurrent Mark Cycle
[2022-06-03T13:05:49.083-0300][gc,marking  ] GC(2) Concurrent Clear Claimed Marks
[2022-06-03T13:05:49.083-0300][gc,marking  ] GC(2) Concurrent Clear Claimed Marks 0,011ms
[2022-06-03T13:05:49.083-0300][gc,marking  ] GC(2) Concurrent Scan Root Regions
[2022-06-03T13:05:49.084-0300][gc,marking  ] GC(2) Concurrent Scan Root Regions 1,534ms
[2022-06-03T13:05:49.084-0300][gc,marking  ] GC(2) Concurrent Mark
[2022-06-03T13:05:49.084-0300][gc,marking  ] GC(2) Concurrent Mark From Roots
[2022-06-03T13:05:49.084-0300][gc,task     ] GC(2) Using 2 workers of 2 for marking
[2022-06-03T13:05:49.085-0300][gc,marking  ] GC(2) Concurrent Mark From Roots 0,841ms
[2022-06-03T13:05:49.085-0300][gc,marking  ] GC(2) Concurrent Preclean
[2022-06-03T13:05:49.085-0300][gc,marking  ] GC(2) Concurrent Preclean 0,022ms
[2022-06-03T13:05:49.088-0300][gc,start    ] GC(2) Pause Remark
[2022-06-03T13:05:49.089-0300][gc          ] GC(2) Pause Remark 9M->9M(1024M) 1,091ms
[2022-06-03T13:05:49.089-0300][gc,cpu      ] GC(2) User=0,00s Sys=0,00s Real=0,00s
[2022-06-03T13:05:49.089-0300][gc,marking  ] GC(2) Concurrent Mark 5,257ms
[2022-06-03T13:05:49.089-0300][gc,marking  ] GC(2) Concurrent Rebuild Remembered Sets
[2022-06-03T13:05:49.089-0300][gc,marking  ] GC(2) Concurrent Rebuild Remembered Sets 0,005ms
[2022-06-03T13:05:49.090-0300][gc,start    ] GC(2) Pause Cleanup
[2022-06-03T13:05:49.090-0300][gc          ] GC(2) Pause Cleanup 9M->9M(1024M) 0,012ms
[2022-06-03T13:05:49.090-0300][gc,cpu      ] GC(2) User=0,00s Sys=0,00s Real=0,00s
[2022-06-03T13:05:49.090-0300][gc,marking  ] GC(2) Concurrent Cleanup for Next Mark
[2022-06-03T13:05:49.093-0300][gc,marking  ] GC(2) Concurrent Cleanup for Next Mark 2,854ms
[2022-06-03T13:05:49.093-0300][gc          ] GC(2) Concurrent Mark Cycle 10,560ms
[2022-06-03T13:05:49.727-0300][gc,start    ] GC(3) Pause Young (Normal) (G1 Evacuation Pause)
[2022-06-03T13:05:49.727-0300][gc,task     ] GC(3) Using 8 workers of 8 for evacuation
[2022-06-03T13:05:49.734-0300][gc,phases   ] GC(3)   Pre Evacuate Collection Set: 0,1ms
[2022-06-03T13:05:49.734-0300][gc,phases   ] GC(3)   Merge Heap Roots: 0,1ms
[2022-06-03T13:05:49.734-0300][gc,phases   ] GC(3)   Evacuate Collection Set: 5,6ms
[2022-06-03T13:05:49.734-0300][gc,phases   ] GC(3)   Post Evacuate Collection Set: 0,6ms
[2022-06-03T13:05:49.734-0300][gc,phases   ] GC(3)   Other: 0,1ms
[2022-06-03T13:05:49.734-0300][gc,heap     ] GC(3) Eden regions: 50->0(46)
[2022-06-03T13:05:49.734-0300][gc,heap     ] GC(3) Survivor regions: 1->5(7)
[2022-06-03T13:05:49.734-0300][gc,heap     ] GC(3) Old regions: 7->7
[2022-06-03T13:05:49.734-0300][gc,heap     ] GC(3) Archive regions: 2->2
[2022-06-03T13:05:49.734-0300][gc,heap     ] GC(3) Humongous regions: 129->129
[2022-06-03T13:05:49.734-0300][gc,metaspace] GC(3) Metaspace: 31159K(31424K)->31159K(31424K) NonClass: 27268K(27392K)->27268K(27392K) Class: 3891K(4032K)->3891K(4032K)
[2022-06-03T13:05:49.734-0300][gc          ] GC(3) Pause Young (Normal) (G1 Evacuation Pause) 187M->141M(1024M) 6,471ms
[2022-06-03T13:05:49.734-0300][gc,cpu      ] GC(3) User=0,03s Sys=0,00s Real=0,00s
[2022-06-03T13:05:50.234-0300][gc,heap,exit] Heap
[2022-06-03T13:05:50.234-0300][gc,heap,exit]  garbage-first heap   total 1048576K, used 156353K [0x00000000c0000000, 0x0000000100000000)
[2022-06-03T13:05:50.234-0300][gc,heap,exit]   region size 1024K, 16 young (16384K), 5 survivors (5120K)
[2022-06-03T13:05:50.234-0300][gc,heap,exit]  Metaspace       used 32303K, committed 32576K, reserved 1081344K
[2022-06-03T13:05:50.234-0300][gc,heap,exit]   class space    used 4087K, committed 4224K, reserved 1048576K
