[2022-06-03T21:20:32.716-0300][gc] Using G1
[2022-06-03T21:20:32.722-0300][gc,init] Version: 17.0.3+7-Ubuntu-0ubuntu0.22.04.1 (release)
[2022-06-03T21:20:32.722-0300][gc,init] CPUs: 8 total, 8 available
[2022-06-03T21:20:32.722-0300][gc,init] Memory: 11106M
[2022-06-03T21:20:32.722-0300][gc,init] Large Page Support: Disabled
[2022-06-03T21:20:32.722-0300][gc,init] NUMA Support: Disabled
[2022-06-03T21:20:32.722-0300][gc,init] Compressed Oops: Enabled (32-bit)
[2022-06-03T21:20:32.722-0300][gc,init] Heap Region Size: 1M
[2022-06-03T21:20:32.722-0300][gc,init] Heap Min Capacity: 1G
[2022-06-03T21:20:32.722-0300][gc,init] Heap Initial Capacity: 1G
[2022-06-03T21:20:32.722-0300][gc,init] Heap Max Capacity: 1G
[2022-06-03T21:20:32.722-0300][gc,init] Pre-touch: Disabled
[2022-06-03T21:20:32.722-0300][gc,init] Parallel Workers: 8
[2022-06-03T21:20:32.722-0300][gc,init] Concurrent Workers: 2
[2022-06-03T21:20:32.722-0300][gc,init] Concurrent Refinement Workers: 8
[2022-06-03T21:20:32.722-0300][gc,init] Periodic GC: Disabled
[2022-06-03T21:20:32.722-0300][gc,metaspace] CDS archive(s) mapped at: [0x0000000800000000-0x0000000800be0000-0x0000000800be0000), size 12451840, SharedBaseAddress: 0x0000000800000000, ArchiveRelocationMode: 0.
[2022-06-03T21:20:32.722-0300][gc,metaspace] Compressed class space mapped at: 0x0000000800c00000-0x0000000840c00000, reserved size: 1073741824
[2022-06-03T21:20:32.722-0300][gc,metaspace] Narrow klass base: 0x0000000800000000, Narrow klass shift: 0, Narrow klass range: 0x100000000
[2022-06-03T21:20:33.534-0300][gc,start    ] GC(0) Pause Young (Normal) (G1 Evacuation Pause)
[2022-06-03T21:20:33.535-0300][gc,task     ] GC(0) Using 8 workers of 8 for evacuation
[2022-06-03T21:20:33.541-0300][gc,phases   ] GC(0)   Pre Evacuate Collection Set: 0,1ms
[2022-06-03T21:20:33.541-0300][gc,phases   ] GC(0)   Merge Heap Roots: 1,1ms
[2022-06-03T21:20:33.541-0300][gc,phases   ] GC(0)   Evacuate Collection Set: 4,5ms
[2022-06-03T21:20:33.541-0300][gc,phases   ] GC(0)   Post Evacuate Collection Set: 0,4ms
[2022-06-03T21:20:33.541-0300][gc,phases   ] GC(0)   Other: 0,7ms
[2022-06-03T21:20:33.541-0300][gc,heap     ] GC(0) Eden regions: 51->0(44)
[2022-06-03T21:20:33.541-0300][gc,heap     ] GC(0) Survivor regions: 0->7(7)
[2022-06-03T21:20:33.541-0300][gc,heap     ] GC(0) Old regions: 0->1
[2022-06-03T21:20:33.541-0300][gc,heap     ] GC(0) Archive regions: 2->2
[2022-06-03T21:20:33.541-0300][gc,heap     ] GC(0) Humongous regions: 0->0
[2022-06-03T21:20:33.541-0300][gc,metaspace] GC(0) Metaspace: 19673K(19840K)->19673K(19840K) NonClass: 17055K(17152K)->17055K(17152K) Class: 2617K(2688K)->2617K(2688K)
[2022-06-03T21:20:33.541-0300][gc          ] GC(0) Pause Young (Normal) (G1 Evacuation Pause) 51M->8M(1024M) 6,860ms
[2022-06-03T21:20:33.541-0300][gc,cpu      ] GC(0) User=0,04s Sys=0,00s Real=0,01s
[2022-06-03T21:20:33.658-0300][gc,start    ] GC(1) Pause Young (Concurrent Start) (Metadata GC Threshold)
[2022-06-03T21:20:33.658-0300][gc,task     ] GC(1) Using 8 workers of 8 for evacuation
[2022-06-03T21:20:33.665-0300][gc,phases   ] GC(1)   Pre Evacuate Collection Set: 0,2ms
[2022-06-03T21:20:33.665-0300][gc,phases   ] GC(1)   Merge Heap Roots: 0,2ms
[2022-06-03T21:20:33.665-0300][gc,phases   ] GC(1)   Evacuate Collection Set: 6,1ms
[2022-06-03T21:20:33.665-0300][gc,phases   ] GC(1)   Post Evacuate Collection Set: 0,3ms
[2022-06-03T21:20:33.665-0300][gc,phases   ] GC(1)   Other: 0,3ms
[2022-06-03T21:20:33.665-0300][gc,heap     ] GC(1) Eden regions: 7->0(50)
[2022-06-03T21:20:33.665-0300][gc,heap     ] GC(1) Survivor regions: 7->1(7)
[2022-06-03T21:20:33.665-0300][gc,heap     ] GC(1) Old regions: 1->8
[2022-06-03T21:20:33.665-0300][gc,heap     ] GC(1) Archive regions: 2->2
[2022-06-03T21:20:33.665-0300][gc,heap     ] GC(1) Humongous regions: 0->0
[2022-06-03T21:20:33.665-0300][gc,metaspace] GC(1) Metaspace: 21290K(21504K)->21290K(21504K) NonClass: 18453K(18560K)->18453K(18560K) Class: 2837K(2944K)->2837K(2944K)
[2022-06-03T21:20:33.665-0300][gc          ] GC(1) Pause Young (Concurrent Start) (Metadata GC Threshold) 14M->9M(1024M) 7,146ms
[2022-06-03T21:20:33.665-0300][gc,cpu      ] GC(1) User=0,03s Sys=0,02s Real=0,01s
[2022-06-03T21:20:33.665-0300][gc          ] GC(2) Concurrent Mark Cycle
[2022-06-03T21:20:33.665-0300][gc,marking  ] GC(2) Concurrent Clear Claimed Marks
[2022-06-03T21:20:33.665-0300][gc,marking  ] GC(2) Concurrent Clear Claimed Marks 0,008ms
[2022-06-03T21:20:33.665-0300][gc,marking  ] GC(2) Concurrent Scan Root Regions
[2022-06-03T21:20:33.667-0300][gc,marking  ] GC(2) Concurrent Scan Root Regions 1,704ms
[2022-06-03T21:20:33.667-0300][gc,marking  ] GC(2) Concurrent Mark
[2022-06-03T21:20:33.667-0300][gc,marking  ] GC(2) Concurrent Mark From Roots
[2022-06-03T21:20:33.667-0300][gc,task     ] GC(2) Using 2 workers of 2 for marking
[2022-06-03T21:20:33.668-0300][gc,marking  ] GC(2) Concurrent Mark From Roots 0,731ms
[2022-06-03T21:20:33.668-0300][gc,marking  ] GC(2) Concurrent Preclean
[2022-06-03T21:20:33.668-0300][gc,marking  ] GC(2) Concurrent Preclean 0,022ms
[2022-06-03T21:20:33.669-0300][gc,start    ] GC(2) Pause Remark
[2022-06-03T21:20:33.670-0300][gc          ] GC(2) Pause Remark 9M->9M(1024M) 0,994ms
[2022-06-03T21:20:33.670-0300][gc,cpu      ] GC(2) User=0,01s Sys=0,00s Real=0,00s
[2022-06-03T21:20:33.670-0300][gc,marking  ] GC(2) Concurrent Mark 2,764ms
[2022-06-03T21:20:33.670-0300][gc,marking  ] GC(2) Concurrent Rebuild Remembered Sets
[2022-06-03T21:20:33.671-0300][gc,marking  ] GC(2) Concurrent Rebuild Remembered Sets 1,474ms
[2022-06-03T21:20:33.673-0300][gc,start    ] GC(2) Pause Cleanup
[2022-06-03T21:20:33.673-0300][gc          ] GC(2) Pause Cleanup 9M->9M(1024M) 0,100ms
[2022-06-03T21:20:33.673-0300][gc,cpu      ] GC(2) User=0,00s Sys=0,00s Real=0,00s
[2022-06-03T21:20:33.673-0300][gc,marking  ] GC(2) Concurrent Cleanup for Next Mark
[2022-06-03T21:20:33.685-0300][gc,marking  ] GC(2) Concurrent Cleanup for Next Mark 11,493ms
[2022-06-03T21:20:33.685-0300][gc          ] GC(2) Concurrent Mark Cycle 19,429ms
[2022-06-03T21:20:34.622-0300][gc,start    ] GC(3) Pause Young (Normal) (G1 Evacuation Pause)
[2022-06-03T21:20:34.622-0300][gc,task     ] GC(3) Using 8 workers of 8 for evacuation
[2022-06-03T21:20:34.626-0300][gc,phases   ] GC(3)   Pre Evacuate Collection Set: 0,2ms
[2022-06-03T21:20:34.626-0300][gc,phases   ] GC(3)   Merge Heap Roots: 0,1ms
[2022-06-03T21:20:34.626-0300][gc,phases   ] GC(3)   Evacuate Collection Set: 3,4ms
[2022-06-03T21:20:34.626-0300][gc,phases   ] GC(3)   Post Evacuate Collection Set: 0,4ms
[2022-06-03T21:20:34.626-0300][gc,phases   ] GC(3)   Other: 0,2ms
[2022-06-03T21:20:34.626-0300][gc,heap     ] GC(3) Eden regions: 50->0(46)
[2022-06-03T21:20:34.626-0300][gc,heap     ] GC(3) Survivor regions: 1->5(7)
[2022-06-03T21:20:34.626-0300][gc,heap     ] GC(3) Old regions: 8->8
[2022-06-03T21:20:34.626-0300][gc,heap     ] GC(3) Archive regions: 2->2
[2022-06-03T21:20:34.626-0300][gc,heap     ] GC(3) Humongous regions: 129->129
[2022-06-03T21:20:34.626-0300][gc,metaspace] GC(3) Metaspace: 30525K(30784K)->30525K(30784K) NonClass: 26729K(26880K)->26729K(26880K) Class: 3795K(3904K)->3795K(3904K)
[2022-06-03T21:20:34.626-0300][gc          ] GC(3) Pause Young (Normal) (G1 Evacuation Pause) 188M->141M(1024M) 4,234ms
[2022-06-03T21:20:34.626-0300][gc,cpu      ] GC(3) User=0,03s Sys=0,00s Real=0,00s
[2022-06-03T21:20:34.838-0300][gc,start    ] GC(4) Pause Young (Concurrent Start) (GCLocker Initiated GC)
[2022-06-03T21:20:34.838-0300][gc,task     ] GC(4) Using 8 workers of 8 for evacuation
[2022-06-03T21:20:34.844-0300][gc,phases   ] GC(4)   Pre Evacuate Collection Set: 0,1ms
[2022-06-03T21:20:34.844-0300][gc,phases   ] GC(4)   Merge Heap Roots: 0,0ms
[2022-06-03T21:20:34.844-0300][gc,phases   ] GC(4)   Evacuate Collection Set: 5,3ms
[2022-06-03T21:20:34.844-0300][gc,phases   ] GC(4)   Post Evacuate Collection Set: 0,4ms
[2022-06-03T21:20:34.844-0300][gc,phases   ] GC(4)   Other: 0,1ms
[2022-06-03T21:20:34.844-0300][gc,heap     ] GC(4) Eden regions: 23->0(48)
[2022-06-03T21:20:34.844-0300][gc,heap     ] GC(4) Survivor regions: 5->3(7)
[2022-06-03T21:20:34.844-0300][gc,heap     ] GC(4) Old regions: 8->12
[2022-06-03T21:20:34.844-0300][gc,heap     ] GC(4) Archive regions: 2->2
[2022-06-03T21:20:34.844-0300][gc,heap     ] GC(4) Humongous regions: 129->129
[2022-06-03T21:20:34.844-0300][gc,metaspace] GC(4) Metaspace: 35842K(36160K)->35842K(36160K) NonClass: 31499K(31680K)->31499K(31680K) Class: 4342K(4480K)->4342K(4480K)
[2022-06-03T21:20:34.844-0300][gc          ] GC(4) Pause Young (Concurrent Start) (GCLocker Initiated GC) 164M->143M(1024M) 6,076ms
[2022-06-03T21:20:34.844-0300][gc,cpu      ] GC(4) User=0,02s Sys=0,02s Real=0,01s
[2022-06-03T21:20:34.844-0300][gc          ] GC(5) Concurrent Mark Cycle
[2022-06-03T21:20:34.844-0300][gc,marking  ] GC(5) Concurrent Clear Claimed Marks
[2022-06-03T21:20:34.844-0300][gc,marking  ] GC(5) Concurrent Clear Claimed Marks 0,019ms
[2022-06-03T21:20:34.844-0300][gc,marking  ] GC(5) Concurrent Scan Root Regions
[2022-06-03T21:20:34.846-0300][gc,marking  ] GC(5) Concurrent Scan Root Regions 2,216ms
[2022-06-03T21:20:34.846-0300][gc,marking  ] GC(5) Concurrent Mark
[2022-06-03T21:20:34.846-0300][gc,marking  ] GC(5) Concurrent Mark From Roots
[2022-06-03T21:20:34.846-0300][gc,task     ] GC(5) Using 2 workers of 2 for marking
[2022-06-03T21:20:34.853-0300][gc,marking  ] GC(5) Concurrent Mark From Roots 6,983ms
[2022-06-03T21:20:34.853-0300][gc,marking  ] GC(5) Concurrent Preclean
[2022-06-03T21:20:34.853-0300][gc,marking  ] GC(5) Concurrent Preclean 0,074ms
[2022-06-03T21:20:34.854-0300][gc,start    ] GC(5) Pause Remark
[2022-06-03T21:20:34.855-0300][gc          ] GC(5) Pause Remark 146M->146M(1024M) 1,410ms
[2022-06-03T21:20:34.855-0300][gc,cpu      ] GC(5) User=0,01s Sys=0,00s Real=0,00s
[2022-06-03T21:20:34.855-0300][gc,marking  ] GC(5) Concurrent Mark 8,686ms
[2022-06-03T21:20:34.855-0300][gc,marking  ] GC(5) Concurrent Rebuild Remembered Sets
[2022-06-03T21:20:34.860-0300][gc,marking  ] GC(5) Concurrent Rebuild Remembered Sets 5,097ms
[2022-06-03T21:20:34.860-0300][gc,start    ] GC(5) Pause Cleanup
[2022-06-03T21:20:34.860-0300][gc          ] GC(5) Pause Cleanup 146M->146M(1024M) 0,088ms
[2022-06-03T21:20:34.860-0300][gc,cpu      ] GC(5) User=0,00s Sys=0,00s Real=0,00s
[2022-06-03T21:20:34.860-0300][gc,marking  ] GC(5) Concurrent Cleanup for Next Mark
[2022-06-03T21:20:34.872-0300][gc,marking  ] GC(5) Concurrent Cleanup for Next Mark 11,694ms
[2022-06-03T21:20:34.872-0300][gc          ] GC(5) Concurrent Mark Cycle 28,110ms
[2022-06-03T21:21:04.281-0300][gc,start    ] GC(6) Pause Young (Normal) (G1 Evacuation Pause)
[2022-06-03T21:21:04.281-0300][gc,task     ] GC(6) Using 8 workers of 8 for evacuation
[2022-06-03T21:21:04.284-0300][gc,phases   ] GC(6)   Pre Evacuate Collection Set: 0,2ms
[2022-06-03T21:21:04.284-0300][gc,phases   ] GC(6)   Merge Heap Roots: 0,1ms
[2022-06-03T21:21:04.284-0300][gc,phases   ] GC(6)   Evacuate Collection Set: 2,6ms
[2022-06-03T21:21:04.284-0300][gc,phases   ] GC(6)   Post Evacuate Collection Set: 0,4ms
[2022-06-03T21:21:04.284-0300][gc,phases   ] GC(6)   Other: 0,1ms
[2022-06-03T21:21:04.284-0300][gc,heap     ] GC(6) Eden regions: 48->0(47)
[2022-06-03T21:21:04.284-0300][gc,heap     ] GC(6) Survivor regions: 3->4(7)
[2022-06-03T21:21:04.284-0300][gc,heap     ] GC(6) Old regions: 12->12
[2022-06-03T21:21:04.284-0300][gc,heap     ] GC(6) Archive regions: 2->2
[2022-06-03T21:21:04.284-0300][gc,heap     ] GC(6) Humongous regions: 147->129
[2022-06-03T21:21:04.284-0300][gc,metaspace] GC(6) Metaspace: 38765K(39296K)->38765K(39296K) NonClass: 33942K(34240K)->33942K(34240K) Class: 4822K(5056K)->4822K(5056K)
[2022-06-03T21:21:04.284-0300][gc          ] GC(6) Pause Young (Normal) (G1 Evacuation Pause) 209M->144M(1024M) 3,379ms
[2022-06-03T21:21:04.284-0300][gc,cpu      ] GC(6) User=0,01s Sys=0,00s Real=0,00s
[2022-06-03T21:33:13.102-0300][gc,start    ] GC(7) Pause Young (Normal) (G1 Evacuation Pause)
[2022-06-03T21:33:13.102-0300][gc,task     ] GC(7) Using 8 workers of 8 for evacuation
[2022-06-03T21:33:13.105-0300][gc,phases   ] GC(7)   Pre Evacuate Collection Set: 0,1ms
[2022-06-03T21:33:13.105-0300][gc,phases   ] GC(7)   Merge Heap Roots: 0,1ms
[2022-06-03T21:33:13.105-0300][gc,phases   ] GC(7)   Evacuate Collection Set: 2,5ms
[2022-06-03T21:33:13.105-0300][gc,phases   ] GC(7)   Post Evacuate Collection Set: 0,5ms
[2022-06-03T21:33:13.105-0300][gc,phases   ] GC(7)   Other: 0,1ms
[2022-06-03T21:33:13.105-0300][gc,heap     ] GC(7) Eden regions: 47->0(46)
[2022-06-03T21:33:13.105-0300][gc,heap     ] GC(7) Survivor regions: 4->5(7)
[2022-06-03T21:33:13.105-0300][gc,heap     ] GC(7) Old regions: 12->12
[2022-06-03T21:33:13.105-0300][gc,heap     ] GC(7) Archive regions: 2->2
[2022-06-03T21:33:13.105-0300][gc,heap     ] GC(7) Humongous regions: 129->129
[2022-06-03T21:33:13.105-0300][gc,metaspace] GC(7) Metaspace: 42385K(43008K)->42385K(43008K) NonClass: 36897K(37248K)->36897K(37248K) Class: 5487K(5760K)->5487K(5760K)
[2022-06-03T21:33:13.105-0300][gc          ] GC(7) Pause Young (Normal) (G1 Evacuation Pause) 191M->146M(1024M) 3,308ms
[2022-06-03T21:33:13.105-0300][gc,cpu      ] GC(7) User=0,02s Sys=0,00s Real=0,00s
[2022-06-03T21:34:41.019-0300][gc,start    ] GC(8) Pause Young (Normal) (G1 Evacuation Pause)
[2022-06-03T21:34:41.019-0300][gc,task     ] GC(8) Using 8 workers of 8 for evacuation
[2022-06-03T21:34:41.024-0300][gc,phases   ] GC(8)   Pre Evacuate Collection Set: 0,1ms
[2022-06-03T21:34:41.024-0300][gc,phases   ] GC(8)   Merge Heap Roots: 0,1ms
[2022-06-03T21:34:41.024-0300][gc,phases   ] GC(8)   Evacuate Collection Set: 4,2ms
[2022-06-03T21:34:41.024-0300][gc,phases   ] GC(8)   Post Evacuate Collection Set: 0,5ms
[2022-06-03T21:34:41.024-0300][gc,phases   ] GC(8)   Other: 0,1ms
[2022-06-03T21:34:41.024-0300][gc,heap     ] GC(8) Eden regions: 46->0(46)
[2022-06-03T21:34:41.024-0300][gc,heap     ] GC(8) Survivor regions: 5->5(7)
[2022-06-03T21:34:41.024-0300][gc,heap     ] GC(8) Old regions: 12->14
[2022-06-03T21:34:41.024-0300][gc,heap     ] GC(8) Archive regions: 2->2
[2022-06-03T21:34:41.024-0300][gc,heap     ] GC(8) Humongous regions: 129->129
[2022-06-03T21:34:41.024-0300][gc,metaspace] GC(8) Metaspace: 44267K(44928K)->44267K(44928K) NonClass: 38611K(38976K)->38611K(38976K) Class: 5655K(5952K)->5655K(5952K)
[2022-06-03T21:34:41.024-0300][gc          ] GC(8) Pause Young (Normal) (G1 Evacuation Pause) 192M->148M(1024M) 5,045ms
[2022-06-03T21:34:41.024-0300][gc,cpu      ] GC(8) User=0,02s Sys=0,00s Real=0,00s
[2022-06-03T21:35:13.549-0300][gc,start    ] GC(9) Pause Young (Normal) (G1 Evacuation Pause)
[2022-06-03T21:35:13.549-0300][gc,task     ] GC(9) Using 8 workers of 8 for evacuation
[2022-06-03T21:35:13.553-0300][gc,phases   ] GC(9)   Pre Evacuate Collection Set: 0,1ms
[2022-06-03T21:35:13.553-0300][gc,phases   ] GC(9)   Merge Heap Roots: 0,1ms
[2022-06-03T21:35:13.553-0300][gc,phases   ] GC(9)   Evacuate Collection Set: 3,8ms
[2022-06-03T21:35:13.553-0300][gc,phases   ] GC(9)   Post Evacuate Collection Set: 0,6ms
[2022-06-03T21:35:13.553-0300][gc,phases   ] GC(9)   Other: 0,1ms
[2022-06-03T21:35:13.553-0300][gc,heap     ] GC(9) Eden regions: 46->0(44)
[2022-06-03T21:35:13.553-0300][gc,heap     ] GC(9) Survivor regions: 5->7(7)
[2022-06-03T21:35:13.553-0300][gc,heap     ] GC(9) Old regions: 14->15
[2022-06-03T21:35:13.553-0300][gc,heap     ] GC(9) Archive regions: 2->2
[2022-06-03T21:35:13.553-0300][gc,heap     ] GC(9) Humongous regions: 129->129
[2022-06-03T21:35:13.553-0300][gc,metaspace] GC(9) Metaspace: 44666K(45312K)->44666K(45312K) NonClass: 39010K(39360K)->39010K(39360K) Class: 5655K(5952K)->5655K(5952K)
[2022-06-03T21:35:13.553-0300][gc          ] GC(9) Pause Young (Normal) (G1 Evacuation Pause) 194M->150M(1024M) 4,815ms
[2022-06-03T21:35:13.553-0300][gc,cpu      ] GC(9) User=0,02s Sys=0,00s Real=0,01s
[2022-06-03T21:42:04.280-0300][gc,start    ] GC(10) Pause Young (Normal) (G1 Evacuation Pause)
[2022-06-03T21:42:04.280-0300][gc,task     ] GC(10) Using 8 workers of 8 for evacuation
[2022-06-03T21:42:04.286-0300][gc,phases   ] GC(10)   Pre Evacuate Collection Set: 0,3ms
[2022-06-03T21:42:04.286-0300][gc,phases   ] GC(10)   Merge Heap Roots: 0,1ms
[2022-06-03T21:42:04.286-0300][gc,phases   ] GC(10)   Evacuate Collection Set: 5,3ms
[2022-06-03T21:42:04.286-0300][gc,phases   ] GC(10)   Post Evacuate Collection Set: 0,4ms
[2022-06-03T21:42:04.286-0300][gc,phases   ] GC(10)   Other: 0,2ms
[2022-06-03T21:42:04.286-0300][gc,heap     ] GC(10) Eden regions: 44->0(95)
[2022-06-03T21:42:04.286-0300][gc,heap     ] GC(10) Survivor regions: 7->3(7)
[2022-06-03T21:42:04.286-0300][gc,heap     ] GC(10) Old regions: 15->17
[2022-06-03T21:42:04.286-0300][gc,heap     ] GC(10) Archive regions: 2->2
[2022-06-03T21:42:04.286-0300][gc,heap     ] GC(10) Humongous regions: 129->129
[2022-06-03T21:42:04.286-0300][gc,metaspace] GC(10) Metaspace: 44992K(45632K)->44992K(45632K) NonClass: 39330K(39680K)->39330K(39680K) Class: 5662K(5952K)->5662K(5952K)
[2022-06-03T21:42:04.286-0300][gc          ] GC(10) Pause Young (Normal) (G1 Evacuation Pause) 194M->149M(1024M) 6,236ms
[2022-06-03T21:42:04.286-0300][gc,cpu      ] GC(10) User=0,01s Sys=0,01s Real=0,00s
[2022-06-03T22:12:10.164-0300][gc,start    ] GC(11) Pause Young (Normal) (G1 Evacuation Pause)
[2022-06-03T22:12:10.164-0300][gc,task     ] GC(11) Using 8 workers of 8 for evacuation
[2022-06-03T22:12:10.167-0300][gc,phases   ] GC(11)   Pre Evacuate Collection Set: 0,2ms
[2022-06-03T22:12:10.167-0300][gc,phases   ] GC(11)   Merge Heap Roots: 0,1ms
[2022-06-03T22:12:10.167-0300][gc,phases   ] GC(11)   Evacuate Collection Set: 3,0ms
[2022-06-03T22:12:10.167-0300][gc,phases   ] GC(11)   Post Evacuate Collection Set: 0,3ms
[2022-06-03T22:12:10.167-0300][gc,phases   ] GC(11)   Other: 0,2ms
[2022-06-03T22:12:10.167-0300][gc,heap     ] GC(11) Eden regions: 95->0(88)
[2022-06-03T22:12:10.167-0300][gc,heap     ] GC(11) Survivor regions: 3->6(13)
[2022-06-03T22:12:10.167-0300][gc,heap     ] GC(11) Old regions: 17->17
[2022-06-03T22:12:10.167-0300][gc,heap     ] GC(11) Archive regions: 2->2
[2022-06-03T22:12:10.167-0300][gc,heap     ] GC(11) Humongous regions: 129->129
[2022-06-03T22:12:10.167-0300][gc,metaspace] GC(11) Metaspace: 45429K(46080K)->45429K(46080K) NonClass: 39764K(40128K)->39764K(40128K) Class: 5665K(5952K)->5665K(5952K)
[2022-06-03T22:12:10.167-0300][gc          ] GC(11) Pause Young (Normal) (G1 Evacuation Pause) 244M->152M(1024M) 3,816ms
[2022-06-03T22:12:10.167-0300][gc,cpu      ] GC(11) User=0,02s Sys=0,00s Real=0,00s
[2022-06-03T22:35:43.500-0300][gc,start    ] GC(12) Pause Young (Normal) (G1 Evacuation Pause)
[2022-06-03T22:35:43.500-0300][gc,task     ] GC(12) Using 8 workers of 8 for evacuation
[2022-06-03T22:35:43.506-0300][gc,phases   ] GC(12)   Pre Evacuate Collection Set: 0,1ms
[2022-06-03T22:35:43.506-0300][gc,phases   ] GC(12)   Merge Heap Roots: 0,1ms
[2022-06-03T22:35:43.506-0300][gc,phases   ] GC(12)   Evacuate Collection Set: 4,7ms
[2022-06-03T22:35:43.506-0300][gc,phases   ] GC(12)   Post Evacuate Collection Set: 0,4ms
[2022-06-03T22:35:43.506-0300][gc,phases   ] GC(12)   Other: 0,1ms
[2022-06-03T22:35:43.506-0300][gc,heap     ] GC(12) Eden regions: 88->0(240)
[2022-06-03T22:35:43.506-0300][gc,heap     ] GC(12) Survivor regions: 6->11(12)
[2022-06-03T22:35:43.506-0300][gc,heap     ] GC(12) Old regions: 17->17
[2022-06-03T22:35:43.506-0300][gc,heap     ] GC(12) Archive regions: 2->2
[2022-06-03T22:35:43.506-0300][gc,heap     ] GC(12) Humongous regions: 129->129
[2022-06-03T22:35:43.506-0300][gc,metaspace] GC(12) Metaspace: 45851K(46528K)->45851K(46528K) NonClass: 40182K(40576K)->40182K(40576K) Class: 5668K(5952K)->5668K(5952K)
[2022-06-03T22:35:43.506-0300][gc          ] GC(12) Pause Young (Normal) (G1 Evacuation Pause) 240M->157M(1024M) 5,519ms
[2022-06-03T22:35:43.506-0300][gc,cpu      ] GC(12) User=0,03s Sys=0,00s Real=0,00s
[2022-06-03T22:45:21.763-0300][gc,start    ] GC(13) Pause Young (Normal) (G1 Evacuation Pause)
[2022-06-03T22:45:21.764-0300][gc,task     ] GC(13) Using 8 workers of 8 for evacuation
[2022-06-03T22:45:21.772-0300][gc,phases   ] GC(13)   Pre Evacuate Collection Set: 0,1ms
[2022-06-03T22:45:21.772-0300][gc,phases   ] GC(13)   Merge Heap Roots: 0,1ms
[2022-06-03T22:45:21.772-0300][gc,phases   ] GC(13)   Evacuate Collection Set: 7,2ms
[2022-06-03T22:45:21.772-0300][gc,phases   ] GC(13)   Post Evacuate Collection Set: 0,5ms
[2022-06-03T22:45:21.772-0300][gc,phases   ] GC(13)   Other: 0,2ms
[2022-06-03T22:45:21.772-0300][gc,heap     ] GC(13) Eden regions: 240->0(156)
[2022-06-03T22:45:21.772-0300][gc,heap     ] GC(13) Survivor regions: 11->13(32)
[2022-06-03T22:45:21.772-0300][gc,heap     ] GC(13) Old regions: 17->17
[2022-06-03T22:45:21.772-0300][gc,heap     ] GC(13) Archive regions: 2->2
[2022-06-03T22:45:21.772-0300][gc,heap     ] GC(13) Humongous regions: 129->129
[2022-06-03T22:45:21.772-0300][gc,metaspace] GC(13) Metaspace: 46582K(47168K)->46582K(47168K) NonClass: 40904K(41216K)->40904K(41216K) Class: 5677K(5952K)->5677K(5952K)
[2022-06-03T22:45:21.772-0300][gc          ] GC(13) Pause Young (Normal) (G1 Evacuation Pause) 397M->159M(1024M) 8,171ms
[2022-06-03T22:45:21.772-0300][gc,cpu      ] GC(13) User=0,03s Sys=0,02s Real=0,01s
[2022-06-03T22:50:40.024-0300][gc,start    ] GC(14) Pause Young (Normal) (G1 Evacuation Pause)
[2022-06-03T22:50:40.024-0300][gc,task     ] GC(14) Using 8 workers of 8 for evacuation
[2022-06-03T22:50:40.031-0300][gc,phases   ] GC(14)   Pre Evacuate Collection Set: 0,2ms
[2022-06-03T22:50:40.031-0300][gc,phases   ] GC(14)   Merge Heap Roots: 0,1ms
[2022-06-03T22:50:40.031-0300][gc,phases   ] GC(14)   Evacuate Collection Set: 5,6ms
[2022-06-03T22:50:40.031-0300][gc,phases   ] GC(14)   Post Evacuate Collection Set: 0,4ms
[2022-06-03T22:50:40.031-0300][gc,phases   ] GC(14)   Other: 0,1ms
[2022-06-03T22:50:40.031-0300][gc,heap     ] GC(14) Eden regions: 156->0(268)
[2022-06-03T22:50:40.031-0300][gc,heap     ] GC(14) Survivor regions: 13->12(22)
[2022-06-03T22:50:40.031-0300][gc,heap     ] GC(14) Old regions: 17->19
[2022-06-03T22:50:40.031-0300][gc,heap     ] GC(14) Archive regions: 2->2
[2022-06-03T22:50:40.031-0300][gc,heap     ] GC(14) Humongous regions: 129->129
[2022-06-03T22:50:40.031-0300][gc,metaspace] GC(14) Metaspace: 47127K(47744K)->47127K(47744K) NonClass: 41444K(41792K)->41444K(41792K) Class: 5682K(5952K)->5682K(5952K)
[2022-06-03T22:50:40.031-0300][gc          ] GC(14) Pause Young (Normal) (G1 Evacuation Pause) 315M->160M(1024M) 6,463ms
[2022-06-03T22:50:40.031-0300][gc,cpu      ] GC(14) User=0,03s Sys=0,00s Real=0,00s
[2022-06-03T22:52:32.516-0300][gc,heap,exit] Heap
[2022-06-03T22:52:32.516-0300][gc,heap,exit]  garbage-first heap   total 1048576K, used 231459K [0x00000000c0000000, 0x0000000100000000)
[2022-06-03T22:52:32.516-0300][gc,heap,exit]   region size 1024K, 78 young (79872K), 12 survivors (12288K)
[2022-06-03T22:52:32.516-0300][gc,heap,exit]  Metaspace       used 47686K, committed 48384K, reserved 1097728K
[2022-06-03T22:52:32.516-0300][gc,heap,exit]   class space    used 5832K, committed 6144K, reserved 1048576K
