[2022-05-31T15:55:51.182-0300][gc] Using G1
[2022-05-31T15:55:51.185-0300][gc,init] Version: 17.0.3+7-Ubuntu-0ubuntu0.22.04.1 (release)
[2022-05-31T15:55:51.185-0300][gc,init] CPUs: 8 total, 8 available
[2022-05-31T15:55:51.185-0300][gc,init] Memory: 11106M
[2022-05-31T15:55:51.185-0300][gc,init] Large Page Support: Disabled
[2022-05-31T15:55:51.185-0300][gc,init] NUMA Support: Disabled
[2022-05-31T15:55:51.185-0300][gc,init] Compressed Oops: Enabled (32-bit)
[2022-05-31T15:55:51.185-0300][gc,init] Heap Region Size: 1M
[2022-05-31T15:55:51.185-0300][gc,init] Heap Min Capacity: 512M
[2022-05-31T15:55:51.185-0300][gc,init] Heap Initial Capacity: 512M
[2022-05-31T15:55:51.185-0300][gc,init] Heap Max Capacity: 512M
[2022-05-31T15:55:51.185-0300][gc,init] Pre-touch: Disabled
[2022-05-31T15:55:51.185-0300][gc,init] Parallel Workers: 8
[2022-05-31T15:55:51.185-0300][gc,init] Concurrent Workers: 2
[2022-05-31T15:55:51.185-0300][gc,init] Concurrent Refinement Workers: 8
[2022-05-31T15:55:51.185-0300][gc,init] Periodic GC: Disabled
[2022-05-31T15:55:51.185-0300][gc,metaspace] CDS archive(s) mapped at: [0x0000000800000000-0x0000000800be0000-0x0000000800be0000), size 12451840, SharedBaseAddress: 0x0000000800000000, ArchiveRelocationMode: 0.
[2022-05-31T15:55:51.185-0300][gc,metaspace] Compressed class space mapped at: 0x0000000800c00000-0x0000000840c00000, reserved size: 1073741824
[2022-05-31T15:55:51.185-0300][gc,metaspace] Narrow klass base: 0x0000000800000000, Narrow klass shift: 0, Narrow klass range: 0x100000000
[2022-05-31T15:55:55.905-0300][gc,start    ] GC(0) Pause Young (Normal) (G1 Evacuation Pause)
[2022-05-31T15:55:55.905-0300][gc,task     ] GC(0) Using 8 workers of 8 for evacuation
[2022-05-31T15:55:55.908-0300][gc,phases   ] GC(0)   Pre Evacuate Collection Set: 0,1ms
[2022-05-31T15:55:55.908-0300][gc,phases   ] GC(0)   Merge Heap Roots: 0,0ms
[2022-05-31T15:55:55.908-0300][gc,phases   ] GC(0)   Evacuate Collection Set: 2,4ms
[2022-05-31T15:55:55.908-0300][gc,phases   ] GC(0)   Post Evacuate Collection Set: 0,3ms
[2022-05-31T15:55:55.908-0300][gc,phases   ] GC(0)   Other: 0,6ms
[2022-05-31T15:55:55.908-0300][gc,heap     ] GC(0) Eden regions: 25->0(21)
[2022-05-31T15:55:55.908-0300][gc,heap     ] GC(0) Survivor regions: 0->4(4)
[2022-05-31T15:55:55.908-0300][gc,heap     ] GC(0) Old regions: 0->3
[2022-05-31T15:55:55.908-0300][gc,heap     ] GC(0) Archive regions: 2->2
[2022-05-31T15:55:55.908-0300][gc,heap     ] GC(0) Humongous regions: 0->0
[2022-05-31T15:55:55.908-0300][gc,metaspace] GC(0) Metaspace: 7970K(8128K)->7970K(8128K) NonClass: 7081K(7168K)->7081K(7168K) Class: 889K(960K)->889K(960K)
[2022-05-31T15:55:55.908-0300][gc          ] GC(0) Pause Young (Normal) (G1 Evacuation Pause) 25M->7M(512M) 3,521ms
[2022-05-31T15:55:55.908-0300][gc,cpu      ] GC(0) User=0,01s Sys=0,01s Real=0,01s
[2022-05-31T18:44:43.267-0300][gc,start    ] GC(1) Pause Young (Normal) (G1 Evacuation Pause)
[2022-05-31T18:44:43.267-0300][gc,task     ] GC(1) Using 8 workers of 8 for evacuation
[2022-05-31T18:44:43.270-0300][gc,phases   ] GC(1)   Pre Evacuate Collection Set: 0,1ms
[2022-05-31T18:44:43.270-0300][gc,phases   ] GC(1)   Merge Heap Roots: 0,1ms
[2022-05-31T18:44:43.270-0300][gc,phases   ] GC(1)   Evacuate Collection Set: 1,9ms
[2022-05-31T18:44:43.270-0300][gc,phases   ] GC(1)   Post Evacuate Collection Set: 0,3ms
[2022-05-31T18:44:43.270-0300][gc,phases   ] GC(1)   Other: 0,7ms
[2022-05-31T18:44:43.270-0300][gc,heap     ] GC(1) Eden regions: 21->0(24)
[2022-05-31T18:44:43.270-0300][gc,heap     ] GC(1) Survivor regions: 4->1(4)
[2022-05-31T18:44:43.270-0300][gc,heap     ] GC(1) Old regions: 3->8
[2022-05-31T18:44:43.270-0300][gc,heap     ] GC(1) Archive regions: 2->2
[2022-05-31T18:44:43.270-0300][gc,heap     ] GC(1) Humongous regions: 0->0
[2022-05-31T18:44:43.270-0300][gc,metaspace] GC(1) Metaspace: 8888K(9088K)->8888K(9088K) NonClass: 7975K(8064K)->7975K(8064K) Class: 913K(1024K)->913K(1024K)
[2022-05-31T18:44:43.270-0300][gc          ] GC(1) Pause Young (Normal) (G1 Evacuation Pause) 28M->8M(512M) 3,048ms
[2022-05-31T18:44:43.270-0300][gc,cpu      ] GC(1) User=0,01s Sys=0,01s Real=0,01s
[2022-05-31T22:49:39.734-0300][gc,start    ] GC(2) Pause Young (Normal) (G1 Evacuation Pause)
[2022-05-31T22:49:39.735-0300][gc,task     ] GC(2) Using 8 workers of 8 for evacuation
[2022-05-31T22:49:39.736-0300][gc,phases   ] GC(2)   Pre Evacuate Collection Set: 0,1ms
[2022-05-31T22:49:39.736-0300][gc,phases   ] GC(2)   Merge Heap Roots: 0,0ms
[2022-05-31T22:49:39.736-0300][gc,phases   ] GC(2)   Evacuate Collection Set: 0,7ms
[2022-05-31T22:49:39.736-0300][gc,phases   ] GC(2)   Post Evacuate Collection Set: 0,2ms
[2022-05-31T22:49:39.736-0300][gc,phases   ] GC(2)   Other: 0,9ms
[2022-05-31T22:49:39.736-0300][gc,heap     ] GC(2) Eden regions: 24->0(24)
[2022-05-31T22:49:39.736-0300][gc,heap     ] GC(2) Survivor regions: 1->1(4)
[2022-05-31T22:49:39.736-0300][gc,heap     ] GC(2) Old regions: 8->8
[2022-05-31T22:49:39.736-0300][gc,heap     ] GC(2) Archive regions: 2->2
[2022-05-31T22:49:39.736-0300][gc,heap     ] GC(2) Humongous regions: 0->0
[2022-05-31T22:49:39.736-0300][gc,metaspace] GC(2) Metaspace: 8965K(9152K)->8965K(9152K) NonClass: 8051K(8128K)->8051K(8128K) Class: 913K(1024K)->913K(1024K)
[2022-05-31T22:49:39.736-0300][gc          ] GC(2) Pause Young (Normal) (G1 Evacuation Pause) 32M->8M(512M) 1,995ms
[2022-05-31T22:49:39.736-0300][gc,cpu      ] GC(2) User=0,00s Sys=0,00s Real=0,00s
[2022-06-01T00:15:19.897-0300][gc,heap,exit] Heap
[2022-06-01T00:15:19.897-0300][gc,heap,exit]  garbage-first heap   total 524288K, used 31452K [0x00000000e0000000, 0x0000000100000000)
[2022-06-01T00:15:19.897-0300][gc,heap,exit]   region size 1024K, 23 young (23552K), 1 survivors (1024K)
[2022-06-01T00:15:19.897-0300][gc,heap,exit]  Metaspace       used 8987K, committed 9216K, reserved 1064960K
[2022-06-01T00:15:19.897-0300][gc,heap,exit]   class space    used 913K, committed 1024K, reserved 1048576K
