[2022-06-01T14:43:09.204-0300][gc] Using G1
[2022-06-01T14:43:09.206-0300][gc,init] Version: 17.0.3+7-Ubuntu-0ubuntu0.22.04.1 (release)
[2022-06-01T14:43:09.206-0300][gc,init] CPUs: 8 total, 8 available
[2022-06-01T14:43:09.206-0300][gc,init] Memory: 11106M
[2022-06-01T14:43:09.206-0300][gc,init] Large Page Support: Disabled
[2022-06-01T14:43:09.206-0300][gc,init] NUMA Support: Disabled
[2022-06-01T14:43:09.206-0300][gc,init] Compressed Oops: Enabled (32-bit)
[2022-06-01T14:43:09.206-0300][gc,init] Heap Region Size: 1M
[2022-06-01T14:43:09.206-0300][gc,init] Heap Min Capacity: 512M
[2022-06-01T14:43:09.206-0300][gc,init] Heap Initial Capacity: 512M
[2022-06-01T14:43:09.206-0300][gc,init] Heap Max Capacity: 512M
[2022-06-01T14:43:09.206-0300][gc,init] Pre-touch: Disabled
[2022-06-01T14:43:09.206-0300][gc,init] Parallel Workers: 8
[2022-06-01T14:43:09.206-0300][gc,init] Concurrent Workers: 2
[2022-06-01T14:43:09.206-0300][gc,init] Concurrent Refinement Workers: 8
[2022-06-01T14:43:09.206-0300][gc,init] Periodic GC: Disabled
[2022-06-01T14:43:09.206-0300][gc,metaspace] CDS archive(s) mapped at: [0x0000000800000000-0x0000000800be0000-0x0000000800be0000), size 12451840, SharedBaseAddress: 0x0000000800000000, ArchiveRelocationMode: 0.
[2022-06-01T14:43:09.206-0300][gc,metaspace] Compressed class space mapped at: 0x0000000800c00000-0x0000000840c00000, reserved size: 1073741824
[2022-06-01T14:43:09.206-0300][gc,metaspace] Narrow klass base: 0x0000000800000000, Narrow klass shift: 0, Narrow klass range: 0x100000000
[2022-06-01T14:43:09.773-0300][gc,start    ] GC(0) Pause Young (Normal) (G1 Evacuation Pause)
[2022-06-01T14:43:09.773-0300][gc,task     ] GC(0) Using 8 workers of 8 for evacuation
[2022-06-01T14:43:09.776-0300][gc,phases   ] GC(0)   Pre Evacuate Collection Set: 0,1ms
[2022-06-01T14:43:09.776-0300][gc,phases   ] GC(0)   Merge Heap Roots: 0,0ms
[2022-06-01T14:43:09.776-0300][gc,phases   ] GC(0)   Evacuate Collection Set: 2,5ms
[2022-06-01T14:43:09.776-0300][gc,phases   ] GC(0)   Post Evacuate Collection Set: 0,3ms
[2022-06-01T14:43:09.776-0300][gc,phases   ] GC(0)   Other: 0,6ms
[2022-06-01T14:43:09.776-0300][gc,heap     ] GC(0) Eden regions: 25->0(21)
[2022-06-01T14:43:09.776-0300][gc,heap     ] GC(0) Survivor regions: 0->4(4)
[2022-06-01T14:43:09.776-0300][gc,heap     ] GC(0) Old regions: 0->4
[2022-06-01T14:43:09.776-0300][gc,heap     ] GC(0) Archive regions: 2->2
[2022-06-01T14:43:09.776-0300][gc,heap     ] GC(0) Humongous regions: 0->0
[2022-06-01T14:43:09.776-0300][gc,metaspace] GC(0) Metaspace: 7613K(7744K)->7613K(7744K) NonClass: 6802K(6848K)->6802K(6848K) Class: 810K(896K)->810K(896K)
[2022-06-01T14:43:09.776-0300][gc          ] GC(0) Pause Young (Normal) (G1 Evacuation Pause) 25M->8M(512M) 3,527ms
[2022-06-01T14:43:09.776-0300][gc,cpu      ] GC(0) User=0,02s Sys=0,01s Real=0,00s
[2022-06-01T17:22:37.585-0300][gc,start    ] GC(1) Pause Young (Normal) (G1 Evacuation Pause)
[2022-06-01T17:22:37.585-0300][gc,task     ] GC(1) Using 8 workers of 8 for evacuation
[2022-06-01T17:22:37.589-0300][gc,phases   ] GC(1)   Pre Evacuate Collection Set: 0,1ms
[2022-06-01T17:22:37.589-0300][gc,phases   ] GC(1)   Merge Heap Roots: 0,1ms
[2022-06-01T17:22:37.589-0300][gc,phases   ] GC(1)   Evacuate Collection Set: 2,6ms
[2022-06-01T17:22:37.589-0300][gc,phases   ] GC(1)   Post Evacuate Collection Set: 0,3ms
[2022-06-01T17:22:37.589-0300][gc,phases   ] GC(1)   Other: 0,6ms
[2022-06-01T17:22:37.589-0300][gc,heap     ] GC(1) Eden regions: 21->0(24)
[2022-06-01T17:22:37.589-0300][gc,heap     ] GC(1) Survivor regions: 4->1(4)
[2022-06-01T17:22:37.589-0300][gc,heap     ] GC(1) Old regions: 4->8
[2022-06-01T17:22:37.589-0300][gc,heap     ] GC(1) Archive regions: 2->2
[2022-06-01T17:22:37.589-0300][gc,heap     ] GC(1) Humongous regions: 0->0
[2022-06-01T17:22:37.589-0300][gc,metaspace] GC(1) Metaspace: 8959K(9152K)->8959K(9152K) NonClass: 8044K(8128K)->8044K(8128K) Class: 914K(1024K)->914K(1024K)
[2022-06-01T17:22:37.589-0300][gc          ] GC(1) Pause Young (Normal) (G1 Evacuation Pause) 29M->9M(512M) 3,793ms
[2022-06-01T17:22:37.589-0300][gc,cpu      ] GC(1) User=0,01s Sys=0,00s Real=0,00s
[2022-06-01T21:20:29.940-0300][gc,start    ] GC(2) Pause Young (Normal) (G1 Evacuation Pause)
[2022-06-01T21:20:29.940-0300][gc,task     ] GC(2) Using 8 workers of 8 for evacuation
[2022-06-01T21:20:29.945-0300][gc,phases   ] GC(2)   Pre Evacuate Collection Set: 0,2ms
[2022-06-01T21:20:29.945-0300][gc,phases   ] GC(2)   Merge Heap Roots: 0,1ms
[2022-06-01T21:20:29.945-0300][gc,phases   ] GC(2)   Evacuate Collection Set: 2,7ms
[2022-06-01T21:20:29.945-0300][gc,phases   ] GC(2)   Post Evacuate Collection Set: 1,4ms
[2022-06-01T21:20:29.945-0300][gc,phases   ] GC(2)   Other: 0,3ms
[2022-06-01T21:20:29.945-0300][gc,heap     ] GC(2) Eden regions: 24->0(24)
[2022-06-01T21:20:29.945-0300][gc,heap     ] GC(2) Survivor regions: 1->1(4)
[2022-06-01T21:20:29.945-0300][gc,heap     ] GC(2) Old regions: 8->8
[2022-06-01T21:20:29.945-0300][gc,heap     ] GC(2) Archive regions: 2->2
[2022-06-01T21:20:29.945-0300][gc,heap     ] GC(2) Humongous regions: 0->0
[2022-06-01T21:20:29.945-0300][gc,metaspace] GC(2) Metaspace: 9007K(9152K)->9007K(9152K) NonClass: 8092K(8128K)->8092K(8128K) Class: 914K(1024K)->914K(1024K)
[2022-06-01T21:20:29.945-0300][gc          ] GC(2) Pause Young (Normal) (G1 Evacuation Pause) 33M->9M(512M) 4,582ms
[2022-06-01T21:20:29.945-0300][gc,cpu      ] GC(2) User=0,00s Sys=0,01s Real=0,01s
[2022-06-01T21:46:47.868-0300][gc,start    ] GC(3) Pause Young (Normal) (G1 Evacuation Pause)
[2022-06-01T21:46:47.868-0300][gc,task     ] GC(3) Using 8 workers of 8 for evacuation
[2022-06-01T21:46:47.869-0300][gc,phases   ] GC(3)   Pre Evacuate Collection Set: 0,1ms
[2022-06-01T21:46:47.869-0300][gc,phases   ] GC(3)   Merge Heap Roots: 0,1ms
[2022-06-01T21:46:47.869-0300][gc,phases   ] GC(3)   Evacuate Collection Set: 0,9ms
[2022-06-01T21:46:47.869-0300][gc,phases   ] GC(3)   Post Evacuate Collection Set: 0,3ms
[2022-06-01T21:46:47.869-0300][gc,phases   ] GC(3)   Other: 0,1ms
[2022-06-01T21:46:47.869-0300][gc,heap     ] GC(3) Eden regions: 24->0(23)
[2022-06-01T21:46:47.869-0300][gc,heap     ] GC(3) Survivor regions: 1->2(4)
[2022-06-01T21:46:47.869-0300][gc,heap     ] GC(3) Old regions: 8->8
[2022-06-01T21:46:47.869-0300][gc,heap     ] GC(3) Archive regions: 2->2
[2022-06-01T21:46:47.869-0300][gc,heap     ] GC(3) Humongous regions: 0->0
[2022-06-01T21:46:47.869-0300][gc,metaspace] GC(3) Metaspace: 9018K(9216K)->9018K(9216K) NonClass: 8103K(8192K)->8103K(8192K) Class: 914K(1024K)->914K(1024K)
[2022-06-01T21:46:47.869-0300][gc          ] GC(3) Pause Young (Normal) (G1 Evacuation Pause) 33M->9M(512M) 1,506ms
[2022-06-01T21:46:47.869-0300][gc,cpu      ] GC(3) User=0,00s Sys=0,00s Real=0,01s
[2022-06-01T22:37:39.721-0300][gc,heap,exit] Heap
[2022-06-01T22:37:39.721-0300][gc,heap,exit]  garbage-first heap   total 524288K, used 13673K [0x00000000e0000000, 0x0000000100000000)
[2022-06-01T22:37:39.721-0300][gc,heap,exit]   region size 1024K, 7 young (7168K), 2 survivors (2048K)
[2022-06-01T22:37:39.721-0300][gc,heap,exit]  Metaspace       used 9021K, committed 9216K, reserved 1064960K
[2022-06-01T22:37:39.721-0300][gc,heap,exit]   class space    used 915K, committed 1024K, reserved 1048576K
