[2022-06-03T13:05:36.527-0300][gc] Using G1
[2022-06-03T13:05:36.529-0300][gc,init] Version: 17.0.3+7-Ubuntu-0ubuntu0.22.04.1 (release)
[2022-06-03T13:05:36.529-0300][gc,init] CPUs: 8 total, 8 available
[2022-06-03T13:05:36.529-0300][gc,init] Memory: 11106M
[2022-06-03T13:05:36.529-0300][gc,init] Large Page Support: Disabled
[2022-06-03T13:05:36.529-0300][gc,init] NUMA Support: Disabled
[2022-06-03T13:05:36.529-0300][gc,init] Compressed Oops: Enabled (32-bit)
[2022-06-03T13:05:36.529-0300][gc,init] Heap Region Size: 1M
[2022-06-03T13:05:36.529-0300][gc,init] Heap Min Capacity: 512M
[2022-06-03T13:05:36.529-0300][gc,init] Heap Initial Capacity: 512M
[2022-06-03T13:05:36.529-0300][gc,init] Heap Max Capacity: 512M
[2022-06-03T13:05:36.529-0300][gc,init] Pre-touch: Disabled
[2022-06-03T13:05:36.529-0300][gc,init] Parallel Workers: 8
[2022-06-03T13:05:36.529-0300][gc,init] Concurrent Workers: 2
[2022-06-03T13:05:36.529-0300][gc,init] Concurrent Refinement Workers: 8
[2022-06-03T13:05:36.529-0300][gc,init] Periodic GC: Disabled
[2022-06-03T13:05:36.529-0300][gc,metaspace] CDS archive(s) mapped at: [0x0000000800000000-0x0000000800be0000-0x0000000800be0000), size 12451840, SharedBaseAddress: 0x0000000800000000, ArchiveRelocationMode: 0.
[2022-06-03T13:05:36.529-0300][gc,metaspace] Compressed class space mapped at: 0x0000000800c00000-0x0000000840c00000, reserved size: 1073741824
[2022-06-03T13:05:36.529-0300][gc,metaspace] Narrow klass base: 0x0000000800000000, Narrow klass shift: 0, Narrow klass range: 0x100000000
[2022-06-03T13:05:36.975-0300][gc,start    ] GC(0) Pause Young (Normal) (G1 Evacuation Pause)
[2022-06-03T13:05:36.976-0300][gc,task     ] GC(0) Using 8 workers of 8 for evacuation
[2022-06-03T13:05:36.979-0300][gc,phases   ] GC(0)   Pre Evacuate Collection Set: 0,1ms
[2022-06-03T13:05:36.980-0300][gc,phases   ] GC(0)   Merge Heap Roots: 0,0ms
[2022-06-03T13:05:36.980-0300][gc,phases   ] GC(0)   Evacuate Collection Set: 2,8ms
[2022-06-03T13:05:36.980-0300][gc,phases   ] GC(0)   Post Evacuate Collection Set: 0,4ms
[2022-06-03T13:05:36.980-0300][gc,phases   ] GC(0)   Other: 0,8ms
[2022-06-03T13:05:36.980-0300][gc,heap     ] GC(0) Eden regions: 25->0(21)
[2022-06-03T13:05:36.980-0300][gc,heap     ] GC(0) Survivor regions: 0->4(4)
[2022-06-03T13:05:36.980-0300][gc,heap     ] GC(0) Old regions: 0->4
[2022-06-03T13:05:36.980-0300][gc,heap     ] GC(0) Archive regions: 2->2
[2022-06-03T13:05:36.980-0300][gc,heap     ] GC(0) Humongous regions: 0->0
[2022-06-03T13:05:36.980-0300][gc,metaspace] GC(0) Metaspace: 7786K(8000K)->7786K(8000K) NonClass: 6953K(7040K)->6953K(7040K) Class: 832K(960K)->832K(960K)
[2022-06-03T13:05:36.980-0300][gc          ] GC(0) Pause Young (Normal) (G1 Evacuation Pause) 25M->8M(512M) 4,237ms
[2022-06-03T13:05:36.980-0300][gc,cpu      ] GC(0) User=0,01s Sys=0,01s Real=0,01s
[2022-06-03T13:06:04.153-0300][gc,heap,exit] Heap
[2022-06-03T13:06:04.153-0300][gc,heap,exit]  garbage-first heap   total 524288K, used 14896K [0x00000000e0000000, 0x0000000100000000)
[2022-06-03T13:06:04.153-0300][gc,heap,exit]   region size 1024K, 11 young (11264K), 4 survivors (4096K)
[2022-06-03T13:06:04.153-0300][gc,heap,exit]  Metaspace       used 8559K, committed 8768K, reserved 1056768K
[2022-06-03T13:06:04.153-0300][gc,heap,exit]   class space    used 910K, committed 1024K, reserved 1048576K
