[2022-06-03T13:06:05.474-0300][gc] Using G1
[2022-06-03T13:06:05.476-0300][gc,init] Version: 17.0.3+7-Ubuntu-0ubuntu0.22.04.1 (release)
[2022-06-03T13:06:05.476-0300][gc,init] CPUs: 8 total, 8 available
[2022-06-03T13:06:05.476-0300][gc,init] Memory: 11106M
[2022-06-03T13:06:05.476-0300][gc,init] Large Page Support: Disabled
[2022-06-03T13:06:05.476-0300][gc,init] NUMA Support: Disabled
[2022-06-03T13:06:05.476-0300][gc,init] Compressed Oops: Enabled (32-bit)
[2022-06-03T13:06:05.476-0300][gc,init] Heap Region Size: 1M
[2022-06-03T13:06:05.476-0300][gc,init] Heap Min Capacity: 512M
[2022-06-03T13:06:05.476-0300][gc,init] Heap Initial Capacity: 512M
[2022-06-03T13:06:05.476-0300][gc,init] Heap Max Capacity: 512M
[2022-06-03T13:06:05.476-0300][gc,init] Pre-touch: Disabled
[2022-06-03T13:06:05.476-0300][gc,init] Parallel Workers: 8
[2022-06-03T13:06:05.476-0300][gc,init] Concurrent Workers: 2
[2022-06-03T13:06:05.476-0300][gc,init] Concurrent Refinement Workers: 8
[2022-06-03T13:06:05.476-0300][gc,init] Periodic GC: Disabled
[2022-06-03T13:06:05.477-0300][gc,metaspace] CDS archive(s) mapped at: [0x0000000800000000-0x0000000800be0000-0x0000000800be0000), size 12451840, SharedBaseAddress: 0x0000000800000000, ArchiveRelocationMode: 0.
[2022-06-03T13:06:05.477-0300][gc,metaspace] Compressed class space mapped at: 0x0000000800c00000-0x0000000840c00000, reserved size: 1073741824
[2022-06-03T13:06:05.477-0300][gc,metaspace] Narrow klass base: 0x0000000800000000, Narrow klass shift: 0, Narrow klass range: 0x100000000
[2022-06-03T13:06:11.550-0300][gc,start    ] GC(0) Pause Young (Normal) (G1 Evacuation Pause)
[2022-06-03T13:06:11.551-0300][gc,task     ] GC(0) Using 8 workers of 8 for evacuation
[2022-06-03T13:06:11.557-0300][gc,phases   ] GC(0)   Pre Evacuate Collection Set: 0,1ms
[2022-06-03T13:06:11.557-0300][gc,phases   ] GC(0)   Merge Heap Roots: 0,1ms
[2022-06-03T13:06:11.557-0300][gc,phases   ] GC(0)   Evacuate Collection Set: 5,2ms
[2022-06-03T13:06:11.557-0300][gc,phases   ] GC(0)   Post Evacuate Collection Set: 0,6ms
[2022-06-03T13:06:11.557-0300][gc,phases   ] GC(0)   Other: 0,7ms
[2022-06-03T13:06:11.557-0300][gc,heap     ] GC(0) Eden regions: 25->0(21)
[2022-06-03T13:06:11.557-0300][gc,heap     ] GC(0) Survivor regions: 0->4(4)
[2022-06-03T13:06:11.557-0300][gc,heap     ] GC(0) Old regions: 0->4
[2022-06-03T13:06:11.557-0300][gc,heap     ] GC(0) Archive regions: 2->2
[2022-06-03T13:06:11.557-0300][gc,heap     ] GC(0) Humongous regions: 0->0
[2022-06-03T13:06:11.557-0300][gc,metaspace] GC(0) Metaspace: 8054K(8256K)->8054K(8256K) NonClass: 7164K(7296K)->7164K(7296K) Class: 890K(960K)->890K(960K)
[2022-06-03T13:06:11.557-0300][gc          ] GC(0) Pause Young (Normal) (G1 Evacuation Pause) 25M->8M(512M) 6,707ms
[2022-06-03T13:06:11.557-0300][gc,cpu      ] GC(0) User=0,02s Sys=0,01s Real=0,01s
[2022-06-03T13:14:23.662-0300][gc,start    ] GC(1) Pause Young (Normal) (G1 Evacuation Pause)
[2022-06-03T13:14:23.662-0300][gc,task     ] GC(1) Using 8 workers of 8 for evacuation
[2022-06-03T13:14:23.664-0300][gc,phases   ] GC(1)   Pre Evacuate Collection Set: 0,1ms
[2022-06-03T13:14:23.664-0300][gc,phases   ] GC(1)   Merge Heap Roots: 0,1ms
[2022-06-03T13:14:23.664-0300][gc,phases   ] GC(1)   Evacuate Collection Set: 1,9ms
[2022-06-03T13:14:23.664-0300][gc,phases   ] GC(1)   Post Evacuate Collection Set: 0,3ms
[2022-06-03T13:14:23.664-0300][gc,phases   ] GC(1)   Other: 0,1ms
[2022-06-03T13:14:23.664-0300][gc,heap     ] GC(1) Eden regions: 21->0(23)
[2022-06-03T13:14:23.664-0300][gc,heap     ] GC(1) Survivor regions: 4->2(4)
[2022-06-03T13:14:23.664-0300][gc,heap     ] GC(1) Old regions: 4->8
[2022-06-03T13:14:23.664-0300][gc,heap     ] GC(1) Archive regions: 2->2
[2022-06-03T13:14:23.664-0300][gc,heap     ] GC(1) Humongous regions: 0->0
[2022-06-03T13:14:23.664-0300][gc,metaspace] GC(1) Metaspace: 8973K(9152K)->8973K(9152K) NonClass: 8059K(8128K)->8059K(8128K) Class: 913K(1024K)->913K(1024K)
[2022-06-03T13:14:23.664-0300][gc          ] GC(1) Pause Young (Normal) (G1 Evacuation Pause) 29M->9M(512M) 2,473ms
[2022-06-03T13:14:23.664-0300][gc,cpu      ] GC(1) User=0,01s Sys=0,00s Real=0,01s
[2022-06-03T13:14:30.026-0300][gc,start    ] GC(2) Pause Young (Normal) (G1 Evacuation Pause)
[2022-06-03T13:14:30.026-0300][gc,task     ] GC(2) Using 8 workers of 8 for evacuation
[2022-06-03T13:14:30.027-0300][gc,phases   ] GC(2)   Pre Evacuate Collection Set: 0,1ms
[2022-06-03T13:14:30.027-0300][gc,phases   ] GC(2)   Merge Heap Roots: 0,0ms
[2022-06-03T13:14:30.027-0300][gc,phases   ] GC(2)   Evacuate Collection Set: 0,9ms
[2022-06-03T13:14:30.027-0300][gc,phases   ] GC(2)   Post Evacuate Collection Set: 0,3ms
[2022-06-03T13:14:30.027-0300][gc,phases   ] GC(2)   Other: 0,1ms
[2022-06-03T13:14:30.027-0300][gc,heap     ] GC(2) Eden regions: 23->0(24)
[2022-06-03T13:14:30.027-0300][gc,heap     ] GC(2) Survivor regions: 2->1(4)
[2022-06-03T13:14:30.027-0300][gc,heap     ] GC(2) Old regions: 8->8
[2022-06-03T13:14:30.027-0300][gc,heap     ] GC(2) Archive regions: 2->2
[2022-06-03T13:14:30.027-0300][gc,heap     ] GC(2) Humongous regions: 0->0
[2022-06-03T13:14:30.027-0300][gc,metaspace] GC(2) Metaspace: 8998K(9152K)->8998K(9152K) NonClass: 8083K(8128K)->8083K(8128K) Class: 914K(1024K)->914K(1024K)
[2022-06-03T13:14:30.028-0300][gc          ] GC(2) Pause Young (Normal) (G1 Evacuation Pause) 32M->9M(512M) 1,818ms
[2022-06-03T13:14:30.028-0300][gc,cpu      ] GC(2) User=0,01s Sys=0,00s Real=0,00s
[2022-06-03T13:15:57.474-0300][gc,start    ] GC(3) Pause Young (Normal) (G1 Evacuation Pause)
[2022-06-03T13:15:57.475-0300][gc,task     ] GC(3) Using 8 workers of 8 for evacuation
[2022-06-03T13:15:57.475-0300][gc,phases   ] GC(3)   Pre Evacuate Collection Set: 0,1ms
[2022-06-03T13:15:57.475-0300][gc,phases   ] GC(3)   Merge Heap Roots: 0,0ms
[2022-06-03T13:15:57.475-0300][gc,phases   ] GC(3)   Evacuate Collection Set: 0,6ms
[2022-06-03T13:15:57.475-0300][gc,phases   ] GC(3)   Post Evacuate Collection Set: 0,2ms
[2022-06-03T13:15:57.476-0300][gc,phases   ] GC(3)   Other: 0,1ms
[2022-06-03T13:15:57.476-0300][gc,heap     ] GC(3) Eden regions: 24->0(24)
[2022-06-03T13:15:57.476-0300][gc,heap     ] GC(3) Survivor regions: 1->1(4)
[2022-06-03T13:15:57.476-0300][gc,heap     ] GC(3) Old regions: 8->8
[2022-06-03T13:15:57.476-0300][gc,heap     ] GC(3) Archive regions: 2->2
[2022-06-03T13:15:57.476-0300][gc,heap     ] GC(3) Humongous regions: 0->0
[2022-06-03T13:15:57.476-0300][gc,metaspace] GC(3) Metaspace: 9005K(9152K)->9005K(9152K) NonClass: 8090K(8128K)->8090K(8128K) Class: 914K(1024K)->914K(1024K)
[2022-06-03T13:15:57.476-0300][gc          ] GC(3) Pause Young (Normal) (G1 Evacuation Pause) 33M->9M(512M) 1,055ms
[2022-06-03T13:15:57.476-0300][gc,cpu      ] GC(3) User=0,01s Sys=0,00s Real=0,00s
[2022-06-03T14:13:03.080-0300][gc,start    ] GC(4) Pause Young (Normal) (G1 Evacuation Pause)
[2022-06-03T14:13:03.080-0300][gc,task     ] GC(4) Using 8 workers of 8 for evacuation
[2022-06-03T14:13:03.081-0300][gc,phases   ] GC(4)   Pre Evacuate Collection Set: 0,1ms
[2022-06-03T14:13:03.081-0300][gc,phases   ] GC(4)   Merge Heap Roots: 0,0ms
[2022-06-03T14:13:03.081-0300][gc,phases   ] GC(4)   Evacuate Collection Set: 0,8ms
[2022-06-03T14:13:03.081-0300][gc,phases   ] GC(4)   Post Evacuate Collection Set: 0,2ms
[2022-06-03T14:13:03.081-0300][gc,phases   ] GC(4)   Other: 0,1ms
[2022-06-03T14:13:03.081-0300][gc,heap     ] GC(4) Eden regions: 24->0(25)
[2022-06-03T14:13:03.081-0300][gc,heap     ] GC(4) Survivor regions: 1->2(4)
[2022-06-03T14:13:03.081-0300][gc,heap     ] GC(4) Old regions: 8->8
[2022-06-03T14:13:03.081-0300][gc,heap     ] GC(4) Archive regions: 2->2
[2022-06-03T14:13:03.081-0300][gc,heap     ] GC(4) Humongous regions: 0->0
[2022-06-03T14:13:03.081-0300][gc,metaspace] GC(4) Metaspace: 9010K(9216K)->9010K(9216K) NonClass: 8096K(8192K)->8096K(8192K) Class: 914K(1024K)->914K(1024K)
[2022-06-03T14:13:03.081-0300][gc          ] GC(4) Pause Young (Normal) (G1 Evacuation Pause) 33M->9M(512M) 1,255ms
[2022-06-03T14:13:03.081-0300][gc,cpu      ] GC(4) User=0,01s Sys=0,00s Real=0,00s
[2022-06-03T14:34:32.414-0300][gc,heap,exit] Heap
[2022-06-03T14:34:32.414-0300][gc,heap,exit]  garbage-first heap   total 524288K, used 21645K [0x00000000e0000000, 0x0000000100000000)
[2022-06-03T14:34:32.414-0300][gc,heap,exit]   region size 1024K, 14 young (14336K), 2 survivors (2048K)
[2022-06-03T14:34:32.414-0300][gc,heap,exit]  Metaspace       used 9020K, committed 9216K, reserved 1064960K
[2022-06-03T14:34:32.414-0300][gc,heap,exit]   class space    used 914K, committed 1024K, reserved 1048576K
