[2022-06-02T23:23:03.188-0300][gc] Using G1
[2022-06-02T23:23:03.190-0300][gc,init] Version: 17.0.3+7-Ubuntu-0ubuntu0.22.04.1 (release)
[2022-06-02T23:23:03.190-0300][gc,init] CPUs: 8 total, 8 available
[2022-06-02T23:23:03.190-0300][gc,init] Memory: 11106M
[2022-06-02T23:23:03.190-0300][gc,init] Large Page Support: Disabled
[2022-06-02T23:23:03.190-0300][gc,init] NUMA Support: Disabled
[2022-06-02T23:23:03.190-0300][gc,init] Compressed Oops: Enabled (32-bit)
[2022-06-02T23:23:03.190-0300][gc,init] Heap Region Size: 1M
[2022-06-02T23:23:03.190-0300][gc,init] Heap Min Capacity: 512M
[2022-06-02T23:23:03.190-0300][gc,init] Heap Initial Capacity: 512M
[2022-06-02T23:23:03.190-0300][gc,init] Heap Max Capacity: 512M
[2022-06-02T23:23:03.190-0300][gc,init] Pre-touch: Disabled
[2022-06-02T23:23:03.190-0300][gc,init] Parallel Workers: 8
[2022-06-02T23:23:03.190-0300][gc,init] Concurrent Workers: 2
[2022-06-02T23:23:03.190-0300][gc,init] Concurrent Refinement Workers: 8
[2022-06-02T23:23:03.190-0300][gc,init] Periodic GC: Disabled
[2022-06-02T23:23:03.190-0300][gc,metaspace] CDS archive(s) mapped at: [0x0000000800000000-0x0000000800be0000-0x0000000800be0000), size 12451840, SharedBaseAddress: 0x0000000800000000, ArchiveRelocationMode: 0.
[2022-06-02T23:23:03.190-0300][gc,metaspace] Compressed class space mapped at: 0x0000000800c00000-0x0000000840c00000, reserved size: 1073741824
[2022-06-02T23:23:03.190-0300][gc,metaspace] Narrow klass base: 0x0000000800000000, Narrow klass shift: 0, Narrow klass range: 0x100000000
[2022-06-02T23:23:05.295-0300][gc,start    ] GC(0) Pause Young (Normal) (G1 Evacuation Pause)
[2022-06-02T23:23:05.297-0300][gc,task     ] GC(0) Using 8 workers of 8 for evacuation
[2022-06-02T23:23:05.311-0300][gc,phases   ] GC(0)   Pre Evacuate Collection Set: 0,1ms
[2022-06-02T23:23:05.311-0300][gc,phases   ] GC(0)   Merge Heap Roots: 0,1ms
[2022-06-02T23:23:05.311-0300][gc,phases   ] GC(0)   Evacuate Collection Set: 12,1ms
[2022-06-02T23:23:05.311-0300][gc,phases   ] GC(0)   Post Evacuate Collection Set: 1,1ms
[2022-06-02T23:23:05.311-0300][gc,phases   ] GC(0)   Other: 2,1ms
[2022-06-02T23:23:05.311-0300][gc,heap     ] GC(0) Eden regions: 25->0(21)
[2022-06-02T23:23:05.311-0300][gc,heap     ] GC(0) Survivor regions: 0->4(4)
[2022-06-02T23:23:05.311-0300][gc,heap     ] GC(0) Old regions: 0->4
[2022-06-02T23:23:05.311-0300][gc,heap     ] GC(0) Archive regions: 2->2
[2022-06-02T23:23:05.311-0300][gc,heap     ] GC(0) Humongous regions: 0->0
[2022-06-02T23:23:05.311-0300][gc,metaspace] GC(0) Metaspace: 7873K(8064K)->7873K(8064K) NonClass: 7009K(7104K)->7009K(7104K) Class: 864K(960K)->864K(960K)
[2022-06-02T23:23:05.311-0300][gc          ] GC(0) Pause Young (Normal) (G1 Evacuation Pause) 25M->8M(512M) 15,618ms
[2022-06-02T23:23:05.311-0300][gc,cpu      ] GC(0) User=0,02s Sys=0,00s Real=0,01s
[2022-06-03T00:00:50.621-0300][gc,heap,exit] Heap
[2022-06-03T00:00:50.621-0300][gc,heap,exit]  garbage-first heap   total 524288K, used 15840K [0x00000000e0000000, 0x0000000100000000)
[2022-06-03T00:00:50.621-0300][gc,heap,exit]   region size 1024K, 12 young (12288K), 4 survivors (4096K)
[2022-06-03T00:00:50.621-0300][gc,heap,exit]  Metaspace       used 8757K, committed 8960K, reserved 1064960K
[2022-06-03T00:00:50.621-0300][gc,heap,exit]   class space    used 915K, committed 1024K, reserved 1048576K
