[2022-06-03T21:20:16.430-0300][gc] Using G1
[2022-06-03T21:20:16.433-0300][gc,init] Version: 17.0.3+7-Ubuntu-0ubuntu0.22.04.1 (release)
[2022-06-03T21:20:16.433-0300][gc,init] CPUs: 8 total, 8 available
[2022-06-03T21:20:16.433-0300][gc,init] Memory: 11106M
[2022-06-03T21:20:16.433-0300][gc,init] Large Page Support: Disabled
[2022-06-03T21:20:16.433-0300][gc,init] NUMA Support: Disabled
[2022-06-03T21:20:16.433-0300][gc,init] Compressed Oops: Enabled (32-bit)
[2022-06-03T21:20:16.433-0300][gc,init] Heap Region Size: 1M
[2022-06-03T21:20:16.433-0300][gc,init] Heap Min Capacity: 512M
[2022-06-03T21:20:16.434-0300][gc,init] Heap Initial Capacity: 512M
[2022-06-03T21:20:16.434-0300][gc,init] Heap Max Capacity: 512M
[2022-06-03T21:20:16.434-0300][gc,init] Pre-touch: Disabled
[2022-06-03T21:20:16.434-0300][gc,init] Parallel Workers: 8
[2022-06-03T21:20:16.434-0300][gc,init] Concurrent Workers: 2
[2022-06-03T21:20:16.434-0300][gc,init] Concurrent Refinement Workers: 8
[2022-06-03T21:20:16.434-0300][gc,init] Periodic GC: Disabled
[2022-06-03T21:20:16.434-0300][gc,metaspace] CDS archive(s) mapped at: [0x0000000800000000-0x0000000800be0000-0x0000000800be0000), size 12451840, SharedBaseAddress: 0x0000000800000000, ArchiveRelocationMode: 0.
[2022-06-03T21:20:16.434-0300][gc,metaspace] Compressed class space mapped at: 0x0000000800c00000-0x0000000840c00000, reserved size: 1073741824
[2022-06-03T21:20:16.434-0300][gc,metaspace] Narrow klass base: 0x0000000800000000, Narrow klass shift: 0, Narrow klass range: 0x100000000
[2022-06-03T21:20:17.032-0300][gc,start    ] GC(0) Pause Young (Normal) (G1 Evacuation Pause)
[2022-06-03T21:20:17.032-0300][gc,task     ] GC(0) Using 8 workers of 8 for evacuation
[2022-06-03T21:20:17.037-0300][gc,phases   ] GC(0)   Pre Evacuate Collection Set: 0,1ms
[2022-06-03T21:20:17.037-0300][gc,phases   ] GC(0)   Merge Heap Roots: 0,0ms
[2022-06-03T21:20:17.037-0300][gc,phases   ] GC(0)   Evacuate Collection Set: 4,1ms
[2022-06-03T21:20:17.037-0300][gc,phases   ] GC(0)   Post Evacuate Collection Set: 0,4ms
[2022-06-03T21:20:17.037-0300][gc,phases   ] GC(0)   Other: 0,6ms
[2022-06-03T21:20:17.037-0300][gc,heap     ] GC(0) Eden regions: 25->0(21)
[2022-06-03T21:20:17.037-0300][gc,heap     ] GC(0) Survivor regions: 0->4(4)
[2022-06-03T21:20:17.037-0300][gc,heap     ] GC(0) Old regions: 0->4
[2022-06-03T21:20:17.037-0300][gc,heap     ] GC(0) Archive regions: 2->2
[2022-06-03T21:20:17.037-0300][gc,heap     ] GC(0) Humongous regions: 0->0
[2022-06-03T21:20:17.037-0300][gc,metaspace] GC(0) Metaspace: 7643K(7808K)->7643K(7808K) NonClass: 6832K(6912K)->6832K(6912K) Class: 811K(896K)->811K(896K)
[2022-06-03T21:20:17.037-0300][gc          ] GC(0) Pause Young (Normal) (G1 Evacuation Pause) 25M->8M(512M) 5,269ms
[2022-06-03T21:20:17.037-0300][gc,cpu      ] GC(0) User=0,01s Sys=0,01s Real=0,00s
[2022-06-03T21:33:01.633-0300][gc,start    ] GC(1) Pause Young (Normal) (G1 Evacuation Pause)
[2022-06-03T21:33:01.633-0300][gc,task     ] GC(1) Using 8 workers of 8 for evacuation
[2022-06-03T21:33:01.637-0300][gc,phases   ] GC(1)   Pre Evacuate Collection Set: 0,1ms
[2022-06-03T21:33:01.637-0300][gc,phases   ] GC(1)   Merge Heap Roots: 0,1ms
[2022-06-03T21:33:01.637-0300][gc,phases   ] GC(1)   Evacuate Collection Set: 3,7ms
[2022-06-03T21:33:01.637-0300][gc,phases   ] GC(1)   Post Evacuate Collection Set: 0,3ms
[2022-06-03T21:33:01.637-0300][gc,phases   ] GC(1)   Other: 0,1ms
[2022-06-03T21:33:01.637-0300][gc,heap     ] GC(1) Eden regions: 21->0(24)
[2022-06-03T21:33:01.637-0300][gc,heap     ] GC(1) Survivor regions: 4->1(4)
[2022-06-03T21:33:01.637-0300][gc,heap     ] GC(1) Old regions: 4->8
[2022-06-03T21:33:01.637-0300][gc,heap     ] GC(1) Archive regions: 2->2
[2022-06-03T21:33:01.637-0300][gc,heap     ] GC(1) Humongous regions: 0->0
[2022-06-03T21:33:01.637-0300][gc,metaspace] GC(1) Metaspace: 8726K(8960K)->8726K(8960K) NonClass: 7812K(7936K)->7812K(7936K) Class: 914K(1024K)->914K(1024K)
[2022-06-03T21:33:01.637-0300][gc          ] GC(1) Pause Young (Normal) (G1 Evacuation Pause) 29M->9M(512M) 4,242ms
[2022-06-03T21:33:01.637-0300][gc,cpu      ] GC(1) User=0,02s Sys=0,01s Real=0,00s
[2022-06-03T21:35:42.773-0300][gc,start    ] GC(2) Pause Young (Normal) (G1 Evacuation Pause)
[2022-06-03T21:35:42.773-0300][gc,task     ] GC(2) Using 8 workers of 8 for evacuation
[2022-06-03T21:35:42.774-0300][gc,phases   ] GC(2)   Pre Evacuate Collection Set: 0,1ms
[2022-06-03T21:35:42.774-0300][gc,phases   ] GC(2)   Merge Heap Roots: 0,0ms
[2022-06-03T21:35:42.774-0300][gc,phases   ] GC(2)   Evacuate Collection Set: 0,6ms
[2022-06-03T21:35:42.774-0300][gc,phases   ] GC(2)   Post Evacuate Collection Set: 0,3ms
[2022-06-03T21:35:42.774-0300][gc,phases   ] GC(2)   Other: 0,1ms
[2022-06-03T21:35:42.774-0300][gc,heap     ] GC(2) Eden regions: 24->0(23)
[2022-06-03T21:35:42.774-0300][gc,heap     ] GC(2) Survivor regions: 1->2(4)
[2022-06-03T21:35:42.774-0300][gc,heap     ] GC(2) Old regions: 8->8
[2022-06-03T21:35:42.774-0300][gc,heap     ] GC(2) Archive regions: 2->2
[2022-06-03T21:35:42.774-0300][gc,heap     ] GC(2) Humongous regions: 0->0
[2022-06-03T21:35:42.774-0300][gc,metaspace] GC(2) Metaspace: 9003K(9152K)->9003K(9152K) NonClass: 8089K(8128K)->8089K(8128K) Class: 914K(1024K)->914K(1024K)
[2022-06-03T21:35:42.774-0300][gc          ] GC(2) Pause Young (Normal) (G1 Evacuation Pause) 33M->9M(512M) 1,203ms
[2022-06-03T21:35:42.774-0300][gc,cpu      ] GC(2) User=0,00s Sys=0,00s Real=0,00s
[2022-06-03T22:35:00.518-0300][gc,start    ] GC(3) Pause Young (Normal) (G1 Evacuation Pause)
[2022-06-03T22:35:00.518-0300][gc,task     ] GC(3) Using 8 workers of 8 for evacuation
[2022-06-03T22:35:00.519-0300][gc,phases   ] GC(3)   Pre Evacuate Collection Set: 0,1ms
[2022-06-03T22:35:00.519-0300][gc,phases   ] GC(3)   Merge Heap Roots: 0,0ms
[2022-06-03T22:35:00.519-0300][gc,phases   ] GC(3)   Evacuate Collection Set: 0,7ms
[2022-06-03T22:35:00.519-0300][gc,phases   ] GC(3)   Post Evacuate Collection Set: 0,3ms
[2022-06-03T22:35:00.519-0300][gc,phases   ] GC(3)   Other: 0,1ms
[2022-06-03T22:35:00.519-0300][gc,heap     ] GC(3) Eden regions: 23->0(23)
[2022-06-03T22:35:00.519-0300][gc,heap     ] GC(3) Survivor regions: 2->2(4)
[2022-06-03T22:35:00.519-0300][gc,heap     ] GC(3) Old regions: 8->8
[2022-06-03T22:35:00.519-0300][gc,heap     ] GC(3) Archive regions: 2->2
[2022-06-03T22:35:00.519-0300][gc,heap     ] GC(3) Humongous regions: 0->0
[2022-06-03T22:35:00.519-0300][gc,metaspace] GC(3) Metaspace: 9012K(9216K)->9012K(9216K) NonClass: 8097K(8192K)->8097K(8192K) Class: 914K(1024K)->914K(1024K)
[2022-06-03T22:35:00.519-0300][gc          ] GC(3) Pause Young (Normal) (G1 Evacuation Pause) 32M->9M(512M) 1,231ms
[2022-06-03T22:35:00.519-0300][gc,cpu      ] GC(3) User=0,00s Sys=0,00s Real=0,01s
[2022-06-03T22:41:38.041-0300][gc,start    ] GC(4) Pause Young (Normal) (G1 Evacuation Pause)
[2022-06-03T22:41:38.041-0300][gc,task     ] GC(4) Using 8 workers of 8 for evacuation
[2022-06-03T22:41:38.043-0300][gc,phases   ] GC(4)   Pre Evacuate Collection Set: 0,1ms
[2022-06-03T22:41:38.043-0300][gc,phases   ] GC(4)   Merge Heap Roots: 0,0ms
[2022-06-03T22:41:38.043-0300][gc,phases   ] GC(4)   Evacuate Collection Set: 1,6ms
[2022-06-03T22:41:38.043-0300][gc,phases   ] GC(4)   Post Evacuate Collection Set: 0,3ms
[2022-06-03T22:41:38.043-0300][gc,phases   ] GC(4)   Other: 0,1ms
[2022-06-03T22:41:38.043-0300][gc,heap     ] GC(4) Eden regions: 23->0(25)
[2022-06-03T22:41:38.043-0300][gc,heap     ] GC(4) Survivor regions: 2->2(4)
[2022-06-03T22:41:38.043-0300][gc,heap     ] GC(4) Old regions: 8->8
[2022-06-03T22:41:38.043-0300][gc,heap     ] GC(4) Archive regions: 2->2
[2022-06-03T22:41:38.043-0300][gc,heap     ] GC(4) Humongous regions: 0->0
[2022-06-03T22:41:38.043-0300][gc,metaspace] GC(4) Metaspace: 9019K(9216K)->9019K(9216K) NonClass: 8104K(8192K)->8104K(8192K) Class: 914K(1024K)->914K(1024K)
[2022-06-03T22:41:38.043-0300][gc          ] GC(4) Pause Young (Normal) (G1 Evacuation Pause) 32M->9M(512M) 2,255ms
[2022-06-03T22:41:38.043-0300][gc,cpu      ] GC(4) User=0,00s Sys=0,01s Real=0,00s
[2022-06-03T22:44:10.781-0300][gc,start    ] GC(5) Pause Young (Normal) (G1 Evacuation Pause)
[2022-06-03T22:44:10.781-0300][gc,task     ] GC(5) Using 8 workers of 8 for evacuation
[2022-06-03T22:44:10.783-0300][gc,phases   ] GC(5)   Pre Evacuate Collection Set: 0,1ms
[2022-06-03T22:44:10.783-0300][gc,phases   ] GC(5)   Merge Heap Roots: 0,1ms
[2022-06-03T22:44:10.783-0300][gc,phases   ] GC(5)   Evacuate Collection Set: 1,2ms
[2022-06-03T22:44:10.783-0300][gc,phases   ] GC(5)   Post Evacuate Collection Set: 0,4ms
[2022-06-03T22:44:10.783-0300][gc,phases   ] GC(5)   Other: 0,2ms
[2022-06-03T22:44:10.783-0300][gc,heap     ] GC(5) Eden regions: 25->0(48)
[2022-06-03T22:44:10.783-0300][gc,heap     ] GC(5) Survivor regions: 2->1(4)
[2022-06-03T22:44:10.783-0300][gc,heap     ] GC(5) Old regions: 8->8
[2022-06-03T22:44:10.783-0300][gc,heap     ] GC(5) Archive regions: 2->2
[2022-06-03T22:44:10.783-0300][gc,heap     ] GC(5) Humongous regions: 0->0
[2022-06-03T22:44:10.783-0300][gc,metaspace] GC(5) Metaspace: 9019K(9216K)->9019K(9216K) NonClass: 8104K(8192K)->8104K(8192K) Class: 914K(1024K)->914K(1024K)
[2022-06-03T22:44:10.783-0300][gc          ] GC(5) Pause Young (Normal) (G1 Evacuation Pause) 34M->9M(512M) 1,934ms
[2022-06-03T22:44:10.783-0300][gc,cpu      ] GC(5) User=0,01s Sys=0,00s Real=0,00s
[2022-06-03T22:52:43.460-0300][gc,heap,exit] Heap
[2022-06-03T22:52:43.460-0300][gc,heap,exit]  garbage-first heap   total 524288K, used 52556K [0x00000000e0000000, 0x0000000100000000)
[2022-06-03T22:52:43.460-0300][gc,heap,exit]   region size 1024K, 44 young (45056K), 1 survivors (1024K)
[2022-06-03T22:52:43.460-0300][gc,heap,exit]  Metaspace       used 9028K, committed 9280K, reserved 1064960K
[2022-06-03T22:52:43.460-0300][gc,heap,exit]   class space    used 915K, committed 1024K, reserved 1048576K
